Component: ARM Compiler 5.06 update 7 (build 960) Tool: armlink [4d3601]

==============================================================================

Section Cross References

    startup_stm32f103xg.o(STACK) refers (Special) to heapauxi.o(.text) for __use_two_region_memory
    startup_stm32f103xg.o(HEAP) refers (Special) to heapauxi.o(.text) for __use_two_region_memory
    startup_stm32f103xg.o(RESET) refers (Special) to heapauxi.o(.text) for __use_two_region_memory
    startup_stm32f103xg.o(RESET) refers to startup_stm32f103xg.o(STACK) for __initial_sp
    startup_stm32f103xg.o(RESET) refers to startup_stm32f103xg.o(.text) for Reset_Handler
    startup_stm32f103xg.o(RESET) refers to stm32f1xx_it.o(i.NMI_Handler) for NMI_Handler
    startup_stm32f103xg.o(RESET) refers to stm32f1xx_it.o(i.HardFault_Handler) for HardFault_Handler
    startup_stm32f103xg.o(RESET) refers to stm32f1xx_it.o(i.MemManage_Handler) for MemManage_Handler
    startup_stm32f103xg.o(RESET) refers to stm32f1xx_it.o(i.BusFault_Handler) for BusFault_Handler
    startup_stm32f103xg.o(RESET) refers to stm32f1xx_it.o(i.UsageFault_Handler) for UsageFault_Handler
    startup_stm32f103xg.o(RESET) refers to stm32f1xx_it.o(i.SVC_Handler) for SVC_Handler
    startup_stm32f103xg.o(RESET) refers to stm32f1xx_it.o(i.DebugMon_Handler) for DebugMon_Handler
    startup_stm32f103xg.o(RESET) refers to stm32f1xx_it.o(i.PendSV_Handler) for PendSV_Handler
    startup_stm32f103xg.o(RESET) refers to stm32f1xx_it.o(i.SysTick_Handler) for SysTick_Handler
    startup_stm32f103xg.o(.text) refers (Special) to heapauxi.o(.text) for __use_two_region_memory
    startup_stm32f103xg.o(.text) refers to system_stm32f1xx.o(i.SystemInit) for SystemInit
    startup_stm32f103xg.o(.text) refers to __main.o(!!!main) for __main
    startup_stm32f103xg.o(.text) refers to startup_stm32f103xg.o(HEAP) for Heap_Mem
    startup_stm32f103xg.o(.text) refers to startup_stm32f103xg.o(STACK) for Stack_Mem
    main.o(i.LED1_OFF) refers to stm32f1xx_hal_gpio.o(i.HAL_GPIO_WritePin) for HAL_GPIO_WritePin
    main.o(i.LED1_ON) refers to stm32f1xx_hal_gpio.o(i.HAL_GPIO_WritePin) for HAL_GPIO_WritePin
    main.o(i.LED1_Toggle) refers to stm32f1xx_hal_gpio.o(i.HAL_GPIO_TogglePin) for HAL_GPIO_TogglePin
    main.o(i.LED2_OFF) refers to stm32f1xx_hal_gpio.o(i.HAL_GPIO_WritePin) for HAL_GPIO_WritePin
    main.o(i.LED2_ON) refers to stm32f1xx_hal_gpio.o(i.HAL_GPIO_WritePin) for HAL_GPIO_WritePin
    main.o(i.LED2_Toggle) refers to stm32f1xx_hal_gpio.o(i.HAL_GPIO_TogglePin) for HAL_GPIO_TogglePin
    main.o(i.MX_GPIO_Init) refers to stm32f1xx_hal_gpio.o(i.HAL_GPIO_WritePin) for HAL_GPIO_WritePin
    main.o(i.MX_GPIO_Init) refers to stm32f1xx_hal_gpio.o(i.HAL_GPIO_Init) for HAL_GPIO_Init
    main.o(i.MX_RTC_Init) refers to stm32f1xx_hal_rtc.o(i.HAL_RTC_Init) for HAL_RTC_Init
    main.o(i.MX_RTC_Init) refers to main.o(i.Error_Handler) for Error_Handler
    main.o(i.MX_RTC_Init) refers to stm32f1xx_hal_rtc.o(i.HAL_RTC_SetTime) for HAL_RTC_SetTime
    main.o(i.MX_RTC_Init) refers to stm32f1xx_hal_rtc.o(i.HAL_RTC_SetDate) for HAL_RTC_SetDate
    main.o(i.MX_RTC_Init) refers to main.o(.bss) for hrtc
    main.o(i.MX_TIM3_Init) refers to stm32f1xx_hal_tim.o(i.HAL_TIM_Base_Init) for HAL_TIM_Base_Init
    main.o(i.MX_TIM3_Init) refers to main.o(i.Error_Handler) for Error_Handler
    main.o(i.MX_TIM3_Init) refers to stm32f1xx_hal_tim.o(i.HAL_TIM_ConfigClockSource) for HAL_TIM_ConfigClockSource
    main.o(i.MX_TIM3_Init) refers to stm32f1xx_hal_tim_ex.o(i.HAL_TIMEx_MasterConfigSynchronization) for HAL_TIMEx_MasterConfigSynchronization
    main.o(i.MX_TIM3_Init) refers to main.o(.bss) for htim3
    main.o(i.MX_TIM4_Init) refers to rt_memclr_w.o(.text) for __aeabi_memclr4
    main.o(i.MX_TIM4_Init) refers to stm32f1xx_hal_tim.o(i.HAL_TIM_Encoder_Init) for HAL_TIM_Encoder_Init
    main.o(i.MX_TIM4_Init) refers to main.o(i.Error_Handler) for Error_Handler
    main.o(i.MX_TIM4_Init) refers to stm32f1xx_hal_tim_ex.o(i.HAL_TIMEx_MasterConfigSynchronization) for HAL_TIMEx_MasterConfigSynchronization
    main.o(i.MX_TIM4_Init) refers to main.o(.bss) for htim4
    main.o(i.MX_TIM4_Init) refers to buttons.o(.data) for Encoder
    main.o(i.SystemClock_Config) refers to rt_memclr_w.o(.text) for __aeabi_memclr4
    main.o(i.SystemClock_Config) refers to stm32f1xx_hal_rcc.o(i.HAL_RCC_OscConfig) for HAL_RCC_OscConfig
    main.o(i.SystemClock_Config) refers to main.o(i.Error_Handler) for Error_Handler
    main.o(i.SystemClock_Config) refers to stm32f1xx_hal_rcc.o(i.HAL_RCC_ClockConfig) for HAL_RCC_ClockConfig
    main.o(i.SystemClock_Config) refers to stm32f1xx_hal_rcc_ex.o(i.HAL_RCCEx_PeriphCLKConfig) for HAL_RCCEx_PeriphCLKConfig
    main.o(i.main) refers to stm32f1xx_hal.o(i.HAL_Init) for HAL_Init
    main.o(i.main) refers to main.o(i.SystemClock_Config) for SystemClock_Config
    main.o(i.main) refers to main.o(i.MX_GPIO_Init) for MX_GPIO_Init
    main.o(i.main) refers to main.o(i.MX_TIM3_Init) for MX_TIM3_Init
[...]
    ..\\Core\\Src\\Parametrs.c               0x00000000   Number         0  parametrs.o ABSOLUTE
    ..\\Drivers\\STM32F1xx_HAL_Driver\\Src\\stm32f1xx_hal_rtc.c 0x00000000   Number         0  stm32f1xx_hal_rtc.o ABSOLUTE
    ..\\Drivers\\STM32F1xx_HAL_Driver\\Src\\stm32f1xx_hal_rtc_ex.c 0x00000000   Number         0  stm32f1xx_hal_rtc_ex.o ABSOLUTE
    dc.s                                     0x00000000   Number         0  dc.o ABSOLUTE
    startup_stm32f103xg.s                    0x00000000   Number         0  startup_stm32f103xg.o ABSOLUTE
    RESET                                    0x08000000   Section      304  startup_stm32f103xg.o(RESET)
    !!!main                                  0x08000130   Section        8  __main.o(!!!main)
    !!!scatter                               0x08000138   Section       52  __scatter.o(!!!scatter)
    !!dczerorl2                              0x0800016c   Section       90  __dczerorl2.o(!!dczerorl2)
    !!handler_zi                             0x080001c8   Section       28  __scatter_zi.o(!!handler_zi)
    .ARM.Collect$$libinit$$00000000          0x080001e4   Section        2  libinit.o(.ARM.Collect$$libinit$$00000000)
    .ARM.Collect$$libinit$$00000002          0x080001e6   Section        0  libinit2.o(.ARM.Collect$$libinit$$00000002)
    .ARM.Collect$$libinit$$00000004          0x080001e6   Section        0  libinit2.o(.ARM.Collect$$libinit$$00000004)
    .ARM.Collect$$libinit$$0000000A          0x080001e6   Section        0  libinit2.o(.ARM.Collect$$libinit$$0000000A)
    .ARM.Collect$$libinit$$0000000C          0x080001e6   Section        0  libinit2.o(.ARM.Collect$$libinit$$0000000C)
    .ARM.Collect$$libinit$$0000000E          0x080001e6   Section        0  libinit2.o(.ARM.Collect$$libinit$$0000000E)
    .ARM.Collect$$libinit$$00000011          0x080001e6   Section        0  libinit2.o(.ARM.Collect$$libinit$$00000011)
    .ARM.Collect$$libinit$$00000013          0x080001e6   Section        0  libinit2.o(.ARM.Collect$$libinit$$00000013)
    .ARM.Collect$$libinit$$00000015          0x080001e6   Section        0  libinit2.o(.ARM.Collect$$libinit$$00000015)
    .ARM.Collect$$libinit$$00000017          0x080001e6   Section        0  libinit2.o(.ARM.Collect$$libinit$$00000017)
    .ARM.Collect$$libinit$$00000019          0x080001e6   Section        0  libinit2.o(.ARM.Collect$$libinit$$00000019)
    .ARM.Collect$$libinit$$0000001B          0x080001e6   Section        0  libinit2.o(.ARM.Collect$$libinit$$0000001B)
    .ARM.Collect$$libinit$$0000001D          0x080001e6   Section        0  libinit2.o(.ARM.Collect$$libinit$$0000001D)
    .ARM.Collect$$libinit$$0000001F          0x080001e6   Section        0  libinit2.o(.ARM.Collect$$libinit$$0000001F)
    .ARM.Collect$$libinit$$00000021          0x080001e6   Section        0  libinit2.o(.ARM.Collect$$libinit$$00000021)
    .ARM.Collect$$libinit$$00000023          0x080001e6   Section        0  libinit2.o(.ARM.Collect$$libinit$$00000023)
    .ARM.Collect$$libinit$$00000025          0x080001e6   Section        0  libinit2.o(.ARM.Collect$$libinit$$00000025)
    .ARM.Collect$$libinit$$0000002C          0x080001e6   Section        0  libinit2.o(.ARM.Collect$$libinit$$0000002C)
    .ARM.Collect$$libinit$$0000002E          0x080001e6   Section        0  libinit2.o(.ARM.Collect$$libinit$$0000002E)
    .ARM.Collect$$libinit$$00000030          0x080001e6   Section        0  libinit2.o(.ARM.Collect$$libinit$$00000030)
    .ARM.Collect$$libinit$$00000032          0x080001e6   Section        0  libinit2.o(.ARM.Collect$$libinit$$00000032)
    .ARM.Collect$$libinit$$00000033          0x080001e6   Section        2  libinit2.o(.ARM.Collect$$libinit$$00000033)
    .ARM.Collect$$libshutdown$$00000000      0x080001e8   Section        2  libshutdown.o(.ARM.Collect$$libshutdown$$00000000)
    .ARM.Collect$$libshutdown$$00000002      0x080001ea   Section        0  libshutdown2.o(.ARM.Collect$$libshutdown$$00000002)
    .ARM.Collect$$libshutdown$$00000004      0x080001ea   Section        0  libshutdown2.o(.ARM.Collect$$libshutdown$$00000004)
    .ARM.Collect$$libshutdown$$00000006      0x080001ea   Section        0  libshutdown2.o(.ARM.Collect$$libshutdown$$00000006)
    .ARM.Collect$$libshutdown$$00000009      0x080001ea   Section        0  libshutdown2.o(.ARM.Collect$$libshutdown$$00000009)
    .ARM.Collect$$libshutdown$$0000000C      0x080001ea   Section        0  libshutdown2.o(.ARM.Collect$$libshutdown$$0000000C)
    .ARM.Collect$$libshutdown$$0000000E      0x080001ea   Section        0  libshutdown2.o(.ARM.Collect$$libshutdown$$0000000E)
    .ARM.Collect$$libshutdown$$00000011      0x080001ea   Section        0  libshutdown2.o(.ARM.Collect$$libshutdown$$00000011)
    .ARM.Collect$$libshutdown$$00000012      0x080001ea   Section        2  libshutdown2.o(.ARM.Collect$$libshutdown$$00000012)
    .ARM.Collect$$rtentry$$00000000          0x080001ec   Section        0  __rtentry.o(.ARM.Collect$$rtentry$$00000000)
    .ARM.Collect$$rtentry$$00000002          0x080001ec   Section        0  __rtentry2.o(.ARM.Collect$$rtentry$$00000002)
    .ARM.Collect$$rtentry$$00000004          0x080001ec   Section        6  __rtentry4.o(.ARM.Collect$$rtentry$$00000004)
    .ARM.Collect$$rtentry$$00000009          0x080001f2   Section        0  __rtentry2.o(.ARM.Collect$$rtentry$$00000009)
    .ARM.Collect$$rtentry$$0000000A          0x080001f2   Section        4  __rtentry2.o(.ARM.Collect$$rtentry$$0000000A)
    .ARM.Collect$$rtentry$$0000000C          0x080001f6   Section        0  __rtentry2.o(.ARM.Collect$$rtentry$$0000000C)
    .ARM.Collect$$rtentry$$0000000D          0x080001f6   Section        8  __rtentry2.o(.ARM.Collect$$rtentry$$0000000D)
    .ARM.Collect$$rtexit$$00000000           0x080001fe   Section        2  rtexit.o(.ARM.Collect$$rtexit$$00000000)
    .ARM.Collect$$rtexit$$00000002           0x08000200   Section        0  rtexit2.o(.ARM.Collect$$rtexit$$00000002)
    .ARM.Collect$$rtexit$$00000003           0x08000200   Section        4  rtexit2.o(.ARM.Collect$$rtexit$$00000003)
    .ARM.Collect$$rtexit$$00000004           0x08000204   Section        6  rtexit2.o(.ARM.Collect$$rtexit$$00000004)
    .text                                    0x0800020c   Section       64  startup_stm32f103xg.o(.text)
    .text                                    0x0800024c   Section       78  rt_memclr_w.o(.text)
    .text                                    0x0800029a   Section        0  heapauxi.o(.text)
    .text                                    0x080002a0   Section       74  sys_stackheap_outer.o(.text)
    .text                                    0x080002ea   Section        0  exit.o(.text)
    .text                                    0x080002fc   Section        8  libspace.o(.text)
    .text                                    0x08000304   Section        0  sys_exit.o(.text)
    .text                                    0x08000310   Section        2  use_no_semi.o(.text)
    .text                                    0x08000312   Section        0  indicate_semi.o(.text)
    i.Add_event                              0x08000314   Section        0  events.o(i.Add_event)
    i.BusFault_Handler                       0x080003b0   Section        0  stm32f1xx_it.o(i.BusFault_Handler)
    i.Buttons_control                        0x080003b4   Section        0  buttons.o(i.Buttons_control)
    i.DebugMon_Handler                       0x080004bc   Section        0  stm32f1xx_it.o(i.DebugMon_Handler)
    i.Encoder_control                        0x080004c0   Section        0  buttons.o(i.Encoder_control)
    i.Error_Handler                          0x08000564   Section        0  main.o(i.Error_Handler)
    i.Events_init                            0x0800056c   Section        0  events.o(i.Events_init)
    i.HAL_Delay                              0x08000600   Section        0  stm32f1xx_hal.o(i.HAL_Delay)
    i.HAL_GPIO_Init                          0x08000628   Section        0  stm32f1xx_hal_gpio.o(i.HAL_GPIO_Init)
    i.HAL_GPIO_ReadPin                       0x08000968   Section        0  stm32f1xx_hal_gpio.o(i.HAL_GPIO_ReadPin)
    i.HAL_GPIO_TogglePin                     0x08000978   Section        0  stm32f1xx_hal_gpio.o(i.HAL_GPIO_TogglePin)
    i.HAL_GPIO_WritePin                      0x0800098c   Section        0  stm32f1xx_hal_gpio.o(i.HAL_GPIO_WritePin)
    i.HAL_GetTick                            0x08000998   Section        0  stm32f1xx_hal.o(i.HAL_GetTick)
    i.HAL_IncTick                            0x080009a4   Section        0  stm32f1xx_hal.o(i.HAL_IncTick)
    i.HAL_Init                               0x080009bc   Section        0  stm32f1xx_hal.o(i.HAL_Init)
    i.HAL_InitTick                           0x080009e4   Section        0  stm32f1xx_hal.o(i.HAL_InitTick)
    i.HAL_MspInit                            0x08000a30   Section        0  stm32f1xx_hal_msp.o(i.HAL_MspInit)
    i.HAL_NVIC_SetPriority                   0x08000a84   Section        0  stm32f1xx_hal_cortex.o(i.HAL_NVIC_SetPriority)
    i.HAL_NVIC_SetPriorityGrouping           0x08000b00   Section        0  stm32f1xx_hal_cortex.o(i.HAL_NVIC_SetPriorityGrouping)
    i.HAL_PWR_EnableBkUpAccess               0x08000b28   Section        0  stm32f1xx_hal_pwr.o(i.HAL_PWR_EnableBkUpAccess)
    i.HAL_RCCEx_GetPeriphCLKFreq             0x08000b34   Section        0  stm32f1xx_hal_rcc_ex.o(i.HAL_RCCEx_GetPeriphCLKFreq)
    i.HAL_RCCEx_PeriphCLKConfig              0x08000c50   Section        0  stm32f1xx_hal_rcc_ex.o(i.HAL_RCCEx_PeriphCLKConfig)
    i.HAL_RCC_ClockConfig                    0x08000d80   Section        0  stm32f1xx_hal_rcc.o(i.HAL_RCC_ClockConfig)
    i.HAL_RCC_GetHCLKFreq                    0x08000f0c   Section        0  stm32f1xx_hal_rcc.o(i.HAL_RCC_GetHCLKFreq)
    i.HAL_RCC_GetPCLK2Freq                   0x08000f18   Section        0  stm32f1xx_hal_rcc.o(i.HAL_RCC_GetPCLK2Freq)
    i.HAL_RCC_GetSysClockFreq                0x08000f38   Section        0  stm32f1xx_hal_rcc.o(i.HAL_RCC_GetSysClockFreq)
    i.HAL_RCC_OscConfig                      0x08000fac   Section        0  stm32f1xx_hal_rcc.o(i.HAL_RCC_OscConfig)
    i.HAL_RTC_GetDate                        0x08001410   Section        0  stm32f1xx_hal_rtc.o(i.HAL_RTC_GetDate)
    i.HAL_RTC_GetTime                        0x08001462   Section        0  stm32f1xx_hal_rtc.o(i.HAL_RTC_GetTime)
    i.HAL_RTC_Init                           0x08001568   Section        0  stm32f1xx_hal_rtc.o(i.HAL_RTC_Init)
    i.HAL_RTC_MspInit                        0x08001628   Section        0  stm32f1xx_hal_msp.o(i.HAL_RTC_MspInit)
    i.HAL_RTC_SetDate                        0x08001668   Section        0  stm32f1xx_hal_rtc.o(i.HAL_RTC_SetDate)
    i.HAL_RTC_SetTime                        0x08001760   Section        0  stm32f1xx_hal_rtc.o(i.HAL_RTC_SetTime)
    i.HAL_RTC_WaitForSynchro                 0x0800183c   Section        0  stm32f1xx_hal_rtc.o(i.HAL_RTC_WaitForSynchro)
    i.HAL_SYSTICK_Config                     0x0800187c   Section        0  stm32f1xx_hal_cortex.o(i.HAL_SYSTICK_Config)
    i.HAL_TIMEx_MasterConfigSynchronization  0x080018b0   Section        0  stm32f1xx_hal_tim_ex.o(i.HAL_TIMEx_MasterConfigSynchronization)
    i.HAL_TIM_Base_Init                      0x08001964   Section        0  stm32f1xx_hal_tim.o(i.HAL_TIM_Base_Init)
    i.HAL_TIM_Base_MspInit                   0x080019cc   Section        0  stm32f1xx_hal_msp.o(i.HAL_TIM_Base_MspInit)
    i.HAL_TIM_Base_Start                     0x080019fc   Section        0  stm32f1xx_hal_tim.o(i.HAL_TIM_Base_Start)
    i.HAL_TIM_ConfigClockSource              0x08001a98   Section        0  stm32f1xx_hal_tim.o(i.HAL_TIM_ConfigClockSource)
    i.HAL_TIM_Encoder_Init                   0x08001ba4   Section        0  stm32f1xx_hal_tim.o(i.HAL_TIM_Encoder_Init)
    i.HAL_TIM_Encoder_MspInit                0x08001c68   Section        0  stm32f1xx_hal_msp.o(i.HAL_TIM_Encoder_MspInit)
    i.HAL_TIM_Encoder_Start                  0x08001cf0   Section        0  stm32f1xx_hal_tim.o(i.HAL_TIM_Encoder_Start)
    i.HardFault_Handler                      0x08001dbc   Section        0  stm32f1xx_it.o(i.HardFault_Handler)
    i.LED1_ON                                0x08001dc0   Section        0  main.o(i.LED1_ON)
    i.LED1_Toggle                            0x08001dd4   Section        0  main.o(i.LED1_Toggle)
    i.LED2_Toggle                            0x08001de4   Section        0  main.o(i.LED2_Toggle)
    i.MX_GPIO_Init                           0x08001df4   Section        0  main.o(i.MX_GPIO_Init)
    MX_GPIO_Init                             0x08001df5   Thumb Code   298  main.o(i.MX_GPIO_Init)
    i.MX_RTC_Init                            0x08001f34   Section        0  main.o(i.MX_RTC_Init)
    MX_RTC_Init                              0x08001f35   Thumb Code   112  main.o(i.MX_RTC_Init)
    i.MX_TIM3_Init                           0x08001fac   Section        0  main.o(i.MX_TIM3_Init)
    MX_TIM3_Init                             0x08001fad   Thumb Code   100  main.o(i.MX_TIM3_Init)
    i.MX_TIM4_Init                           0x08002018   Section        0  main.o(i.MX_TIM4_Init)
    MX_TIM4_Init                             0x08002019   Thumb Code   128  main.o(i.MX_TIM4_Init)
    i.MemManage_Handler                      0x080020a4   Section        0  stm32f1xx_it.o(i.MemManage_Handler)
    i.NMI_Handler                            0x080020a8   Section        0  stm32f1xx_it.o(i.NMI_Handler)
    i.PendSV_Handler                         0x080020ac   Section        0  stm32f1xx_it.o(i.PendSV_Handler)
    i.Print_page_1                           0x080020b0   Section        0  display_menu.o(i.Print_page_1)
    i.Print_page_2                           0x08002194   Section        0  display_menu.o(i.Print_page_2)
    i.Print_page_2_1                         0x080026a4   Section        0  display_menu.o(i.Print_page_2_1)
    i.Print_page_3                           0x08002884   Section        0  display_menu.o(i.Print_page_3)
    i.Print_page_3_1                         0x08002a20   Section        0  display_menu.o(i.Print_page_3_1)
    i.Print_page_4                           0x08002c28   Section        0  display_menu.o(i.Print_page_4)
    i.Print_page_4_1                         0x0800318c   Section        0  display_menu.o(i.Print_page_4_1)
    i.RCC_Delay                              0x080032c0   Section        0  stm32f1xx_hal_rcc.o(i.RCC_Delay)
    RCC_Delay                                0x080032c1   Thumb Code    36  stm32f1xx_hal_rcc.o(i.RCC_Delay)
    i.RTC_Bcd2ToByte                         0x080032e8   Section        0  stm32f1xx_hal_rtc.o(i.RTC_Bcd2ToByte)
    RTC_Bcd2ToByte                           0x080032e9   Thumb Code    22  stm32f1xx_hal_rtc.o(i.RTC_Bcd2ToByte)
    i.RTC_ByteToBcd2                         0x080032fe   Section        0  stm32f1xx_hal_rtc.o(i.RTC_ByteToBcd2)
    RTC_ByteToBcd2                           0x080032ff   Thumb Code    26  stm32f1xx_hal_rtc.o(i.RTC_ByteToBcd2)
    i.RTC_DateUpdate                         0x08003318   Section        0  stm32f1xx_hal_rtc.o(i.RTC_DateUpdate)
    RTC_DateUpdate                           0x08003319   Thumb Code   182  stm32f1xx_hal_rtc.o(i.RTC_DateUpdate)
    i.RTC_EnterInitMode                      0x080033ce   Section        0  stm32f1xx_hal_rtc.o(i.RTC_EnterInitMode)
    RTC_EnterInitMode                        0x080033cf   Thumb Code    58  stm32f1xx_hal_rtc.o(i.RTC_EnterInitMode)
    i.RTC_ExitInitMode                       0x08003408   Section        0  stm32f1xx_hal_rtc.o(i.RTC_ExitInitMode)
    RTC_ExitInitMode                         0x08003409   Thumb Code    58  stm32f1xx_hal_rtc.o(i.RTC_ExitInitMode)
    i.RTC_IsLeapYear                         0x08003442   Section        0  stm32f1xx_hal_rtc.o(i.RTC_IsLeapYear)
    RTC_IsLeapYear                           0x08003443   Thumb Code    50  stm32f1xx_hal_rtc.o(i.RTC_IsLeapYear)
    i.RTC_ReadAlarmCounter                   0x08003474   Section        0  stm32f1xx_hal_rtc.o(i.RTC_ReadAlarmCounter)
    RTC_ReadAlarmCounter                     0x08003475   Thumb Code    24  stm32f1xx_hal_rtc.o(i.RTC_ReadAlarmCounter)
    i.RTC_ReadTimeCounter                    0x0800348c   Section        0  stm32f1xx_hal_rtc.o(i.RTC_ReadTimeCounter)
    RTC_ReadTimeCounter                      0x0800348d   Thumb Code    52  stm32f1xx_hal_rtc.o(i.RTC_ReadTimeCounter)
    i.RTC_WeekDayNum                         0x080034c0   Section        0  stm32f1xx_hal_rtc.o(i.RTC_WeekDayNum)
    RTC_WeekDayNum                           0x080034c1   Thumb Code   132  stm32f1xx_hal_rtc.o(i.RTC_WeekDayNum)
    i.RTC_WriteAlarmCounter                  0x08003544   Section        0  stm32f1xx_hal_rtc.o(i.RTC_WriteAlarmCounter)
    RTC_WriteAlarmCounter                    0x08003545   Thumb Code    46  stm32f1xx_hal_rtc.o(i.RTC_WriteAlarmCounter)
    i.RTC_WriteTimeCounter                   0x08003572   Section        0  stm32f1xx_hal_rtc.o(i.RTC_WriteTimeCounter)
    RTC_WriteTimeCounter                     0x08003573   Thumb Code    46  stm32f1xx_hal_rtc.o(i.RTC_WriteTimeCounter)
    i.SVC_Handler                            0x080035a0   Section        0  stm32f1xx_it.o(i.SVC_Handler)
    i.SysTick_Handler                        0x080035a2   Section        0  stm32f1xx_it.o(i.SysTick_Handler)
    i.SystemClock_Config                     0x080035aa   Section        0  main.o(i.SystemClock_Config)
    i.SystemInit                             0x08003630   Section        0  system_stm32f1xx.o(i.SystemInit)
    i.TIM_Base_SetConfig                     0x08003634   Section        0  stm32f1xx_hal_tim.o(i.TIM_Base_SetConfig)
    i.TIM_CCxChannelCmd                      0x0800370c   Section        0  stm32f1xx_hal_tim.o(i.TIM_CCxChannelCmd)
    i.TIM_ETR_SetConfig                      0x0800372e   Section        0  stm32f1xx_hal_tim.o(i.TIM_ETR_SetConfig)
    i.TIM_ITRx_SetConfig                     0x08003744   Section        0  stm32f1xx_hal_tim.o(i.TIM_ITRx_SetConfig)
    TIM_ITRx_SetConfig                       0x08003745   Thumb Code    18  stm32f1xx_hal_tim.o(i.TIM_ITRx_SetConfig)
    i.TIM_TI1_ConfigInputStage               0x08003756   Section        0  stm32f1xx_hal_tim.o(i.TIM_TI1_ConfigInputStage)
    TIM_TI1_ConfigInputStage                 0x08003757   Thumb Code    38  stm32f1xx_hal_tim.o(i.TIM_TI1_ConfigInputStage)
    i.TIM_TI2_ConfigInputStage               0x0800377c   Section        0  stm32f1xx_hal_tim.o(i.TIM_TI2_ConfigInputStage)
    TIM_TI2_ConfigInputStage                 0x0800377d   Thumb Code    40  stm32f1xx_hal_tim.o(i.TIM_TI2_ConfigInputStage)
    i.UsageFault_Handler                     0x080037a4   Section        0  stm32f1xx_it.o(i.UsageFault_Handler)
    i.WH2004_cmd_clear_display               0x080037a8   Section        0  indicator_20_4.o(i.WH2004_cmd_clear_display)
    i.WH2004_cmd_entry_mode                  0x080037ba   Section        0  indicator_20_4.o(i.WH2004_cmd_entry_mode)
    i.WH2004_cmd_function_set                0x080037d4   Section        0  indicator_20_4.o(i.WH2004_cmd_function_set)
    i.WH2004_cmd_on_off                      0x080037f2   Section        0  indicator_20_4.o(i.WH2004_cmd_on_off)
    i.WH2004_cmd_set_ddram                   0x08003810   Section        0  indicator_20_4.o(i.WH2004_cmd_set_ddram)
    i.WH2004_init                            0x08003828   Section        0  indicator_20_4.o(i.WH2004_init)
    i.WH2004_print_fl_2_1                    0x08003874   Section        0  indicator_20_4.o(i.WH2004_print_fl_2_1)
    i.WH2004_print_fl_2_2                    0x08003980   Section        0  indicator_20_4.o(i.WH2004_print_fl_2_2)
    i.WH2004_print_fl_3_1                    0x08003ab0   Section        0  indicator_20_4.o(i.WH2004_print_fl_3_1)
    i.WH2004_print_sl_2                      0x08003bdc   Section        0  indicator_20_4.o(i.WH2004_print_sl_2)
    i.WH2004_print_sl_5                      0x08003c1c   Section        0  indicator_20_4.o(i.WH2004_print_sl_5)
    i.WH2004_set_cursor                      0x08003d34   Section        0  indicator_20_4.o(i.WH2004_set_cursor)
    i.WH2004_write                           0x08003d84   Section        0  indicator_20_4.o(i.WH2004_write)
    i.WH2004_write_str                       0x08003d98   Section        0  indicator_20_4.o(i.WH2004_write_str)
    i.__NVIC_GetPriorityGrouping             0x08003df8   Section        0  stm32f1xx_hal_cortex.o(i.__NVIC_GetPriorityGrouping)
    __NVIC_GetPriorityGrouping               0x08003df9   Thumb Code    10  stm32f1xx_hal_cortex.o(i.__NVIC_GetPriorityGrouping)
    i.__NVIC_SetPriority                     0x08003e08   Section        0  stm32f1xx_hal_cortex.o(i.__NVIC_SetPriority)
    __NVIC_SetPriority                       0x08003e09   Thumb Code    32  stm32f1xx_hal_cortex.o(i.__NVIC_SetPriority)
    i.main                                   0x08003e30   Section        0  main.o(i.main)
    i.send_command                           0x08003f84   Section        0  indicator_20_4.o(i.send_command)
    send_command                             0x08003f85   Thumb Code    54  indicator_20_4.o(i.send_command)
    i.send_data                              0x08003fc8   Section        0  indicator_20_4.o(i.send_data)
    send_data                                0x08003fc9   Thumb Code    54  indicator_20_4.o(i.send_data)
    i.usDelay                                0x0800400c   Section        0  main.o(i.usDelay)
    x$fpl$d2f                                0x08004040   Section       98  d2f.o(x$fpl$d2f)
    x$fpl$dadd                               0x080040a4   Section      336  daddsub_clz.o(x$fpl$dadd)
    _dadd1                                   0x080040b5   Thumb Code     0  daddsub_clz.o(x$fpl$dadd)
    x$fpl$dcmpinf                            0x080041f4   Section       24  dcmpi.o(x$fpl$dcmpinf)
    x$fpl$ddiv                               0x0800420c   Section      688  ddiv.o(x$fpl$ddiv)
    ddiv_entry                               0x08004213   Thumb Code     0  ddiv.o(x$fpl$ddiv)
    x$fpl$dfix                               0x080044bc   Section       94  dfix.o(x$fpl$dfix)
    x$fpl$dleqf                              0x0800451c   Section      120  dleqf.o(x$fpl$dleqf)
    x$fpl$dmul                               0x08004594   Section      340  dmul.o(x$fpl$dmul)
    x$fpl$dnaninf                            0x080046e8   Section      156  dnaninf.o(x$fpl$dnaninf)
    x$fpl$dretinf                            0x08004784   Section       12  dretinf.o(x$fpl$dretinf)
    x$fpl$drleqf                             0x08004790   Section      108  drleqf.o(x$fpl$drleqf)
    x$fpl$dsub                               0x080047fc   Section      468  daddsub_clz.o(x$fpl$dsub)
    _dsub1                                   0x0800480d   Thumb Code     0  daddsub_clz.o(x$fpl$dsub)
    x$fpl$f2d                                0x080049d0   Section       86  f2d.o(x$fpl$f2d)
    x$fpl$fadd                               0x08004a28   Section      196  faddsub_clz.o(x$fpl$fadd)
    _fadd1                                   0x08004a37   Thumb Code     0  faddsub_clz.o(x$fpl$fadd)
    x$fpl$fcmpinf                            0x08004aec   Section       24  fcmpi.o(x$fpl$fcmpinf)
    x$fpl$fdiv                               0x08004b04   Section      388  fdiv.o(x$fpl$fdiv)
    _fdiv1                                   0x08004b05   Thumb Code     0  fdiv.o(x$fpl$fdiv)
    x$fpl$ffix                               0x08004c88   Section       54  ffix.o(x$fpl$ffix)
    x$fpl$ffltu                              0x08004cc0   Section       38  fflt_clz.o(x$fpl$ffltu)
    x$fpl$fleqf                              0x08004ce8   Section      104  fleqf.o(x$fpl$fleqf)
    x$fpl$fmul                               0x08004d50   Section      258  fmul.o(x$fpl$fmul)
    x$fpl$fnaninf                            0x08004e52   Section      140  fnaninf.o(x$fpl$fnaninf)
    x$fpl$fretinf                            0x08004ede   Section       10  fretinf.o(x$fpl$fretinf)
    x$fpl$frleqf                             0x08004ee8   Section       98  frleqf.o(x$fpl$frleqf)
    x$fpl$fsub                               0x08004f4c   Section      234  faddsub_clz.o(x$fpl$fsub)
    _fsub1                                   0x08004f5b   Thumb Code     0  faddsub_clz.o(x$fpl$fsub)
    .constdata                               0x08005036   Section        1  events.o(.constdata)
    x$fpl$usenofp                            0x08005036   Section        0  usenofp.o(x$fpl$usenofp)
    .constdata                               0x08005038   Section       41  parametrs.o(.constdata)
    .constdata                               0x08005061   Section       18  stm32f1xx_hal_rcc.o(.constdata)
    aPLLMULFactorTable                       0x08005061   Data          16  stm32f1xx_hal_rcc.o(.constdata)
    aPredivFactorTable                       0x08005071   Data           2  stm32f1xx_hal_rcc.o(.constdata)
    .constdata                               0x08005073   Section       18  stm32f1xx_hal_rcc_ex.o(.constdata)
    aPLLMULFactorTable                       0x08005073   Data          16  stm32f1xx_hal_rcc_ex.o(.constdata)
    aPredivFactorTable                       0x08005083   Data           2  stm32f1xx_hal_rcc_ex.o(.constdata)
    .constdata                               0x08005085   Section       24  system_stm32f1xx.o(.constdata)
    .conststring                             0x080050a0   Section      112  events.o(.conststring)
    .conststring                             0x08005110   Section      196  parametrs.o(.conststring)
    .data                                    0x20000000   Section       12  main.o(.data)
    .data                                    0x2000000c   Section      257  indicator_20_4.o(.data)
    .data                                    0x20000110   Section       33  events.o(.data)
    .data                                    0x20000134   Section       12  display_menu.o(.data)
    .data                                    0x20000140   Section      360  parametrs.o(.data)
    .data                                    0x200002a8   Section       20  buttons.o(.data)
    wait_up_but                              0x200002b8   Data           1  buttons.o(.data)
    wait_down_but                            0x200002b9   Data           1  buttons.o(.data)
    wait_ok_but                              0x200002ba   Data           1  buttons.o(.data)
    wait_encoder_enter                       0x200002bb   Data           1  buttons.o(.data)
    .data                                    0x200002bc   Section        9  stm32f1xx_hal.o(.data)
    .data                                    0x200002c8   Section        4  system_stm32f1xx.o(.data)
    .bss                                     0x200002cc   Section      164  main.o(.bss)
    .bss                                     0x20000370   Section       11  indicator_20_4.o(.bss)
    .bss                                     0x2000037c   Section      200  events.o(.bss)
    .bss                                     0x20000444   Section       96  libspace.o(.bss)
    HEAP                                     0x200004a8   Section      512  startup_stm32f103xg.o(HEAP)
    Heap_Mem                                 0x200004a8   Data         512  startup_stm32f103xg.o(HEAP)
    STACK                                    0x200006a8   Section     1024  startup_stm32f103xg.o(STACK)
    Stack_Mem                                0x200006a8   Data        1024  startup_stm32f103xg.o(STACK)
    __initial_sp                             0x20000aa8   Data           0  startup_stm32f103xg.o(STACK)

    Global Symbols

    Symbol Name                              Value     Ov Type        Size  Object(Section)

    BuildAttributes$$THM_ISAv4$P$D$K$B$S$PE$A:L22UL41UL21$X:L11$S22US41US21$IEEE1$IW$USESV6$~STKCKD$USESV7$~SHL$OSPACE$ROPI$EBA8$UX$STANDARDLIB$REQ8$PRES8$EABIv2 0x00000000   Number         0  anon$$obj.o ABSOLUTE
    __ARM_use_no_argv                        0x00000000   Number         0  main.o ABSOLUTE
    __ARM_exceptions_init                     - Undefined Weak Reference
    __alloca_initialize                       - Undefined Weak Reference
    __arm_fini_                               - Undefined Weak Reference
    __arm_preinit_                            - Undefined Weak Reference
    __cpp_initialize__aeabi_                  - Undefined Weak Reference
    __cxa_finalize                            - Undefined Weak Reference
    __rt_locale                               - Undefined Weak Reference
    __sigvec_lookup                           - Undefined Weak Reference
    _atexit_init                              - Undefined Weak Reference
    _call_atexit_fns                          - Undefined Weak Reference
    _clock_init                               - Undefined Weak Reference
    _fp_trap_init                             - Undefined Weak Reference
    _fp_trap_shutdown                         - Undefined Weak Reference
    _get_lc_collate                           - Undefined Weak Reference
    _get_lc_ctype                             - Undefined Weak Reference
    _get_lc_monetary                          - Undefined Weak Reference
    _get_lc_numeric                           - Undefined Weak Reference
    _get_lc_time                              - Undefined Weak Reference
    _getenv_init                              - Undefined Weak Reference
    _handle_redirection                       - Undefined Weak Reference
    _init_alloc                               - Undefined Weak Reference
    _init_user_alloc                          - Undefined Weak Reference
    _initio                                   - Undefined Weak Reference
    _rand_init                                - Undefined Weak Reference
    _signal_finish                            - Undefined Weak Reference
    _signal_init                              - Undefined Weak Reference
    _terminate_alloc                          - Undefined Weak Reference
    _terminate_user_alloc                     - Undefined Weak Reference
    _terminateio                              - Undefined Weak Reference
    __Vectors_Size                           0x00000130   Number         0  startup_stm32f103xg.o ABSOLUTE
    __Vectors                                0x08000000   Data           4  startup_stm32f103xg.o(RESET)
    __Vectors_End                            0x08000130   Data           0  startup_stm32f103xg.o(RESET)
    __main                                   0x08000131   Thumb Code     8  __main.o(!!!main)
    __scatterload                            0x08000139   Thumb Code     0  __scatter.o(!!!scatter)
    __scatterload_rt2                        0x08000139   Thumb Code    44  __scatter.o(!!!scatter)
    __scatterload_rt2_thumb_only             0x08000139   Thumb Code     0  __scatter.o(!!!scatter)
    __scatterload_null                       0x08000147   Thumb Code     0  __scatter.o(!!!scatter)
    __decompress                             0x0800016d   Thumb Code    90  __dczerorl2.o(!!dczerorl2)
    __decompress1                            0x0800016d   Thumb Code     0  __dczerorl2.o(!!dczerorl2)
    __scatterload_zeroinit                   0x080001c9   Thumb Code    28  __scatter_zi.o(!!handler_zi)
    __rt_lib_init                            0x080001e5   Thumb Code     0  libinit.o(.ARM.Collect$$libinit$$00000000)
    __rt_lib_init_alloca_1                   0x080001e7   Thumb Code     0  libinit2.o(.ARM.Collect$$libinit$$0000002E)
    __rt_lib_init_argv_1                     0x080001e7   Thumb Code     0  libinit2.o(.ARM.Collect$$libinit$$0000002C)
    __rt_lib_init_atexit_1                   0x080001e7   Thumb Code     0  libinit2.o(.ARM.Collect$$libinit$$0000001B)
    __rt_lib_init_clock_1                    0x080001e7   Thumb Code     0  libinit2.o(.ARM.Collect$$libinit$$00000021)
    __rt_lib_init_cpp_1                      0x080001e7   Thumb Code     0  libinit2.o(.ARM.Collect$$libinit$$00000032)
    __rt_lib_init_exceptions_1               0x080001e7   Thumb Code     0  libinit2.o(.ARM.Collect$$libinit$$00000030)
    __rt_lib_init_fp_1                       0x080001e7   Thumb Code     0  libinit2.o(.ARM.Collect$$libinit$$00000002)
    __rt_lib_init_fp_trap_1                  0x080001e7   Thumb Code     0  libinit2.o(.ARM.Collect$$libinit$$0000001F)
    __rt_lib_init_getenv_1                   0x080001e7   Thumb Code     0  libinit2.o(.ARM.Collect$$libinit$$00000023)
    __rt_lib_init_heap_1                     0x080001e7   Thumb Code     0  libinit2.o(.ARM.Collect$$libinit$$0000000A)
    __rt_lib_init_lc_collate_1               0x080001e7   Thumb Code     0  libinit2.o(.ARM.Collect$$libinit$$00000011)
    __rt_lib_init_lc_ctype_1                 0x080001e7   Thumb Code     0  libinit2.o(.ARM.Collect$$libinit$$00000013)
    __rt_lib_init_lc_monetary_1              0x080001e7   Thumb Code     0  libinit2.o(.ARM.Collect$$libinit$$00000015)
    __rt_lib_init_lc_numeric_1               0x080001e7   Thumb Code     0  libinit2.o(.ARM.Collect$$libinit$$00000017)
    __rt_lib_init_lc_time_1                  0x080001e7   Thumb Code     0  libinit2.o(.ARM.Collect$$libinit$$00000019)
    __rt_lib_init_preinit_1                  0x080001e7   Thumb Code     0  libinit2.o(.ARM.Collect$$libinit$$00000004)
    __rt_lib_init_rand_1                     0x080001e7   Thumb Code     0  libinit2.o(.ARM.Collect$$libinit$$0000000E)
    __rt_lib_init_return                     0x080001e7   Thumb Code     0  libinit2.o(.ARM.Collect$$libinit$$00000033)
    __rt_lib_init_signal_1                   0x080001e7   Thumb Code     0  libinit2.o(.ARM.Collect$$libinit$$0000001D)
    __rt_lib_init_stdio_1                    0x080001e7   Thumb Code     0  libinit2.o(.ARM.Collect$$libinit$$00000025)
    __rt_lib_init_user_alloc_1               0x080001e7   Thumb Code     0  libinit2.o(.ARM.Collect$$libinit$$0000000C)
    __rt_lib_shutdown                        0x080001e9   Thumb Code     0  libshutdown.o(.ARM.Collect$$libshutdown$$00000000)
    __rt_lib_shutdown_cpp_1                  0x080001eb   Thumb Code     0  libshutdown2.o(.ARM.Collect$$libshutdown$$00000004)
    __rt_lib_shutdown_fini_1                 0x080001eb   Thumb Code     0  libshutdown2.o(.ARM.Collect$$libshutdown$$00000002)
    __rt_lib_shutdown_fp_trap_1              0x080001eb   Thumb Code     0  libshutdown2.o(.ARM.Collect$$libshutdown$$00000009)
    __rt_lib_shutdown_heap_1                 0x080001eb   Thumb Code     0  libshutdown2.o(.ARM.Collect$$libshutdown$$00000011)
    __rt_lib_shutdown_return                 0x080001eb   Thumb Code     0  libshutdown2.o(.ARM.Collect$$libshutdown$$00000012)
    __rt_lib_shutdown_signal_1               0x080001eb   Thumb Code     0  libshutdown2.o(.ARM.Collect$$libshutdown$$0000000C)
    __rt_lib_shutdown_stdio_1                0x080001eb   Thumb Code     0  libshutdown2.o(.ARM.Collect$$libshutdown$$00000006)
    __rt_lib_shutdown_user_alloc_1           0x080001eb   Thumb Code     0  libshutdown2.o(.ARM.Collect$$libshutdown$$0000000E)
    __rt_entry                               0x080001ed   Thumb Code     0  __rtentry.o(.ARM.Collect$$rtentry$$00000000)
    __rt_entry_presh_1                       0x080001ed   Thumb Code     0  __rtentry2.o(.ARM.Collect$$rtentry$$00000002)
    __rt_entry_sh                            0x080001ed   Thumb Code     0  __rtentry4.o(.ARM.Collect$$rtentry$$00000004)
    __rt_entry_li                            0x080001f3   Thumb Code     0  __rtentry2.o(.ARM.Collect$$rtentry$$0000000A)
    __rt_entry_postsh_1                      0x080001f3   Thumb Code     0  __rtentry2.o(.ARM.Collect$$rtentry$$00000009)
    __rt_entry_main                          0x080001f7   Thumb Code     0  __rtentry2.o(.ARM.Collect$$rtentry$$0000000D)
    __rt_entry_postli_1                      0x080001f7   Thumb Code     0  __rtentry2.o(.ARM.Collect$$rtentry$$0000000C)
    __rt_exit                                0x080001ff   Thumb Code     0  rtexit.o(.ARM.Collect$$rtexit$$00000000)
    __rt_exit_ls                             0x08000201   Thumb Code     0  rtexit2.o(.ARM.Collect$$rtexit$$00000003)
    __rt_exit_prels_1                        0x08000201   Thumb Code     0  rtexit2.o(.ARM.Collect$$rtexit$$00000002)
    __rt_exit_exit                           0x08000205   Thumb Code     0  rtexit2.o(.ARM.Collect$$rtexit$$00000004)
    Reset_Handler                            0x0800020d   Thumb Code     8  startup_stm32f103xg.o(.text)
    ADC1_2_IRQHandler                        0x08000227   Thumb Code     0  startup_stm32f103xg.o(.text)
    ADC3_IRQHandler                          0x08000227   Thumb Code     0  startup_stm32f103xg.o(.text)
    CAN1_RX1_IRQHandler                      0x08000227   Thumb Code     0  startup_stm32f103xg.o(.text)
    CAN1_SCE_IRQHandler                      0x08000227   Thumb Code     0  startup_stm32f103xg.o(.text)
    DMA1_Channel1_IRQHandler                 0x08000227   Thumb Code     0  startup_stm32f103xg.o(.text)
    DMA1_Channel2_IRQHandler                 0x08000227   Thumb Code     0  startup_stm32f103xg.o(.text)
    DMA1_Channel3_IRQHandler                 0x08000227   Thumb Code     0  startup_stm32f103xg.o(.text)
    DMA1_Channel4_IRQHandler                 0x08000227   Thumb Code     0  startup_stm32f103xg.o(.text)
    DMA1_Channel5_IRQHandler                 0x08000227   Thumb Code     0  startup_stm32f103xg.o(.text)
    DMA1_Channel6_IRQHandler                 0x08000227   Thumb Code     0  startup_stm32f103xg.o(.text)
    DMA1_Channel7_IRQHandler                 0x08000227   Thumb Code     0  startup_stm32f103xg.o(.text)
    DMA2_Channel1_IRQHandler                 0x08000227   Thumb Code     0  startup_stm32f103xg.o(.text)
    DMA2_Channel2_IRQHandler                 0x08000227   Thumb Code     0  startup_stm32f103xg.o(.text)
    DMA2_Channel3_IRQHandler                 0x08000227   Thumb Code     0  startup_stm32f103xg.o(.text)
    DMA2_Channel4_5_IRQHandler               0x08000227   Thumb Code     0  startup_stm32f103xg.o(.text)
    EXTI0_IRQHandler                         0x08000227   Thumb Code     0  startup_stm32f103xg.o(.text)
    EXTI15_10_IRQHandler                     0x08000227   Thumb Code     0  startup_stm32f103xg.o(.text)
    EXTI1_IRQHandler                         0x08000227   Thumb Code     0  startup_stm32f103xg.o(.text)
    EXTI2_IRQHandler                         0x08000227   Thumb Code     0  startup_stm32f103xg.o(.text)
    EXTI3_IRQHandler                         0x08000227   Thumb Code     0  startup_stm32f103xg.o(.text)
    EXTI4_IRQHandler                         0x08000227   Thumb Code     0  startup_stm32f103xg.o(.text)
    EXTI9_5_IRQHandler                       0x08000227   Thumb Code     0  startup_stm32f103xg.o(.text)
    FLASH_IRQHandler                         0x08000227   Thumb Code     0  startup_stm32f103xg.o(.text)
    FSMC_IRQHandler                          0x08000227   Thumb Code     0  startup_stm32f103xg.o(.text)
    I2C1_ER_IRQHandler                       0x08000227   Thumb Code     0  startup_stm32f103xg.o(.text)
    I2C1_EV_IRQHandler                       0x08000227   Thumb Code     0  startup_stm32f103xg.o(.text)
    I2C2_ER_IRQHandler                       0x08000227   Thumb Code     0  startup_stm32f103xg.o(.text)
    I2C2_EV_IRQHandler                       0x08000227   Thumb Code     0  startup_stm32f103xg.o(.text)
    PVD_IRQHandler                           0x08000227   Thumb Code     0  startup_stm32f103xg.o(.text)
    RCC_IRQHandler                           0x08000227   Thumb Code     0  startup_stm32f103xg.o(.text)
    RTC_Alarm_IRQHandler                     0x08000227   Thumb Code     0  startup_stm32f103xg.o(.text)
    RTC_IRQHandler                           0x08000227   Thumb Code     0  startup_stm32f103xg.o(.text)
    SDIO_IRQHandler                          0x08000227   Thumb Code     0  startup_stm32f103xg.o(.text)
    SPI1_IRQHandler                          0x08000227   Thumb Code     0  startup_stm32f103xg.o(.text)
    SPI2_IRQHandler                          0x08000227   Thumb Code     0  startup_stm32f103xg.o(.text)
    SPI3_IRQHandler                          0x08000227   Thumb Code     0  startup_stm32f103xg.o(.text)
    TAMPER_IRQHandler                        0x08000227   Thumb Code     0  startup_stm32f103xg.o(.text)
    TIM1_BRK_TIM9_IRQHandler                 0x08000227   Thumb Code     0  startup_stm32f103xg.o(.text)
    TIM1_CC_IRQHandler                       0x08000227   Thumb Code     0  startup_stm32f103xg.o(.text)
    TIM1_TRG_COM_TIM11_IRQHandler            0x08000227   Thumb Code     0  startup_stm32f103xg.o(.text)
    TIM1_UP_TIM10_IRQHandler                 0x08000227   Thumb Code     0  startup_stm32f103xg.o(.text)
    TIM2_IRQHandler                          0x08000227   Thumb Code     0  startup_stm32f103xg.o(.text)
    TIM3_IRQHandler                          0x08000227   Thumb Code     0  startup_stm32f103xg.o(.text)
    TIM4_IRQHandler                          0x08000227   Thumb Code     0  startup_stm32f103xg.o(.text)
    TIM5_IRQHandler                          0x08000227   Thumb Code     0  startup_stm32f103xg.o(.text)
    TIM6_IRQHandler                          0x08000227   Thumb Code     0  startup_stm32f103xg.o(.text)
    TIM7_IRQHandler                          0x08000227   Thumb Code     0  startup_stm32f103xg.o(.text)
    TIM8_BRK_TIM12_IRQHandler                0x08000227   Thumb Code     0  startup_stm32f103xg.o(.text)
    TIM8_CC_IRQHandler                       0x08000227   Thumb Code     0  startup_stm32f103xg.o(.text)
    TIM8_TRG_COM_TIM14_IRQHandler            0x08000227   Thumb Code     0  startup_stm32f103xg.o(.text)
    TIM8_UP_TIM13_IRQHandler                 0x08000227   Thumb Code     0  startup_stm32f103xg.o(.text)
    UART4_IRQHandler                         0x08000227   Thumb Code     0  startup_stm32f103xg.o(.text)
    UART5_IRQHandler                         0x08000227   Thumb Code     0  startup_stm32f103xg.o(.text)
    USART1_IRQHandler                        0x08000227   Thumb Code     0  startup_stm32f103xg.o(.text)
    USART2_IRQHandler                        0x08000227   Thumb Code     0  startup_stm32f103xg.o(.text)
    USART3_IRQHandler                        0x08000227   Thumb Code     0  startup_stm32f103xg.o(.text)
    USBWakeUp_IRQHandler                     0x08000227   Thumb Code     0  startup_stm32f103xg.o(.text)
    USB_HP_CAN1_TX_IRQHandler                0x08000227   Thumb Code     0  startup_stm32f103xg.o(.text)
    USB_LP_CAN1_RX0_IRQHandler               0x08000227   Thumb Code     0  startup_stm32f103xg.o(.text)
    WWDG_IRQHandler                          0x08000227   Thumb Code     0  startup_stm32f103xg.o(.text)
    __user_initial_stackheap                 0x08000229   Thumb Code     0  startup_stm32f103xg.o(.text)
    __aeabi_memclr4                          0x0800024d   Thumb Code     0  rt_memclr_w.o(.text)
    __aeabi_memclr8                          0x0800024d   Thumb Code     0  rt_memclr_w.o(.text)
    __rt_memclr_w                            0x0800024d   Thumb Code    78  rt_memclr_w.o(.text)
    _memset_w                                0x08000251   Thumb Code     0  rt_memclr_w.o(.text)
    __use_two_region_memory                  0x0800029b   Thumb Code     2  heapauxi.o(.text)
    __rt_heap_escrow$2region                 0x0800029d   Thumb Code     2  heapauxi.o(.text)
    __rt_heap_expand$2region                 0x0800029f   Thumb Code     2  heapauxi.o(.text)
    __user_setup_stackheap                   0x080002a1   Thumb Code    74  sys_stackheap_outer.o(.text)
    exit                                     0x080002eb   Thumb Code    18  exit.o(.text)
    __user_libspace                          0x080002fd   Thumb Code     8  libspace.o(.text)
    __user_perproc_libspace                  0x080002fd   Thumb Code     0  libspace.o(.text)
    __user_perthread_libspace                0x080002fd   Thumb Code     0  libspace.o(.text)
    _sys_exit                                0x08000305   Thumb Code     8  sys_exit.o(.text)
    __I$use$semihosting                      0x08000311   Thumb Code     0  use_no_semi.o(.text)
    __use_no_semihosting_swi                 0x08000311   Thumb Code     2  use_no_semi.o(.text)
    __semihosting_library_function           0x08000313   Thumb Code     0  indicate_semi.o(.text)
    Add_event                                0x08000315   Thumb Code   136  events.o(i.Add_event)
    BusFault_Handler                         0x080003b1   Thumb Code     4  stm32f1xx_it.o(i.BusFault_Handler)
    Buttons_control                          0x080003b5   Thumb Code   228  buttons.o(i.Buttons_control)
    DebugMon_Handler                         0x080004bd   Thumb Code     2  stm32f1xx_it.o(i.DebugMon_Handler)
    Encoder_control                          0x080004c1   Thumb Code   130  buttons.o(i.Encoder_control)
    Error_Handler                            0x08000565   Thumb Code     6  main.o(i.Error_Handler)
    Events_init                              0x0800056d   Thumb Code   130  events.o(i.Events_init)
    HAL_Delay                                0x08000601   Thumb Code    36  stm32f1xx_hal.o(i.HAL_Delay)
    HAL_GPIO_Init                            0x08000629   Thumb Code   792  stm32f1xx_hal_gpio.o(i.HAL_GPIO_Init)
    HAL_GPIO_ReadPin                         0x08000969   Thumb Code    16  stm32f1xx_hal_gpio.o(i.HAL_GPIO_ReadPin)
    HAL_GPIO_TogglePin                       0x08000979   Thumb Code    20  stm32f1xx_hal_gpio.o(i.HAL_GPIO_TogglePin)
    HAL_GPIO_WritePin                        0x0800098d   Thumb Code    12  stm32f1xx_hal_gpio.o(i.HAL_GPIO_WritePin)
    HAL_GetTick                              0x08000999   Thumb Code     6  stm32f1xx_hal.o(i.HAL_GetTick)
    HAL_IncTick                              0x080009a5   Thumb Code    16  stm32f1xx_hal.o(i.HAL_IncTick)
    HAL_Init                                 0x080009bd   Thumb Code    34  stm32f1xx_hal.o(i.HAL_Init)
    HAL_InitTick                             0x080009e5   Thumb Code    64  stm32f1xx_hal.o(i.HAL_InitTick)
    HAL_MspInit                              0x08000a31   Thumb Code    74  stm32f1xx_hal_msp.o(i.HAL_MspInit)
    HAL_NVIC_SetPriority                     0x08000a85   Thumb Code   124  stm32f1xx_hal_cortex.o(i.HAL_NVIC_SetPriority)
    HAL_NVIC_SetPriorityGrouping             0x08000b01   Thumb Code    32  stm32f1xx_hal_cortex.o(i.HAL_NVIC_SetPriorityGrouping)
    HAL_PWR_EnableBkUpAccess                 0x08000b29   Thumb Code     8  stm32f1xx_hal_pwr.o(i.HAL_PWR_EnableBkUpAccess)
    HAL_RCCEx_GetPeriphCLKFreq               0x08000b35   Thumb Code   260  stm32f1xx_hal_rcc_ex.o(i.HAL_RCCEx_GetPeriphCLKFreq)
    HAL_RCCEx_PeriphCLKConfig                0x08000c51   Thumb Code   290  stm32f1xx_hal_rcc_ex.o(i.HAL_RCCEx_PeriphCLKConfig)
    HAL_RCC_ClockConfig                      0x08000d81   Thumb Code   376  stm32f1xx_hal_rcc.o(i.HAL_RCC_ClockConfig)
    HAL_RCC_GetHCLKFreq                      0x08000f0d   Thumb Code     6  stm32f1xx_hal_rcc.o(i.HAL_RCC_GetHCLKFreq)
    HAL_RCC_GetPCLK2Freq                     0x08000f19   Thumb Code    22  stm32f1xx_hal_rcc.o(i.HAL_RCC_GetPCLK2Freq)
    HAL_RCC_GetSysClockFreq                  0x08000f39   Thumb Code    92  stm32f1xx_hal_rcc.o(i.HAL_RCC_GetSysClockFreq)
    HAL_RCC_OscConfig                        0x08000fad   Thumb Code  1114  stm32f1xx_hal_rcc.o(i.HAL_RCC_OscConfig)
    HAL_RTC_GetDate                          0x08001411   Thumb Code    82  stm32f1xx_hal_rtc.o(i.HAL_RTC_GetDate)
    HAL_RTC_GetTime                          0x08001463   Thumb Code   260  stm32f1xx_hal_rtc.o(i.HAL_RTC_GetTime)
    HAL_RTC_Init                             0x08001569   Thumb Code   188  stm32f1xx_hal_rtc.o(i.HAL_RTC_Init)
    HAL_RTC_MspInit                          0x08001629   Thumb Code    52  stm32f1xx_hal_msp.o(i.HAL_RTC_MspInit)
    HAL_RTC_SetDate                          0x08001669   Thumb Code   242  stm32f1xx_hal_rtc.o(i.HAL_RTC_SetDate)
    HAL_RTC_SetTime                          0x08001761   Thumb Code   214  stm32f1xx_hal_rtc.o(i.HAL_RTC_SetTime)
    HAL_RTC_WaitForSynchro                   0x0800183d   Thumb Code    64  stm32f1xx_hal_rtc.o(i.HAL_RTC_WaitForSynchro)
    HAL_SYSTICK_Config                       0x0800187d   Thumb Code    52  stm32f1xx_hal_cortex.o(i.HAL_SYSTICK_Config)
    HAL_TIMEx_MasterConfigSynchronization    0x080018b1   Thumb Code   150  stm32f1xx_hal_tim_ex.o(i.HAL_TIMEx_MasterConfigSynchronization)
    HAL_TIM_Base_Init                        0x08001965   Thumb Code   102  stm32f1xx_hal_tim.o(i.HAL_TIM_Base_Init)
    HAL_TIM_Base_MspInit                     0x080019cd   Thumb Code    40  stm32f1xx_hal_msp.o(i.HAL_TIM_Base_MspInit)
    HAL_TIM_Base_Start                       0x080019fd   Thumb Code   126  stm32f1xx_hal_tim.o(i.HAL_TIM_Base_Start)
    HAL_TIM_ConfigClockSource                0x08001a99   Thumb Code   268  stm32f1xx_hal_tim.o(i.HAL_TIM_ConfigClockSource)
    HAL_TIM_Encoder_Init                     0x08001ba5   Thumb Code   196  stm32f1xx_hal_tim.o(i.HAL_TIM_Encoder_Init)
    HAL_TIM_Encoder_MspInit                  0x08001c69   Thumb Code   120  stm32f1xx_hal_msp.o(i.HAL_TIM_Encoder_MspInit)
    HAL_TIM_Encoder_Start                    0x08001cf1   Thumb Code   204  stm32f1xx_hal_tim.o(i.HAL_TIM_Encoder_Start)
    HardFault_Handler                        0x08001dbd   Thumb Code     4  stm32f1xx_it.o(i.HardFault_Handler)
    LED1_ON                                  0x08001dc1   Thumb Code    14  main.o(i.LED1_ON)
    LED1_Toggle                              0x08001dd5   Thumb Code    12  main.o(i.LED1_Toggle)
    LED2_Toggle                              0x08001de5   Thumb Code    12  main.o(i.LED2_Toggle)
    MemManage_Handler                        0x080020a5   Thumb Code     4  stm32f1xx_it.o(i.MemManage_Handler)
    NMI_Handler                              0x080020a9   Thumb Code     4  stm32f1xx_it.o(i.NMI_Handler)
    PendSV_Handler                           0x080020ad   Thumb Code     2  stm32f1xx_it.o(i.PendSV_Handler)
    Print_page_1                             0x080020b1   Thumb Code   114  display_menu.o(i.Print_page_1)
    Print_page_2                             0x08002195   Thumb Code  1280  display_menu.o(i.Print_page_2)
    Print_page_2_1                           0x080026a5   Thumb Code   388  display_menu.o(i.Print_page_2_1)
    Print_page_3                             0x08002885   Thumb Code   282  display_menu.o(i.Print_page_3)
    Print_page_3_1                           0x08002a21   Thumb Code   380  display_menu.o(i.Print_page_3_1)
    Print_page_4                             0x08002c29   Thumb Code  1346  display_menu.o(i.Print_page_4)
    Print_page_4_1                           0x0800318d   Thumb Code   254  display_menu.o(i.Print_page_4_1)
    SVC_Handler                              0x080035a1   Thumb Code     2  stm32f1xx_it.o(i.SVC_Handler)
    SysTick_Handler                          0x080035a3   Thumb Code     8  stm32f1xx_it.o(i.SysTick_Handler)
    SystemClock_Config                       0x080035ab   Thumb Code   134  main.o(i.SystemClock_Config)
    SystemInit                               0x08003631   Thumb Code     2  system_stm32f1xx.o(i.SystemInit)
    TIM_Base_SetConfig                       0x08003635   Thumb Code   170  stm32f1xx_hal_tim.o(i.TIM_Base_SetConfig)
    TIM_CCxChannelCmd                        0x0800370d   Thumb Code    34  stm32f1xx_hal_tim.o(i.TIM_CCxChannelCmd)
    TIM_ETR_SetConfig                        0x0800372f   Thumb Code    22  stm32f1xx_hal_tim.o(i.TIM_ETR_SetConfig)
    UsageFault_Handler                       0x080037a5   Thumb Code     4  stm32f1xx_it.o(i.UsageFault_Handler)
    WH2004_cmd_clear_display                 0x080037a9   Thumb Code    18  indicator_20_4.o(i.WH2004_cmd_clear_display)
    WH2004_cmd_entry_mode                    0x080037bb   Thumb Code    26  indicator_20_4.o(i.WH2004_cmd_entry_mode)
    WH2004_cmd_function_set                  0x080037d5   Thumb Code    30  indicator_20_4.o(i.WH2004_cmd_function_set)
    WH2004_cmd_on_off                        0x080037f3   Thumb Code    30  indicator_20_4.o(i.WH2004_cmd_on_off)
    WH2004_cmd_set_ddram                     0x08003811   Thumb Code    24  indicator_20_4.o(i.WH2004_cmd_set_ddram)
    WH2004_init                              0x08003829   Thumb Code    72  indicator_20_4.o(i.WH2004_init)
    WH2004_print_fl_2_1                      0x08003875   Thumb Code   234  indicator_20_4.o(i.WH2004_print_fl_2_1)
    WH2004_print_fl_2_2                      0x08003981   Thumb Code   270  indicator_20_4.o(i.WH2004_print_fl_2_2)
    WH2004_print_fl_3_1                      0x08003ab1   Thumb Code   272  indicator_20_4.o(i.WH2004_print_fl_3_1)
    WH2004_print_sl_2                        0x08003bdd   Thumb Code    58  indicator_20_4.o(i.WH2004_print_sl_2)
    WH2004_print_sl_5                        0x08003c1d   Thumb Code   266  indicator_20_4.o(i.WH2004_print_sl_5)
    WH2004_set_cursor                        0x08003d35   Thumb Code    74  indicator_20_4.o(i.WH2004_set_cursor)
    WH2004_write                             0x08003d85   Thumb Code    18  indicator_20_4.o(i.WH2004_write)
    WH2004_write_str                         0x08003d99   Thumb Code    86  indicator_20_4.o(i.WH2004_write_str)
    main                                     0x08003e31   Thumb Code   296  main.o(i.main)
    usDelay                                  0x0800400d   Thumb Code    46  main.o(i.usDelay)
    __aeabi_d2f                              0x08004041   Thumb Code     0  d2f.o(x$fpl$d2f)
    _d2f                                     0x08004041   Thumb Code    98  d2f.o(x$fpl$d2f)
    __aeabi_dadd                             0x080040a5   Thumb Code     0  daddsub_clz.o(x$fpl$dadd)
    _dadd                                    0x080040a5   Thumb Code   332  daddsub_clz.o(x$fpl$dadd)
    __fpl_dcmp_Inf                           0x080041f5   Thumb Code    24  dcmpi.o(x$fpl$dcmpinf)
    __aeabi_ddiv                             0x0800420d   Thumb Code     0  ddiv.o(x$fpl$ddiv)
    _ddiv                                    0x0800420d   Thumb Code   552  ddiv.o(x$fpl$ddiv)
    __aeabi_d2iz                             0x080044bd   Thumb Code     0  dfix.o(x$fpl$dfix)
    _dfix                                    0x080044bd   Thumb Code    94  dfix.o(x$fpl$dfix)
    __aeabi_cdcmple                          0x0800451d   Thumb Code     0  dleqf.o(x$fpl$dleqf)
    _dcmple                                  0x0800451d   Thumb Code   120  dleqf.o(x$fpl$dleqf)
    __fpl_dcmple_InfNaN                      0x0800457f   Thumb Code     0  dleqf.o(x$fpl$dleqf)
    __aeabi_dmul                             0x08004595   Thumb Code     0  dmul.o(x$fpl$dmul)
    _dmul                                    0x08004595   Thumb Code   332  dmul.o(x$fpl$dmul)
    __fpl_dnaninf                            0x080046e9   Thumb Code   156  dnaninf.o(x$fpl$dnaninf)
    __fpl_dretinf                            0x08004785   Thumb Code    12  dretinf.o(x$fpl$dretinf)
    __aeabi_cdrcmple                         0x08004791   Thumb Code     0  drleqf.o(x$fpl$drleqf)
    _drcmple                                 0x08004791   Thumb Code   108  drleqf.o(x$fpl$drleqf)
    __aeabi_dsub                             0x080047fd   Thumb Code     0  daddsub_clz.o(x$fpl$dsub)
    _dsub                                    0x080047fd   Thumb Code   464  daddsub_clz.o(x$fpl$dsub)
    __aeabi_f2d                              0x080049d1   Thumb Code     0  f2d.o(x$fpl$f2d)
    _f2d                                     0x080049d1   Thumb Code    86  f2d.o(x$fpl$f2d)
    __aeabi_fadd                             0x08004a29   Thumb Code     0  faddsub_clz.o(x$fpl$fadd)
    _fadd                                    0x08004a29   Thumb Code   196  faddsub_clz.o(x$fpl$fadd)
    __fpl_fcmp_Inf                           0x08004aed   Thumb Code    24  fcmpi.o(x$fpl$fcmpinf)
    __aeabi_fdiv                             0x08004b05   Thumb Code     0  fdiv.o(x$fpl$fdiv)
    _fdiv                                    0x08004b05   Thumb Code   384  fdiv.o(x$fpl$fdiv)
    __aeabi_f2iz                             0x08004c89   Thumb Code     0  ffix.o(x$fpl$ffix)
    _ffix                                    0x08004c89   Thumb Code    54  ffix.o(x$fpl$ffix)
    __aeabi_ui2f                             0x08004cc1   Thumb Code     0  fflt_clz.o(x$fpl$ffltu)
    _ffltu                                   0x08004cc1   Thumb Code    38  fflt_clz.o(x$fpl$ffltu)
    __aeabi_cfcmple                          0x08004ce9   Thumb Code     0  fleqf.o(x$fpl$fleqf)
    _fcmple                                  0x08004ce9   Thumb Code   104  fleqf.o(x$fpl$fleqf)
    __fpl_fcmple_InfNaN                      0x08004d3b   Thumb Code     0  fleqf.o(x$fpl$fleqf)
    __aeabi_fmul                             0x08004d51   Thumb Code     0  fmul.o(x$fpl$fmul)
    _fmul                                    0x08004d51   Thumb Code   258  fmul.o(x$fpl$fmul)
    __fpl_fnaninf                            0x08004e53   Thumb Code   140  fnaninf.o(x$fpl$fnaninf)
    __fpl_fretinf                            0x08004edf   Thumb Code    10  fretinf.o(x$fpl$fretinf)
    __aeabi_cfrcmple                         0x08004ee9   Thumb Code     0  frleqf.o(x$fpl$frleqf)
    _frcmple                                 0x08004ee9   Thumb Code    98  frleqf.o(x$fpl$frleqf)
    __aeabi_fsub                             0x08004f4d   Thumb Code     0  faddsub_clz.o(x$fpl$fsub)
    _fsub                                    0x08004f4d   Thumb Code   234  faddsub_clz.o(x$fpl$fsub)
    __I$use$fp                               0x08005036   Number         0  usenofp.o(x$fpl$usenofp)
    size_events_array                        0x08005036   Data           1  events.o(.constdata)
    param_array                              0x08005038   Data          40  parametrs.o(.constdata)
    size_param_array                         0x08005060   Data           1  parametrs.o(.constdata)
    AHBPrescTable                            0x08005085   Data          16  system_stm32f1xx.o(.constdata)
    APBPrescTable                            0x08005095   Data           8  system_stm32f1xx.o(.constdata)
    Region$$Table$$Base                      0x080051d4   Number         0  anon$$obj.o(Region$$Table)
    Region$$Table$$Limit                     0x080051f4   Number         0  anon$$obj.o(Region$$Table)
    count                                    0x20000000   Data           4  main.o(.data)
    symbol                                   0x20000004   Data           1  main.o(.data)
    sTime                                    0x20000005   Data           3  main.o(.data)
    DateToUpdate                             0x20000008   Data           4  main.o(.data)
    n_tek_kursor                             0x2000000c   Data           1  indicator_20_4.o(.data)
    kiril_char                               0x2000000d   Data         256  indicator_20_4.o(.data)
    EventName                                0x20000110   Data          16  events.o(.data)
    EventFullName                            0x20000120   Data          16  events.o(.data)
    num_ev                                   0x20000130   Data           1  events.o(.data)
    num_param                                0x20000134   Data           1  display_menu.o(.data)
    num_stroki                               0x20000135   Data           1  display_menu.o(.data)
    fl_scroll                                0x20000136   Data           1  display_menu.o(.data)
    num_event                                0x20000137   Data           1  display_menu.o(.data)
    num_stroki_ev                            0x20000138   Data           1  display_menu.o(.data)
    fl_scroll_ev                             0x20000139   Data           1  display_menu.o(.data)
    fl_update_page                           0x2000013a   Data           1  display_menu.o(.data)
    num_page                                 0x2000013b   Data           1  display_menu.o(.data)
    current_parametr                         0x2000013c   Data           4  display_menu.o(.data)
    param1                                   0x20000140   Data          36  parametrs.o(.data)
    param2                                   0x20000164   Data          36  parametrs.o(.data)
    param3                                   0x20000188   Data          36  parametrs.o(.data)
    param4                                   0x200001ac   Data          36  parametrs.o(.data)
    param5                                   0x200001d0   Data          36  parametrs.o(.data)
    param6                                   0x200001f4   Data          36  parametrs.o(.data)
    param7                                   0x20000218   Data          36  parametrs.o(.data)
    param8                                   0x2000023c   Data          36  parametrs.o(.data)
    param9                                   0x20000260   Data          36  parametrs.o(.data)
    param10                                  0x20000284   Data          36  parametrs.o(.data)
    fl_but_Up                                0x200002a8   Data           1  buttons.o(.data)
    fl_but_Down                              0x200002a9   Data           1  buttons.o(.data)
    fl_but_Ok                                0x200002aa   Data           1  buttons.o(.data)
    fl_but_Ok_temp                           0x200002ab   Data           1  buttons.o(.data)
    fl_but_Ok_long                           0x200002ac   Data           1  buttons.o(.data)
    fl_Encoder_Enter                         0x200002ad   Data           1  buttons.o(.data)
    fl_Encoder_Hi                            0x200002ae   Data           1  buttons.o(.data)
    fl_Encoder_Low                           0x200002af   Data           1  buttons.o(.data)
    Encoder                                  0x200002b0   Data           4  buttons.o(.data)
    Encoder_old                              0x200002b4   Data           4  buttons.o(.data)
    uwTick                                   0x200002bc   Data           4  stm32f1xx_hal.o(.data)
    uwTickPrio                               0x200002c0   Data           4  stm32f1xx_hal.o(.data)
    uwTickFreq                               0x200002c4   Data           1  stm32f1xx_hal.o(.data)
    SystemCoreClock                          0x200002c8   Data           4  system_stm32f1xx.o(.data)
    htim3                                    0x200002cc   Data          72  main.o(.bss)
    htim4                                    0x20000314   Data          72  main.o(.bss)
    hrtc                                     0x2000035c   Data          20  main.o(.bss)
    m_ind_znak                               0x20000370   Data          11  indicator_20_4.o(.bss)
    events_array                             0x2000037c   Data         200  events.o(.bss)
    __libspace_start                         0x20000444   Data          96  libspace.o(.bss)
    __temporary_stack_top$libspace           0x200004a4   Data           0  libspace.o(.bss)



==============================================================================

Memory Map of the image

  Image Entry point : 0x08000131

  Load Region LR_IROM1 (Base: 0x08000000, Size: 0x000054c0, Max: 0x00100000, ABSOLUTE, COMPRESSED[0x000053c8])

    Execution Region ER_IROM1 (Exec base: 0x08000000, Load base: 0x08000000, Size: 0x000051f4, Max: 0x00100000, ABSOLUTE)

    Exec Addr    Load Addr    Size         Type   Attr      Idx    E Section Name        Object

    0x08000000   0x08000000   0x00000130   Data   RO            3    RESET               startup_stm32f103xg.o
    0x08000130   0x08000130   0x00000008   Code   RO         3023  * !!!main             c_w.l(__main.o)
    0x08000138   0x08000138   0x00000034   Code   RO         3247    !!!scatter          c_w.l(__scatter.o)
    0x0800016c   0x0800016c   0x0000005a   Code   RO         3245    !!dczerorl2         c_w.l(__dczerorl2.o)
    0x080001c6   0x080001c6   0x00000002   PAD
    0x080001c8   0x080001c8   0x0000001c   Code   RO         3249    !!handler_zi        c_w.l(__scatter_zi.o)
    0x080001e4   0x080001e4   0x00000002   Code   RO         3113    .ARM.Collect$$libinit$$00000000  c_w.l(libinit.o)
    0x080001e6   0x080001e6   0x00000000   Code   RO         3120    .ARM.Collect$$libinit$$00000002  c_w.l(libinit2.o)
    0x080001e6   0x080001e6   0x00000000   Code   RO         3122    .ARM.Collect$$libinit$$00000004  c_w.l(libinit2.o)
    0x080001e6   0x080001e6   0x00000000   Code   RO         3125    .ARM.Collect$$libinit$$0000000A  c_w.l(libinit2.o)
    0x080001e6   0x080001e6   0x00000000   Code   RO         3127    .ARM.Collect$$libinit$$0000000C  c_w.l(libinit2.o)
    0x080001e6   0x080001e6   0x00000000   Code   RO         3129    .ARM.Collect$$libinit$$0000000E  c_w.l(libinit2.o)
    0x080001e6   0x080001e6   0x00000000   Code   RO         3132    .ARM.Collect$$libinit$$00000011  c_w.l(libinit2.o)
    0x080001e6   0x080001e6   0x00000000   Code   RO         3134    .ARM.Collect$$libinit$$00000013  c_w.l(libinit2.o)
    0x080001e6   0x080001e6   0x00000000   Code   RO         3136    .ARM.Collect$$libinit$$00000015  c_w.l(libinit2.o)
    0x080001e6   0x080001e6   0x00000000   Code   RO         3138    .ARM.Collect$$libinit$$00000017  c_w.l(libinit2.o)
    0x080001e6   0x080001e6   0x00000000   Code   RO         3140    .ARM.Collect$$libinit$$00000019  c_w.l(libinit2.o)
    0x080001e6   0x080001e6   0x00000000   Code   RO         3142    .ARM.Collect$$libinit$$0000001B  c_w.l(libinit2.o)
    0x080001e6   0x080001e6   0x00000000   Code   RO         3144    .ARM.Collect$$libinit$$0000001D  c_w.l(libinit2.o)
    0x080001e6   0x080001e6   0x00000000   Code   RO         3146    .ARM.Collect$$libinit$$0000001F  c_w.l(libinit2.o)
    0x080001e6   0x080001e6   0x00000000   Code   RO         3148    .ARM.Collect$$libinit$$00000021  c_w.l(libinit2.o)
    0x080001e6   0x080001e6   0x00000000   Code   RO         3150    .ARM.Collect$$libinit$$00000023  c_w.l(libinit2.o)
    0x080001e6   0x080001e6   0x00000000   Code   RO         3152    .ARM.Collect$$libinit$$00000025  c_w.l(libinit2.o)
    0x080001e6   0x080001e6   0x00000000   Code   RO         3156    .ARM.Collect$$libinit$$0000002C  c_w.l(libinit2.o)
    0x080001e6   0x080001e6   0x00000000   Code   RO         3158    .ARM.Collect$$libinit$$0000002E  c_w.l(libinit2.o)
    0x080001e6   0x080001e6   0x00000000   Code   RO         3160    .ARM.Collect$$libinit$$00000030  c_w.l(libinit2.o)
    0x080001e6   0x080001e6   0x00000000   Code   RO         3162    .ARM.Collect$$libinit$$00000032  c_w.l(libinit2.o)
    0x080001e6   0x080001e6   0x00000002   Code   RO         3163    .ARM.Collect$$libinit$$00000033  c_w.l(libinit2.o)
    0x080001e8   0x080001e8   0x00000002   Code   RO         3183    .ARM.Collect$$libshutdown$$00000000  c_w.l(libshutdown.o)
    0x080001ea   0x080001ea   0x00000000   Code   RO         3196    .ARM.Collect$$libshutdown$$00000002  c_w.l(libshutdown2.o)
    0x080001ea   0x080001ea   0x00000000   Code   RO         3198    .ARM.Collect$$libshutdown$$00000004  c_w.l(libshutdown2.o)
    0x080001ea   0x080001ea   0x00000000   Code   RO         3200    .ARM.Collect$$libshutdown$$00000006  c_w.l(libshutdown2.o)
    0x080001ea   0x080001ea   0x00000000   Code   RO         3203    .ARM.Collect$$libshutdown$$00000009  c_w.l(libshutdown2.o)
    0x080001ea   0x080001ea   0x00000000   Code   RO         3206    .ARM.Collect$$libshutdown$$0000000C  c_w.l(libshutdown2.o)
    0x080001ea   0x080001ea   0x00000000   Code   RO         3208    .ARM.Collect$$libshutdown$$0000000E  c_w.l(libshutdown2.o)
    0x080001ea   0x080001ea   0x00000000   Code   RO         3211    .ARM.Collect$$libshutdown$$00000011  c_w.l(libshutdown2.o)
    0x080001ea   0x080001ea   0x00000002   Code   RO         3212    .ARM.Collect$$libshutdown$$00000012  c_w.l(libshutdown2.o)
    0x080001ec   0x080001ec   0x00000000   Code   RO         3075    .ARM.Collect$$rtentry$$00000000  c_w.l(__rtentry.o)
    0x080001ec   0x080001ec   0x00000000   Code   RO         3090    .ARM.Collect$$rtentry$$00000002  c_w.l(__rtentry2.o)
    0x080001ec   0x080001ec   0x00000006   Code   RO         3102    .ARM.Collect$$rtentry$$00000004  c_w.l(__rtentry4.o)
    0x080001f2   0x080001f2   0x00000000   Code   RO         3092    .ARM.Collect$$rtentry$$00000009  c_w.l(__rtentry2.o)
    0x080001f2   0x080001f2   0x00000004   Code   RO         3093    .ARM.Collect$$rtentry$$0000000A  c_w.l(__rtentry2.o)
    0x080001f6   0x080001f6   0x00000000   Code   RO         3095    .ARM.Collect$$rtentry$$0000000C  c_w.l(__rtentry2.o)
    0x080001f6   0x080001f6   0x00000008   Code   RO         3096    .ARM.Collect$$rtentry$$0000000D  c_w.l(__rtentry2.o)
    0x080001fe   0x080001fe   0x00000002   Code   RO         3117    .ARM.Collect$$rtexit$$00000000  c_w.l(rtexit.o)
    0x08000200   0x08000200   0x00000000   Code   RO         3165    .ARM.Collect$$rtexit$$00000002  c_w.l(rtexit2.o)
    0x08000200   0x08000200   0x00000004   Code   RO         3166    .ARM.Collect$$rtexit$$00000003  c_w.l(rtexit2.o)
    0x08000204   0x08000204   0x00000006   Code   RO         3167    .ARM.Collect$$rtexit$$00000004  c_w.l(rtexit2.o)
    0x0800020a   0x0800020a   0x00000002   PAD
    0x0800020c   0x0800020c   0x00000040   Code   RO            4    .text               startup_stm32f103xg.o
    0x0800024c   0x0800024c   0x0000004e   Code   RO         3019    .text               c_w.l(rt_memclr_w.o)
    0x0800029a   0x0800029a   0x00000006   Code   RO         3021    .text               c_w.l(heapauxi.o)
    0x080002a0   0x080002a0   0x0000004a   Code   RO         3104    .text               c_w.l(sys_stackheap_outer.o)
    0x080002ea   0x080002ea   0x00000012   Code   RO         3106    .text               c_w.l(exit.o)
    0x080002fc   0x080002fc   0x00000008   Code   RO         3114    .text               c_w.l(libspace.o)
    0x08000304   0x08000304   0x0000000c   Code   RO         3175    .text               c_w.l(sys_exit.o)
    0x08000310   0x08000310   0x00000002   Code   RO         3186    .text               c_w.l(use_no_semi.o)
    0x08000312   0x08000312   0x00000000   Code   RO         3188    .text               c_w.l(indicate_semi.o)
    0x08000312   0x08000312   0x00000002   PAD
    0x08000314   0x08000314   0x0000009c   Code   RO          494    i.Add_event         events.o
    0x080003b0   0x080003b0   0x00000004   Code   RO          225    i.BusFault_Handler  stm32f1xx_it.o
    0x080003b4   0x080003b4   0x00000108   Code   RO          618    i.Buttons_control   buttons.o
    0x080004bc   0x080004bc   0x00000002   Code   RO          226    i.DebugMon_Handler  stm32f1xx_it.o
    0x080004be   0x080004be   0x00000002   PAD
    0x080004c0   0x080004c0   0x000000a4   Code   RO          619    i.Encoder_control   buttons.o
    0x08000564   0x08000564   0x00000006   Code   RO           13    i.Error_Handler     main.o
    0x0800056a   0x0800056a   0x00000002   PAD
    0x0800056c   0x0800056c   0x00000094   Code   RO          495    i.Events_init       events.o
    0x08000600   0x08000600   0x00000028   Code   RO         1679    i.HAL_Delay         stm32f1xx_hal.o
    0x08000628   0x08000628   0x00000340   Code   RO         1994    i.HAL_GPIO_Init     stm32f1xx_hal_gpio.o
    0x08000968   0x08000968   0x00000010   Code   RO         1996    i.HAL_GPIO_ReadPin  stm32f1xx_hal_gpio.o
    0x08000978   0x08000978   0x00000014   Code   RO         1997    i.HAL_GPIO_TogglePin  stm32f1xx_hal_gpio.o
    0x0800098c   0x0800098c   0x0000000c   Code   RO         1998    i.HAL_GPIO_WritePin  stm32f1xx_hal_gpio.o
    0x08000998   0x08000998   0x0000000c   Code   RO         1683    i.HAL_GetTick       stm32f1xx_hal.o
    0x080009a4   0x080009a4   0x00000018   Code   RO         1689    i.HAL_IncTick       stm32f1xx_hal.o
    0x080009bc   0x080009bc   0x00000028   Code   RO         1690    i.HAL_Init          stm32f1xx_hal.o
    0x080009e4   0x080009e4   0x0000004c   Code   RO         1691    i.HAL_InitTick      stm32f1xx_hal.o
    0x08000a30   0x08000a30   0x00000054   Code   RO          300    i.HAL_MspInit       stm32f1xx_hal_msp.o
    0x08000a84   0x08000a84   0x0000007c   Code   RO         2163    i.HAL_NVIC_SetPriority  stm32f1xx_hal_cortex.o
    0x08000b00   0x08000b00   0x00000028   Code   RO         2164    i.HAL_NVIC_SetPriorityGrouping  stm32f1xx_hal_cortex.o
    0x08000b28   0x08000b28   0x0000000c   Code   RO         2299    i.HAL_PWR_EnableBkUpAccess  stm32f1xx_hal_pwr.o
    0x08000b34   0x08000b34   0x0000011c   Code   RO         1955    i.HAL_RCCEx_GetPeriphCLKFreq  stm32f1xx_hal_rcc_ex.o
    0x08000c50   0x08000c50   0x00000130   Code   RO         1956    i.HAL_RCCEx_PeriphCLKConfig  stm32f1xx_hal_rcc_ex.o
    0x08000d80   0x08000d80   0x0000018c   Code   RO         1847    i.HAL_RCC_ClockConfig  stm32f1xx_hal_rcc.o
    0x08000f0c   0x08000f0c   0x0000000c   Code   RO         1852    i.HAL_RCC_GetHCLKFreq  stm32f1xx_hal_rcc.o
    0x08000f18   0x08000f18   0x00000020   Code   RO         1855    i.HAL_RCC_GetPCLK2Freq  stm32f1xx_hal_rcc.o
    0x08000f38   0x08000f38   0x00000074   Code   RO         1856    i.HAL_RCC_GetSysClockFreq  stm32f1xx_hal_rcc.o
    0x08000fac   0x08000fac   0x00000464   Code   RO         1859    i.HAL_RCC_OscConfig  stm32f1xx_hal_rcc.o
    0x08001410   0x08001410   0x00000052   Code   RO         2709    i.HAL_RTC_GetDate   stm32f1xx_hal_rtc.o
    0x08001462   0x08001462   0x00000104   Code   RO         2711    i.HAL_RTC_GetTime   stm32f1xx_hal_rtc.o
    0x08001566   0x08001566   0x00000002   PAD
    0x08001568   0x08001568   0x000000c0   Code   RO         2712    i.HAL_RTC_Init      stm32f1xx_hal_rtc.o
    0x08001628   0x08001628   0x00000040   Code   RO          302    i.HAL_RTC_MspInit   stm32f1xx_hal_msp.o
    0x08001668   0x08001668   0x000000f8   Code   RO         2718    i.HAL_RTC_SetDate   stm32f1xx_hal_rtc.o
    0x08001760   0x08001760   0x000000dc   Code   RO         2719    i.HAL_RTC_SetTime   stm32f1xx_hal_rtc.o
    0x0800183c   0x0800183c   0x00000040   Code   RO         2720    i.HAL_RTC_WaitForSynchro  stm32f1xx_hal_rtc.o
    0x0800187c   0x0800187c   0x00000034   Code   RO         2168    i.HAL_SYSTICK_Config  stm32f1xx_hal_cortex.o
    0x080018b0   0x080018b0   0x000000b4   Code   RO         1424    i.HAL_TIMEx_MasterConfigSynchronization  stm32f1xx_hal_tim_ex.o
    0x08001964   0x08001964   0x00000066   Code   RO          690    i.HAL_TIM_Base_Init  stm32f1xx_hal_tim.o
    0x080019ca   0x080019ca   0x00000002   PAD
    0x080019cc   0x080019cc   0x00000030   Code   RO          304    i.HAL_TIM_Base_MspInit  stm32f1xx_hal_msp.o
    0x080019fc   0x080019fc   0x0000009c   Code   RO          693    i.HAL_TIM_Base_Start  stm32f1xx_hal_tim.o
    0x08001a98   0x08001a98   0x0000010c   Code   RO          699    i.HAL_TIM_ConfigClockSource  stm32f1xx_hal_tim.o
    0x08001ba4   0x08001ba4   0x000000c4   Code   RO          711    i.HAL_TIM_Encoder_Init  stm32f1xx_hal_tim.o
    0x08001c68   0x08001c68   0x00000088   Code   RO          306    i.HAL_TIM_Encoder_MspInit  stm32f1xx_hal_msp.o
    0x08001cf0   0x08001cf0   0x000000cc   Code   RO          714    i.HAL_TIM_Encoder_Start  stm32f1xx_hal_tim.o
    0x08001dbc   0x08001dbc   0x00000004   Code   RO          227    i.HardFault_Handler  stm32f1xx_it.o
    0x08001dc0   0x08001dc0   0x00000014   Code   RO           15    i.LED1_ON           main.o
    0x08001dd4   0x08001dd4   0x00000010   Code   RO           16    i.LED1_Toggle       main.o
    0x08001de4   0x08001de4   0x00000010   Code   RO           19    i.LED2_Toggle       main.o
    0x08001df4   0x08001df4   0x00000140   Code   RO           20    i.MX_GPIO_Init      main.o
    0x08001f34   0x08001f34   0x00000078   Code   RO           21    i.MX_RTC_Init       main.o
    0x08001fac   0x08001fac   0x0000006c   Code   RO           22    i.MX_TIM3_Init      main.o
    0x08002018   0x08002018   0x0000008c   Code   RO           23    i.MX_TIM4_Init      main.o
    0x080020a4   0x080020a4   0x00000004   Code   RO          228    i.MemManage_Handler  stm32f1xx_it.o
    0x080020a8   0x080020a8   0x00000004   Code   RO          229    i.NMI_Handler       stm32f1xx_it.o
    0x080020ac   0x080020ac   0x00000002   Code   RO          230    i.PendSV_Handler    stm32f1xx_it.o
    0x080020ae   0x080020ae   0x00000002   PAD
    0x080020b0   0x080020b0   0x000000e4   Code   RO          531    i.Print_page_1      display_menu.o
    0x08002194   0x08002194   0x00000510   Code   RO          532    i.Print_page_2      display_menu.o
    0x080026a4   0x080026a4   0x000001e0   Code   RO          533    i.Print_page_2_1    display_menu.o
    0x08002884   0x08002884   0x0000019c   Code   RO          534    i.Print_page_3      display_menu.o
    0x08002a20   0x08002a20   0x00000208   Code   RO          535    i.Print_page_3_1    display_menu.o
    0x08002c28   0x08002c28   0x00000564   Code   RO          536    i.Print_page_4      display_menu.o
    0x0800318c   0x0800318c   0x00000134   Code   RO          537    i.Print_page_4_1    display_menu.o
    0x080032c0   0x080032c0   0x00000028   Code   RO         1860    i.RCC_Delay         stm32f1xx_hal_rcc.o
    0x080032e8   0x080032e8   0x00000016   Code   RO         2721    i.RTC_Bcd2ToByte    stm32f1xx_hal_rtc.o
    0x080032fe   0x080032fe   0x0000001a   Code   RO         2722    i.RTC_ByteToBcd2    stm32f1xx_hal_rtc.o
    0x08003318   0x08003318   0x000000b6   Code   RO         2723    i.RTC_DateUpdate    stm32f1xx_hal_rtc.o
    0x080033ce   0x080033ce   0x0000003a   Code   RO         2724    i.RTC_EnterInitMode  stm32f1xx_hal_rtc.o
    0x08003408   0x08003408   0x0000003a   Code   RO         2725    i.RTC_ExitInitMode  stm32f1xx_hal_rtc.o
    0x08003442   0x08003442   0x00000032   Code   RO         2726    i.RTC_IsLeapYear    stm32f1xx_hal_rtc.o
    0x08003474   0x08003474   0x00000018   Code   RO         2727    i.RTC_ReadAlarmCounter  stm32f1xx_hal_rtc.o
    0x0800348c   0x0800348c   0x00000034   Code   RO         2728    i.RTC_ReadTimeCounter  stm32f1xx_hal_rtc.o
    0x080034c0   0x080034c0   0x00000084   Code   RO         2729    i.RTC_WeekDayNum    stm32f1xx_hal_rtc.o
    0x08003544   0x08003544   0x0000002e   Code   RO         2730    i.RTC_WriteAlarmCounter  stm32f1xx_hal_rtc.o
    0x08003572   0x08003572   0x0000002e   Code   RO         2731    i.RTC_WriteTimeCounter  stm32f1xx_hal_rtc.o
    0x080035a0   0x080035a0   0x00000002   Code   RO          231    i.SVC_Handler       stm32f1xx_it.o
    0x080035a2   0x080035a2   0x00000008   Code   RO          232    i.SysTick_Handler   stm32f1xx_it.o
    0x080035aa   0x080035aa   0x00000086   Code   RO           24    i.SystemClock_Config  main.o
    0x08003630   0x08003630   0x00000002   Code   RO         2982    i.SystemInit        system_stm32f1xx.o
    0x08003632   0x08003632   0x00000002   PAD
    0x08003634   0x08003634   0x000000d8   Code   RO          783    i.TIM_Base_SetConfig  stm32f1xx_hal_tim.o
    0x0800370c   0x0800370c   0x00000022   Code   RO          784    i.TIM_CCxChannelCmd  stm32f1xx_hal_tim.o
    0x0800372e   0x0800372e   0x00000016   Code   RO          794    i.TIM_ETR_SetConfig  stm32f1xx_hal_tim.o
    0x08003744   0x08003744   0x00000012   Code   RO          795    i.TIM_ITRx_SetConfig  stm32f1xx_hal_tim.o
    0x08003756   0x08003756   0x00000026   Code   RO          801    i.TIM_TI1_ConfigInputStage  stm32f1xx_hal_tim.o
    0x0800377c   0x0800377c   0x00000028   Code   RO          803    i.TIM_TI2_ConfigInputStage  stm32f1xx_hal_tim.o
    0x080037a4   0x080037a4   0x00000004   Code   RO          233    i.UsageFault_Handler  stm32f1xx_it.o
    0x080037a8   0x080037a8   0x00000012   Code   RO          360    i.WH2004_cmd_clear_display  indicator_20_4.o
    0x080037ba   0x080037ba   0x0000001a   Code   RO          361    i.WH2004_cmd_entry_mode  indicator_20_4.o
    0x080037d4   0x080037d4   0x0000001e   Code   RO          362    i.WH2004_cmd_function_set  indicator_20_4.o
    0x080037f2   0x080037f2   0x0000001e   Code   RO          363    i.WH2004_cmd_on_off  indicator_20_4.o
    0x08003810   0x08003810   0x00000018   Code   RO          366    i.WH2004_cmd_set_ddram  indicator_20_4.o
    0x08003828   0x08003828   0x0000004c   Code   RO          368    i.WH2004_init       indicator_20_4.o
    0x08003874   0x08003874   0x0000010c   Code   RO          369    i.WH2004_print_fl_2_1  indicator_20_4.o
    0x08003980   0x08003980   0x00000130   Code   RO          370    i.WH2004_print_fl_2_2  indicator_20_4.o
    0x08003ab0   0x08003ab0   0x0000012c   Code   RO          371    i.WH2004_print_fl_3_1  indicator_20_4.o
    0x08003bdc   0x08003bdc   0x00000040   Code   RO          372    i.WH2004_print_sl_2  indicator_20_4.o
    0x08003c1c   0x08003c1c   0x00000118   Code   RO          373    i.WH2004_print_sl_5  indicator_20_4.o
    0x08003d34   0x08003d34   0x00000050   Code   RO          374    i.WH2004_set_cursor  indicator_20_4.o
    0x08003d84   0x08003d84   0x00000012   Code   RO          375    i.WH2004_write      indicator_20_4.o
    0x08003d96   0x08003d96   0x00000002   PAD
    0x08003d98   0x08003d98   0x00000060   Code   RO          376    i.WH2004_write_str  indicator_20_4.o
    0x08003df8   0x08003df8   0x00000010   Code   RO         2170    i.__NVIC_GetPriorityGrouping  stm32f1xx_hal_cortex.o
    0x08003e08   0x08003e08   0x00000028   Code   RO         2171    i.__NVIC_SetPriority  stm32f1xx_hal_cortex.o
    0x08003e30   0x08003e30   0x00000154   Code   RO           25    i.main              main.o
    0x08003f84   0x08003f84   0x00000044   Code   RO          377    i.send_command      indicator_20_4.o
    0x08003fc8   0x08003fc8   0x00000044   Code   RO          378    i.send_data         indicator_20_4.o
    0x0800400c   0x0800400c   0x00000034   Code   RO           26    i.usDelay           main.o
    0x08004040   0x08004040   0x00000062   Code   RO         3025    x$fpl$d2f           fz_ws.l(d2f.o)
    0x080040a2   0x080040a2   0x00000002   PAD
    0x080040a4   0x080040a4   0x00000150   Code   RO         3027    x$fpl$dadd          fz_ws.l(daddsub_clz.o)
    0x080041f4   0x080041f4   0x00000018   Code   RO         3076    x$fpl$dcmpinf       fz_ws.l(dcmpi.o)
    0x0800420c   0x0800420c   0x000002b0   Code   RO         3034    x$fpl$ddiv          fz_ws.l(ddiv.o)
    0x080044bc   0x080044bc   0x0000005e   Code   RO         3037    x$fpl$dfix          fz_ws.l(dfix.o)
    0x0800451a   0x0800451a   0x00000002   PAD
    0x0800451c   0x0800451c   0x00000078   Code   RO         3041    x$fpl$dleqf         fz_ws.l(dleqf.o)
    0x08004594   0x08004594   0x00000154   Code   RO         3043    x$fpl$dmul          fz_ws.l(dmul.o)
    0x080046e8   0x080046e8   0x0000009c   Code   RO         3078    x$fpl$dnaninf       fz_ws.l(dnaninf.o)
    0x08004784   0x08004784   0x0000000c   Code   RO         3080    x$fpl$dretinf       fz_ws.l(dretinf.o)
    0x08004790   0x08004790   0x0000006c   Code   RO         3045    x$fpl$drleqf        fz_ws.l(drleqf.o)
    0x080047fc   0x080047fc   0x000001d4   Code   RO         3029    x$fpl$dsub          fz_ws.l(daddsub_clz.o)
    0x080049d0   0x080049d0   0x00000056   Code   RO         3047    x$fpl$f2d           fz_ws.l(f2d.o)
    0x08004a26   0x08004a26   0x00000002   PAD
    0x08004a28   0x08004a28   0x000000c4   Code   RO         3049    x$fpl$fadd          fz_ws.l(faddsub_clz.o)
    0x08004aec   0x08004aec   0x00000018   Code   RO         3082    x$fpl$fcmpinf       fz_ws.l(fcmpi.o)
    0x08004b04   0x08004b04   0x00000184   Code   RO         3056    x$fpl$fdiv          fz_ws.l(fdiv.o)
    0x08004c88   0x08004c88   0x00000036   Code   RO         3059    x$fpl$ffix          fz_ws.l(ffix.o)
    0x08004cbe   0x08004cbe   0x00000002   PAD
    0x08004cc0   0x08004cc0   0x00000026   Code   RO         3063    x$fpl$ffltu         fz_ws.l(fflt_clz.o)
    0x08004ce6   0x08004ce6   0x00000002   PAD
    0x08004ce8   0x08004ce8   0x00000068   Code   RO         3069    x$fpl$fleqf         fz_ws.l(fleqf.o)
    0x08004d50   0x08004d50   0x00000102   Code   RO         3071    x$fpl$fmul          fz_ws.l(fmul.o)
    0x08004e52   0x08004e52   0x0000008c   Code   RO         3084    x$fpl$fnaninf       fz_ws.l(fnaninf.o)
    0x08004ede   0x08004ede   0x0000000a   Code   RO         3086    x$fpl$fretinf       fz_ws.l(fretinf.o)
    0x08004ee8   0x08004ee8   0x00000062   Code   RO         3073    x$fpl$frleqf        fz_ws.l(frleqf.o)
    0x08004f4a   0x08004f4a   0x00000002   PAD
    0x08004f4c   0x08004f4c   0x000000ea   Code   RO         3051    x$fpl$fsub          fz_ws.l(faddsub_clz.o)
    0x08005036   0x08005036   0x00000000   Code   RO         3088    x$fpl$usenofp       fz_ws.l(usenofp.o)
    0x08005036   0x08005036   0x00000001   Data   RO          497    .constdata          events.o
    0x08005037   0x08005037   0x00000001   PAD
    0x08005038   0x08005038   0x00000029   Data   RO          595    .constdata          parametrs.o
    0x08005061   0x08005061   0x00000012   Data   RO         1861    .constdata          stm32f1xx_hal_rcc.o
    0x08005073   0x08005073   0x00000012   Data   RO         1957    .constdata          stm32f1xx_hal_rcc_ex.o
    0x08005085   0x08005085   0x00000018   Data   RO         2983    .constdata          system_stm32f1xx.o
    0x0800509d   0x0800509d   0x00000003   PAD
    0x080050a0   0x080050a0   0x00000070   Data   RO          498    .conststring        events.o
    0x08005110   0x08005110   0x000000c4   Data   RO          596    .conststring        parametrs.o
    0x080051d4   0x080051d4   0x00000020   Data   RO         3243    Region$$Table       anon$$obj.o


    Execution Region RW_IRAM1 (Exec base: 0x20000000, Load base: 0x080051f4, Size: 0x00000aa8, Max: 0x00018000, ABSOLUTE, COMPRESSED[0x000001d4])

    Exec Addr    Load Addr    Size         Type   Attr      Idx    E Section Name        Object

    0x20000000   COMPRESSED   0x0000000c   Data   RW           28    .data               main.o
    0x2000000c   COMPRESSED   0x00000101   Data   RW          380    .data               indicator_20_4.o
    0x2000010d   COMPRESSED   0x00000003   PAD
    0x20000110   COMPRESSED   0x00000021   Data   RW          499    .data               events.o
    0x20000131   COMPRESSED   0x00000003   PAD
    0x20000134   COMPRESSED   0x0000000c   Data   RW          538    .data               display_menu.o
    0x20000140   COMPRESSED   0x00000168   Data   RW          597    .data               parametrs.o
    0x200002a8   COMPRESSED   0x00000014   Data   RW          620    .data               buttons.o
    0x200002bc   COMPRESSED   0x00000009   Data   RW         1697    .data               stm32f1xx_hal.o
    0x200002c5   COMPRESSED   0x00000003   PAD
    0x200002c8   COMPRESSED   0x00000004   Data   RW         2984    .data               system_stm32f1xx.o
    0x200002cc        -       0x000000a4   Zero   RW           27    .bss                main.o
    0x20000370        -       0x0000000b   Zero   RW          379    .bss                indicator_20_4.o
    0x2000037b   COMPRESSED   0x00000001   PAD
    0x2000037c        -       0x000000c8   Zero   RW          496    .bss                events.o
    0x20000444        -       0x00000060   Zero   RW         3115    .bss                c_w.l(libspace.o)
    0x200004a4   COMPRESSED   0x00000004   PAD
    0x200004a8        -       0x00000200   Zero   RW            2    HEAP                startup_stm32f103xg.o
    0x200006a8        -       0x00000400   Zero   RW            1    STACK               startup_stm32f103xg.o


==============================================================================

Image component sizes


      Code (inc. data)   RO Data    RW Data    ZI Data      Debug   Object Name

       428         70          0         20          0       1802   buttons.o
      4624        684          0         12          0       6882   display_menu.o
       304         38        113         33        200       1885   events.o
      1750        164          0        257         11       9991   indicator_20_4.o
      1272        122          0         12        164     500570   main.o
         0          0        237        360          0        878   parametrs.o
        64         26        304          0       1536        788   startup_stm32f103xg.o
       192         36          0          9          0       7265   stm32f1xx_hal.o
       272         22          0          0          0      30654   stm32f1xx_hal_cortex.o
       880         40          0          0          0       3836   stm32f1xx_hal_gpio.o
       332         46          0          0          0       2681   stm32f1xx_hal_msp.o
        12          4          0          0          0        491   stm32f1xx_hal_pwr.o
      1720         92         18          0          0       5265   stm32f1xx_hal_rcc.o
       588         38         18          0          0       2325   stm32f1xx_hal_rcc_ex.o
      1762         16          0          0          0      12512   stm32f1xx_hal_rtc.o
      1294         76          0          0          0       8637   stm32f1xx_hal_tim.o
       180         30          0          0          0       1304   stm32f1xx_hal_tim_ex.o
        34          0          0          0          0       3734   stm32f1xx_it.o
         2          0         24          4          0       1055   system_stm32f1xx.o

    ----------------------------------------------------------------------
     15724       1504        750        716       1912     602555   Object Totals
         0          0         32          0          0          0   (incl. Generated)
        14          0          4          9          1          0   (incl. Padding)

    ----------------------------------------------------------------------

      Code (inc. data)   RO Data    RW Data    ZI Data      Debug   Library Member Name

        90          0          0          0          0          0   __dczerorl2.o
         8          0          0          0          0         68   __main.o
         0          0          0          0          0          0   __rtentry.o
        12          0          0          0          0          0   __rtentry2.o
         6          0          0          0          0          0   __rtentry4.o
        52          8          0          0          0          0   __scatter.o
        28          0          0          0          0          0   __scatter_zi.o
        18          0          0          0          0         80   exit.o
         6          0          0          0          0        152   heapauxi.o
         0          0          0          0          0          0   indicate_semi.o
         2          0          0          0          0          0   libinit.o
         2          0          0          0          0          0   libinit2.o
         2          0          0          0          0          0   libshutdown.o
         2          0          0          0          0          0   libshutdown2.o
         8          4          0          0         96         68   libspace.o
        78          0          0          0          0         80   rt_memclr_w.o
         2          0          0          0          0          0   rtexit.o
        10          0          0          0          0          0   rtexit2.o
        12          4          0          0          0         68   sys_exit.o
        74          0          0          0          0         80   sys_stackheap_outer.o
         2          0          0          0          0         68   use_no_semi.o
        98          4          0          0          0         92   d2f.o
       804         16          0          0          0        272   daddsub_clz.o
        24          0          0          0          0         68   dcmpi.o
       688        140          0          0          0        208   ddiv.o
        94          4          0          0          0         92   dfix.o
       120          4          0          0          0         92   dleqf.o
       340         12          0          0          0        104   dmul.o
       156          4          0          0          0         92   dnaninf.o
        12          0          0          0          0         68   dretinf.o
       108          0          0          0          0         80   drleqf.o
        86          4          0          0          0         84   f2d.o
       430          8          0          0          0        168   faddsub_clz.o
        24          0          0          0          0         68   fcmpi.o
       388         76          0          0          0         96   fdiv.o
        54          4          0          0          0         84   ffix.o
        38          0          0          0          0         68   fflt_clz.o
       104          4          0          0          0         84   fleqf.o
       258          4          0          0          0         84   fmul.o
       140          4          0          0          0         84   fnaninf.o
        10          0          0          0          0         68   fretinf.o
        98          0          0          0          0         68   frleqf.o
         0          0          0          0          0          0   usenofp.o

    ----------------------------------------------------------------------
      4506        304          0          0        100       2788   Library Totals
        18          0          0          0          4          0   (incl. Padding)

    ----------------------------------------------------------------------

      Code (inc. data)   RO Data    RW Data    ZI Data      Debug   Library Name

       414         16          0          0         96        664   c_w.l
      4074        288          0          0          0       2124   fz_ws.l

    ----------------------------------------------------------------------
      4506        304          0          0        100       2788   Library Totals

    ----------------------------------------------------------------------

==============================================================================


      Code (inc. data)   RO Data    RW Data    ZI Data      Debug   

     20230       1808        750        716       2012     598839   Grand Totals
     20230       1808        750        468       2012     598839   ELF Image Totals (compressed)
     20230       1808        750        468          0          0   ROM Totals

==============================================================================

    Total RO  Size (Code + RO Data)                20980 (  20.49kB)
    Total RW  Size (RW Data + ZI Data)              2728 (   2.66kB)
    Total ROM Size (Code + RO Data + RW Data)      21448 (  20.95kB)

==============================================================================

