Component: ARM Compiler 5.06 update 6 (build 750) Tool: armlink [4d35ed]

==============================================================================

Section Cross References

    startup_stm32f103xg.o(STACK) refers (Special) to heapauxi.o(.text) for __use_two_region_memory
    startup_stm32f103xg.o(HEAP) refers (Special) to heapauxi.o(.text) for __use_two_region_memory
    startup_stm32f103xg.o(RESET) refers (Special) to heapauxi.o(.text) for __use_two_region_memory
    startup_stm32f103xg.o(RESET) refers to startup_stm32f103xg.o(STACK) for __initial_sp
    startup_stm32f103xg.o(RESET) refers to startup_stm32f103xg.o(.text) for Reset_Handler
    startup_stm32f103xg.o(RESET) refers to stm32f1xx_it.o(i.NMI_Handler) for NMI_Handler
    startup_stm32f103xg.o(RESET) refers to stm32f1xx_it.o(i.HardFault_Handler) for HardFault_Handler
    startup_stm32f103xg.o(RESET) refers to stm32f1xx_it.o(i.MemManage_Handler) for MemManage_Handler
    startup_stm32f103xg.o(RESET) refers to stm32f1xx_it.o(i.BusFault_Handler) for BusFault_Handler
    startup_stm32f103xg.o(RESET) refers to stm32f1xx_it.o(i.UsageFault_Handler) for UsageFault_Handler
    startup_stm32f103xg.o(RESET) refers to stm32f1xx_it.o(i.SVC_Handler) for SVC_Handler
    startup_stm32f103xg.o(RESET) refers to stm32f1xx_it.o(i.DebugMon_Handler) for DebugMon_Handler
    startup_stm32f103xg.o(RESET) refers to stm32f1xx_it.o(i.PendSV_Handler) for PendSV_Handler
    startup_stm32f103xg.o(RESET) refers to stm32f1xx_it.o(i.SysTick_Handler) for SysTick_Handler
    startup_stm32f103xg.o(.text) refers (Special) to heapauxi.o(.text) for __use_two_region_memory
    startup_stm32f103xg.o(.text) refers to system_stm32f1xx.o(i.SystemInit) for SystemInit
    startup_stm32f103xg.o(.text) refers to __main.o(!!!main) for __main
    startup_stm32f103xg.o(.text) refers to startup_stm32f103xg.o(HEAP) for Heap_Mem
    startup_stm32f103xg.o(.text) refers to startup_stm32f103xg.o(STACK) for Stack_Mem
    main.o(i.LED1_OFF) refers to stm32f1xx_hal_gpio.o(i.HAL_GPIO_WritePin) for HAL_GPIO_WritePin
    main.o(i.LED1_ON) refers to stm32f1xx_hal_gpio.o(i.HAL_GPIO_WritePin) for HAL_GPIO_WritePin
    main.o(i.LED1_Toggle) refers to stm32f1xx_hal_gpio.o(i.HAL_GPIO_TogglePin) for HAL_GPIO_TogglePin
    main.o(i.LED2_OFF) refers to stm32f1xx_hal_gpio.o(i.HAL_GPIO_WritePin) for HAL_GPIO_WritePin
    main.o(i.LED2_ON) refers to stm32f1xx_hal_gpio.o(i.HAL_GPIO_WritePin) for HAL_GPIO_WritePin
    main.o(i.LED2_Toggle) refers to stm32f1xx_hal_gpio.o(i.HAL_GPIO_TogglePin) for HAL_GPIO_TogglePin
    main.o(i.MX_GPIO_Init) refers to stm32f1xx_hal_gpio.o(i.HAL_GPIO_WritePin) for HAL_GPIO_WritePin
    main.o(i.MX_GPIO_Init) refers to stm32f1xx_hal_gpio.o(i.HAL_GPIO_Init) for HAL_GPIO_Init
    main.o(i.MX_RTC_Init) refers to stm32f1xx_hal_rtc.o(i.HAL_RTC_Init) for HAL_RTC_Init
    main.o(i.MX_RTC_Init) refers to main.o(i.Error_Handler) for Error_Handler
    main.o(i.MX_RTC_Init) refers to stm32f1xx_hal_rtc.o(i.HAL_RTC_SetTime) for HAL_RTC_SetTime
    main.o(i.MX_RTC_Init) refers to stm32f1xx_hal_rtc.o(i.HAL_RTC_SetDate) for HAL_RTC_SetDate
    main.o(i.MX_RTC_Init) refers to main.o(.bss) for hrtc
    main.o(i.MX_TIM4_Init) refers to stm32f1xx_hal_tim.o(i.HAL_TIM_Base_Init) for HAL_TIM_Base_Init
    main.o(i.MX_TIM4_Init) refers to main.o(i.Error_Handler) for Error_Handler
    main.o(i.MX_TIM4_Init) refers to stm32f1xx_hal_tim.o(i.HAL_TIM_ConfigClockSource) for HAL_TIM_ConfigClockSource
    main.o(i.MX_TIM4_Init) refers to stm32f1xx_hal_tim_ex.o(i.HAL_TIMEx_MasterConfigSynchronization) for HAL_TIMEx_MasterConfigSynchronization
    main.o(i.MX_TIM4_Init) refers to main.o(.bss) for htim4
    main.o(i.SystemClock_Config) refers to rt_memclr_w.o(.text) for __aeabi_memclr4
    main.o(i.SystemClock_Config) refers to stm32f1xx_hal_rcc.o(i.HAL_RCC_OscConfig) for HAL_RCC_OscConfig
    main.o(i.SystemClock_Config) refers to main.o(i.Error_Handler) for Error_Handler
    main.o(i.SystemClock_Config) refers to stm32f1xx_hal_rcc.o(i.HAL_RCC_ClockConfig) for HAL_RCC_ClockConfig
    main.o(i.SystemClock_Config) refers to stm32f1xx_hal_rcc_ex.o(i.HAL_RCCEx_PeriphCLKConfig) for HAL_RCCEx_PeriphCLKConfig
    main.o(i.main) refers to stm32f1xx_hal.o(i.HAL_Init) for HAL_Init
    main.o(i.main) refers to main.o(i.SystemClock_Config) for SystemClock_Config
    main.o(i.main) refers to main.o(i.MX_GPIO_Init) for MX_GPIO_Init
    main.o(i.main) refers to main.o(i.MX_TIM4_Init) for MX_TIM4_Init
    main.o(i.main) refers to main.o(i.MX_RTC_Init) for MX_RTC_Init
    main.o(i.main) refers to stm32f1xx_hal_tim.o(i.HAL_TIM_Base_Start) for HAL_TIM_Base_Start
    main.o(i.main) refers to stm32f1xx_hal.o(i.HAL_Delay) for HAL_Delay
    main.o(i.main) refers to indicator_20_4.o(i.WH2004_init) for WH2004_init
    main.o(i.main) refers to events.o(i.Events_init) for Events_init
    main.o(i.main) refers to main.o(i.LED1_ON) for LED1_ON
    main.o(i.main) refers to buttons.o(i.Buttons_control) for Buttons_control
[...]
    ../fplib/usenofp.s                       0x00000000   Number         0  usenofp.o ABSOLUTE
    ..\Core\Src\Buttons.c                    0x00000000   Number         0  buttons.o ABSOLUTE
    ..\Core\Src\Display_menu.c               0x00000000   Number         0  display_menu.o ABSOLUTE
    ..\Core\Src\Events.c                     0x00000000   Number         0  events.o ABSOLUTE
    ..\Core\Src\Indicator_20_4.c             0x00000000   Number         0  indicator_20_4.o ABSOLUTE
    ..\Core\Src\Parametrs.c                  0x00000000   Number         0  parametrs.o ABSOLUTE
    ..\Core\Src\main.c                       0x00000000   Number         0  main.o ABSOLUTE
    ..\Core\Src\stm32f1xx_hal_msp.c          0x00000000   Number         0  stm32f1xx_hal_msp.o ABSOLUTE
    ..\Core\Src\stm32f1xx_it.c               0x00000000   Number         0  stm32f1xx_it.o ABSOLUTE
    ..\Core\Src\system_stm32f1xx.c           0x00000000   Number         0  system_stm32f1xx.o ABSOLUTE
    ..\Drivers\STM32F1xx_HAL_Driver\Src\stm32f1xx_hal.c 0x00000000   Number         0  stm32f1xx_hal.o ABSOLUTE
    ..\Drivers\STM32F1xx_HAL_Driver\Src\stm32f1xx_hal_cortex.c 0x00000000   Number         0  stm32f1xx_hal_cortex.o ABSOLUTE
    ..\Drivers\STM32F1xx_HAL_Driver\Src\stm32f1xx_hal_dma.c 0x00000000   Number         0  stm32f1xx_hal_dma.o ABSOLUTE
    ..\Drivers\STM32F1xx_HAL_Driver\Src\stm32f1xx_hal_exti.c 0x00000000   Number         0  stm32f1xx_hal_exti.o ABSOLUTE
    ..\Drivers\STM32F1xx_HAL_Driver\Src\stm32f1xx_hal_flash.c 0x00000000   Number         0  stm32f1xx_hal_flash.o ABSOLUTE
    ..\Drivers\STM32F1xx_HAL_Driver\Src\stm32f1xx_hal_flash_ex.c 0x00000000   Number         0  stm32f1xx_hal_flash_ex.o ABSOLUTE
    ..\Drivers\STM32F1xx_HAL_Driver\Src\stm32f1xx_hal_gpio.c 0x00000000   Number         0  stm32f1xx_hal_gpio.o ABSOLUTE
    ..\Drivers\STM32F1xx_HAL_Driver\Src\stm32f1xx_hal_gpio_ex.c 0x00000000   Number         0  stm32f1xx_hal_gpio_ex.o ABSOLUTE
    ..\Drivers\STM32F1xx_HAL_Driver\Src\stm32f1xx_hal_pwr.c 0x00000000   Number         0  stm32f1xx_hal_pwr.o ABSOLUTE
    ..\Drivers\STM32F1xx_HAL_Driver\Src\stm32f1xx_hal_rcc.c 0x00000000   Number         0  stm32f1xx_hal_rcc.o ABSOLUTE
    ..\Drivers\STM32F1xx_HAL_Driver\Src\stm32f1xx_hal_rcc_ex.c 0x00000000   Number         0  stm32f1xx_hal_rcc_ex.o ABSOLUTE
    ..\Drivers\STM32F1xx_HAL_Driver\Src\stm32f1xx_hal_rtc.c 0x00000000   Number         0  stm32f1xx_hal_rtc.o ABSOLUTE
    ..\Drivers\STM32F1xx_HAL_Driver\Src\stm32f1xx_hal_rtc_ex.c 0x00000000   Number         0  stm32f1xx_hal_rtc_ex.o ABSOLUTE
    ..\Drivers\STM32F1xx_HAL_Driver\Src\stm32f1xx_hal_tim.c 0x00000000   Number         0  stm32f1xx_hal_tim.o ABSOLUTE
    ..\Drivers\STM32F1xx_HAL_Driver\Src\stm32f1xx_hal_tim_ex.c 0x00000000   Number         0  stm32f1xx_hal_tim_ex.o ABSOLUTE
    ..\\Core\\Src\\Buttons.c                 0x00000000   Number         0  buttons.o ABSOLUTE
    ..\\Core\\Src\\Display_menu.c            0x00000000   Number         0  display_menu.o ABSOLUTE
    ..\\Core\\Src\\Events.c                  0x00000000   Number         0  events.o ABSOLUTE
    ..\\Core\\Src\\Indicator_20_4.c          0x00000000   Number         0  indicator_20_4.o ABSOLUTE
    ..\\Core\\Src\\Parametrs.c               0x00000000   Number         0  parametrs.o ABSOLUTE
    ..\\Drivers\\STM32F1xx_HAL_Driver\\Src\\stm32f1xx_hal_rtc.c 0x00000000   Number         0  stm32f1xx_hal_rtc.o ABSOLUTE
    ..\\Drivers\\STM32F1xx_HAL_Driver\\Src\\stm32f1xx_hal_rtc_ex.c 0x00000000   Number         0  stm32f1xx_hal_rtc_ex.o ABSOLUTE
    dc.s                                     0x00000000   Number         0  dc.o ABSOLUTE
    startup_stm32f103xg.s                    0x00000000   Number         0  startup_stm32f103xg.o ABSOLUTE
    RESET                                    0x08000000   Section      304  startup_stm32f103xg.o(RESET)
    !!!main                                  0x08000130   Section        8  __main.o(!!!main)
    !!!scatter                               0x08000138   Section       52  __scatter.o(!!!scatter)
    !!dczerorl2                              0x0800016c   Section       90  __dczerorl2.o(!!dczerorl2)
    !!handler_zi                             0x080001c8   Section       28  __scatter_zi.o(!!handler_zi)
    .ARM.Collect$$libinit$$00000000          0x080001e4   Section        2  libinit.o(.ARM.Collect$$libinit$$00000000)
    .ARM.Collect$$libinit$$00000002          0x080001e6   Section        0  libinit2.o(.ARM.Collect$$libinit$$00000002)
    .ARM.Collect$$libinit$$00000004          0x080001e6   Section        0  libinit2.o(.ARM.Collect$$libinit$$00000004)
    .ARM.Collect$$libinit$$0000000A          0x080001e6   Section        0  libinit2.o(.ARM.Collect$$libinit$$0000000A)
    .ARM.Collect$$libinit$$0000000C          0x080001e6   Section        0  libinit2.o(.ARM.Collect$$libinit$$0000000C)
    .ARM.Collect$$libinit$$0000000E          0x080001e6   Section        0  libinit2.o(.ARM.Collect$$libinit$$0000000E)
    .ARM.Collect$$libinit$$00000011          0x080001e6   Section        0  libinit2.o(.ARM.Collect$$libinit$$00000011)
    .ARM.Collect$$libinit$$00000013          0x080001e6   Section        0  libinit2.o(.ARM.Collect$$libinit$$00000013)
    .ARM.Collect$$libinit$$00000015          0x080001e6   Section        0  libinit2.o(.ARM.Collect$$libinit$$00000015)
    .ARM.Collect$$libinit$$00000017          0x080001e6   Section        0  libinit2.o(.ARM.Collect$$libinit$$00000017)
    .ARM.Collect$$libinit$$00000019          0x080001e6   Section        0  libinit2.o(.ARM.Collect$$libinit$$00000019)
    .ARM.Collect$$libinit$$0000001B          0x080001e6   Section        0  libinit2.o(.ARM.Collect$$libinit$$0000001B)
    .ARM.Collect$$libinit$$0000001D          0x080001e6   Section        0  libinit2.o(.ARM.Collect$$libinit$$0000001D)
    .ARM.Collect$$libinit$$0000001F          0x080001e6   Section        0  libinit2.o(.ARM.Collect$$libinit$$0000001F)
    .ARM.Collect$$libinit$$00000021          0x080001e6   Section        0  libinit2.o(.ARM.Collect$$libinit$$00000021)
    .ARM.Collect$$libinit$$00000023          0x080001e6   Section        0  libinit2.o(.ARM.Collect$$libinit$$00000023)
    .ARM.Collect$$libinit$$00000025          0x080001e6   Section        0  libinit2.o(.ARM.Collect$$libinit$$00000025)
    .ARM.Collect$$libinit$$0000002C          0x080001e6   Section        0  libinit2.o(.ARM.Collect$$libinit$$0000002C)
    .ARM.Collect$$libinit$$0000002E          0x080001e6   Section        0  libinit2.o(.ARM.Collect$$libinit$$0000002E)
    .ARM.Collect$$libinit$$00000030          0x080001e6   Section        0  libinit2.o(.ARM.Collect$$libinit$$00000030)
    .ARM.Collect$$libinit$$00000032          0x080001e6   Section        0  libinit2.o(.ARM.Collect$$libinit$$00000032)
    .ARM.Collect$$libinit$$00000033          0x080001e6   Section        2  libinit2.o(.ARM.Collect$$libinit$$00000033)
    .ARM.Collect$$libshutdown$$00000000      0x080001e8   Section        2  libshutdown.o(.ARM.Collect$$libshutdown$$00000000)
    .ARM.Collect$$libshutdown$$00000002      0x080001ea   Section        0  libshutdown2.o(.ARM.Collect$$libshutdown$$00000002)
    .ARM.Collect$$libshutdown$$00000004      0x080001ea   Section        0  libshutdown2.o(.ARM.Collect$$libshutdown$$00000004)
    .ARM.Collect$$libshutdown$$00000007      0x080001ea   Section        0  libshutdown2.o(.ARM.Collect$$libshutdown$$00000007)
    .ARM.Collect$$libshutdown$$0000000A      0x080001ea   Section        0  libshutdown2.o(.ARM.Collect$$libshutdown$$0000000A)
    .ARM.Collect$$libshutdown$$0000000C      0x080001ea   Section        0  libshutdown2.o(.ARM.Collect$$libshutdown$$0000000C)
    .ARM.Collect$$libshutdown$$0000000F      0x080001ea   Section        0  libshutdown2.o(.ARM.Collect$$libshutdown$$0000000F)
    .ARM.Collect$$libshutdown$$00000010      0x080001ea   Section        2  libshutdown2.o(.ARM.Collect$$libshutdown$$00000010)
    .ARM.Collect$$rtentry$$00000000          0x080001ec   Section        0  __rtentry.o(.ARM.Collect$$rtentry$$00000000)
    .ARM.Collect$$rtentry$$00000002          0x080001ec   Section        0  __rtentry2.o(.ARM.Collect$$rtentry$$00000002)
    .ARM.Collect$$rtentry$$00000004          0x080001ec   Section        6  __rtentry4.o(.ARM.Collect$$rtentry$$00000004)
    .ARM.Collect$$rtentry$$00000009          0x080001f2   Section        0  __rtentry2.o(.ARM.Collect$$rtentry$$00000009)
    .ARM.Collect$$rtentry$$0000000A          0x080001f2   Section        4  __rtentry2.o(.ARM.Collect$$rtentry$$0000000A)
    .ARM.Collect$$rtentry$$0000000C          0x080001f6   Section        0  __rtentry2.o(.ARM.Collect$$rtentry$$0000000C)
    .ARM.Collect$$rtentry$$0000000D          0x080001f6   Section        8  __rtentry2.o(.ARM.Collect$$rtentry$$0000000D)
    .ARM.Collect$$rtexit$$00000000           0x080001fe   Section        2  rtexit.o(.ARM.Collect$$rtexit$$00000000)
    .ARM.Collect$$rtexit$$00000002           0x08000200   Section        0  rtexit2.o(.ARM.Collect$$rtexit$$00000002)
    .ARM.Collect$$rtexit$$00000003           0x08000200   Section        4  rtexit2.o(.ARM.Collect$$rtexit$$00000003)
    .ARM.Collect$$rtexit$$00000004           0x08000204   Section        6  rtexit2.o(.ARM.Collect$$rtexit$$00000004)
    .text                                    0x0800020c   Section       64  startup_stm32f103xg.o(.text)
    .text                                    0x0800024c   Section       78  rt_memclr_w.o(.text)
    .text                                    0x0800029a   Section        0  heapauxi.o(.text)
    .text                                    0x080002a0   Section       74  sys_stackheap_outer.o(.text)
    .text                                    0x080002ea   Section        0  exit.o(.text)
    .text                                    0x080002fc   Section        8  libspace.o(.text)
    .text                                    0x08000304   Section        0  sys_exit.o(.text)
    .text                                    0x08000310   Section        2  use_no_semi.o(.text)
    .text                                    0x08000312   Section        0  indicate_semi.o(.text)
    i.Add_event                              0x08000314   Section        0  events.o(i.Add_event)
    i.BusFault_Handler                       0x080003b0   Section        0  stm32f1xx_it.o(i.BusFault_Handler)
    i.Buttons_control                        0x080003b4   Section        0  buttons.o(i.Buttons_control)
    i.DebugMon_Handler                       0x080004bc   Section        0  stm32f1xx_it.o(i.DebugMon_Handler)
    i.Error_Handler                          0x080004be   Section        0  main.o(i.Error_Handler)
    i.Events_init                            0x080004c4   Section        0  events.o(i.Events_init)
    i.HAL_Delay                              0x08000558   Section        0  stm32f1xx_hal.o(i.HAL_Delay)
    i.HAL_GPIO_Init                          0x08000580   Section        0  stm32f1xx_hal_gpio.o(i.HAL_GPIO_Init)
    i.HAL_GPIO_ReadPin                       0x080008c0   Section        0  stm32f1xx_hal_gpio.o(i.HAL_GPIO_ReadPin)
    i.HAL_GPIO_TogglePin                     0x080008d0   Section        0  stm32f1xx_hal_gpio.o(i.HAL_GPIO_TogglePin)
    i.HAL_GPIO_WritePin                      0x080008e4   Section        0  stm32f1xx_hal_gpio.o(i.HAL_GPIO_WritePin)
    i.HAL_GetTick                            0x080008f0   Section        0  stm32f1xx_hal.o(i.HAL_GetTick)
    i.HAL_IncTick                            0x080008fc   Section        0  stm32f1xx_hal.o(i.HAL_IncTick)
    i.HAL_Init                               0x08000914   Section        0  stm32f1xx_hal.o(i.HAL_Init)
    i.HAL_InitTick                           0x0800093c   Section        0  stm32f1xx_hal.o(i.HAL_InitTick)
    i.HAL_MspInit                            0x08000988   Section        0  stm32f1xx_hal_msp.o(i.HAL_MspInit)
    i.HAL_NVIC_SetPriority                   0x080009dc   Section        0  stm32f1xx_hal_cortex.o(i.HAL_NVIC_SetPriority)
    i.HAL_NVIC_SetPriorityGrouping           0x08000a58   Section        0  stm32f1xx_hal_cortex.o(i.HAL_NVIC_SetPriorityGrouping)
    i.HAL_PWR_EnableBkUpAccess               0x08000a80   Section        0  stm32f1xx_hal_pwr.o(i.HAL_PWR_EnableBkUpAccess)
    i.HAL_RCCEx_GetPeriphCLKFreq             0x08000a8c   Section        0  stm32f1xx_hal_rcc_ex.o(i.HAL_RCCEx_GetPeriphCLKFreq)
    i.HAL_RCCEx_PeriphCLKConfig              0x08000ba8   Section        0  stm32f1xx_hal_rcc_ex.o(i.HAL_RCCEx_PeriphCLKConfig)
    i.HAL_RCC_ClockConfig                    0x08000cd8   Section        0  stm32f1xx_hal_rcc.o(i.HAL_RCC_ClockConfig)
    i.HAL_RCC_GetHCLKFreq                    0x08000e64   Section        0  stm32f1xx_hal_rcc.o(i.HAL_RCC_GetHCLKFreq)
    i.HAL_RCC_GetPCLK2Freq                   0x08000e70   Section        0  stm32f1xx_hal_rcc.o(i.HAL_RCC_GetPCLK2Freq)
    i.HAL_RCC_GetSysClockFreq                0x08000e90   Section        0  stm32f1xx_hal_rcc.o(i.HAL_RCC_GetSysClockFreq)
    i.HAL_RCC_OscConfig                      0x08000f04   Section        0  stm32f1xx_hal_rcc.o(i.HAL_RCC_OscConfig)
    i.HAL_RTC_GetDate                        0x08001368   Section        0  stm32f1xx_hal_rtc.o(i.HAL_RTC_GetDate)
    i.HAL_RTC_GetTime                        0x080013ba   Section        0  stm32f1xx_hal_rtc.o(i.HAL_RTC_GetTime)
    i.HAL_RTC_Init                           0x080014c0   Section        0  stm32f1xx_hal_rtc.o(i.HAL_RTC_Init)
    i.HAL_RTC_MspInit                        0x08001580   Section        0  stm32f1xx_hal_msp.o(i.HAL_RTC_MspInit)
    i.HAL_RTC_SetDate                        0x080015c0   Section        0  stm32f1xx_hal_rtc.o(i.HAL_RTC_SetDate)
    i.HAL_RTC_SetTime                        0x080016b8   Section        0  stm32f1xx_hal_rtc.o(i.HAL_RTC_SetTime)
    i.HAL_RTC_WaitForSynchro                 0x08001794   Section        0  stm32f1xx_hal_rtc.o(i.HAL_RTC_WaitForSynchro)
    i.HAL_SYSTICK_Config                     0x080017d4   Section        0  stm32f1xx_hal_cortex.o(i.HAL_SYSTICK_Config)
    i.HAL_TIMEx_MasterConfigSynchronization  0x08001808   Section        0  stm32f1xx_hal_tim_ex.o(i.HAL_TIMEx_MasterConfigSynchronization)
    i.HAL_TIM_Base_Init                      0x080018bc   Section        0  stm32f1xx_hal_tim.o(i.HAL_TIM_Base_Init)
    i.HAL_TIM_Base_MspInit                   0x08001924   Section        0  stm32f1xx_hal_msp.o(i.HAL_TIM_Base_MspInit)
    i.HAL_TIM_Base_Start                     0x08001954   Section        0  stm32f1xx_hal_tim.o(i.HAL_TIM_Base_Start)
    i.HAL_TIM_ConfigClockSource              0x080019f0   Section        0  stm32f1xx_hal_tim.o(i.HAL_TIM_ConfigClockSource)
    i.HardFault_Handler                      0x08001afc   Section        0  stm32f1xx_it.o(i.HardFault_Handler)
    i.LED1_ON                                0x08001b00   Section        0  main.o(i.LED1_ON)
    i.LED1_Toggle                            0x08001b14   Section        0  main.o(i.LED1_Toggle)
    i.LED2_Toggle                            0x08001b24   Section        0  main.o(i.LED2_Toggle)
    i.MX_GPIO_Init                           0x08001b34   Section        0  main.o(i.MX_GPIO_Init)
    MX_GPIO_Init                             0x08001b35   Thumb Code   298  main.o(i.MX_GPIO_Init)
    i.MX_RTC_Init                            0x08001c74   Section        0  main.o(i.MX_RTC_Init)
    MX_RTC_Init                              0x08001c75   Thumb Code   112  main.o(i.MX_RTC_Init)
    i.MX_TIM4_Init                           0x08001cec   Section        0  main.o(i.MX_TIM4_Init)
    MX_TIM4_Init                             0x08001ced   Thumb Code   100  main.o(i.MX_TIM4_Init)
    i.MemManage_Handler                      0x08001d58   Section        0  stm32f1xx_it.o(i.MemManage_Handler)
    i.NMI_Handler                            0x08001d5c   Section        0  stm32f1xx_it.o(i.NMI_Handler)
    i.PendSV_Handler                         0x08001d60   Section        0  stm32f1xx_it.o(i.PendSV_Handler)
    i.Print_page_1                           0x08001d64   Section        0  display_menu.o(i.Print_page_1)
    i.Print_page_2                           0x08001e48   Section        0  display_menu.o(i.Print_page_2)
    i.Print_page_2_1                         0x08002358   Section        0  display_menu.o(i.Print_page_2_1)
    i.Print_page_3                           0x08002514   Section        0  display_menu.o(i.Print_page_3)
    i.Print_page_3_1                         0x080026b0   Section        0  display_menu.o(i.Print_page_3_1)
    i.Print_page_4                           0x080028b8   Section        0  display_menu.o(i.Print_page_4)
    i.Print_page_4_1                         0x08002e1c   Section        0  display_menu.o(i.Print_page_4_1)
    i.RCC_Delay                              0x08002f50   Section        0  stm32f1xx_hal_rcc.o(i.RCC_Delay)
    RCC_Delay                                0x08002f51   Thumb Code    36  stm32f1xx_hal_rcc.o(i.RCC_Delay)
    i.RTC_Bcd2ToByte                         0x08002f78   Section        0  stm32f1xx_hal_rtc.o(i.RTC_Bcd2ToByte)
    RTC_Bcd2ToByte                           0x08002f79   Thumb Code    22  stm32f1xx_hal_rtc.o(i.RTC_Bcd2ToByte)
    i.RTC_ByteToBcd2                         0x08002f8e   Section        0  stm32f1xx_hal_rtc.o(i.RTC_ByteToBcd2)
    RTC_ByteToBcd2                           0x08002f8f   Thumb Code    26  stm32f1xx_hal_rtc.o(i.RTC_ByteToBcd2)
    i.RTC_DateUpdate                         0x08002fa8   Section        0  stm32f1xx_hal_rtc.o(i.RTC_DateUpdate)
    RTC_DateUpdate                           0x08002fa9   Thumb Code   182  stm32f1xx_hal_rtc.o(i.RTC_DateUpdate)
    i.RTC_EnterInitMode                      0x0800305e   Section        0  stm32f1xx_hal_rtc.o(i.RTC_EnterInitMode)
    RTC_EnterInitMode                        0x0800305f   Thumb Code    58  stm32f1xx_hal_rtc.o(i.RTC_EnterInitMode)
    i.RTC_ExitInitMode                       0x08003098   Section        0  stm32f1xx_hal_rtc.o(i.RTC_ExitInitMode)
    RTC_ExitInitMode                         0x08003099   Thumb Code    58  stm32f1xx_hal_rtc.o(i.RTC_ExitInitMode)
    i.RTC_IsLeapYear                         0x080030d2   Section        0  stm32f1xx_hal_rtc.o(i.RTC_IsLeapYear)
    RTC_IsLeapYear                           0x080030d3   Thumb Code    50  stm32f1xx_hal_rtc.o(i.RTC_IsLeapYear)
    i.RTC_ReadAlarmCounter                   0x08003104   Section        0  stm32f1xx_hal_rtc.o(i.RTC_ReadAlarmCounter)
    RTC_ReadAlarmCounter                     0x08003105   Thumb Code    24  stm32f1xx_hal_rtc.o(i.RTC_ReadAlarmCounter)
    i.RTC_ReadTimeCounter                    0x0800311c   Section        0  stm32f1xx_hal_rtc.o(i.RTC_ReadTimeCounter)
    RTC_ReadTimeCounter                      0x0800311d   Thumb Code    52  stm32f1xx_hal_rtc.o(i.RTC_ReadTimeCounter)
    i.RTC_WeekDayNum                         0x08003150   Section        0  stm32f1xx_hal_rtc.o(i.RTC_WeekDayNum)
    RTC_WeekDayNum                           0x08003151   Thumb Code   132  stm32f1xx_hal_rtc.o(i.RTC_WeekDayNum)
    i.RTC_WriteAlarmCounter                  0x080031d4   Section        0  stm32f1xx_hal_rtc.o(i.RTC_WriteAlarmCounter)
    RTC_WriteAlarmCounter                    0x080031d5   Thumb Code    46  stm32f1xx_hal_rtc.o(i.RTC_WriteAlarmCounter)
    i.RTC_WriteTimeCounter                   0x08003202   Section        0  stm32f1xx_hal_rtc.o(i.RTC_WriteTimeCounter)
    RTC_WriteTimeCounter                     0x08003203   Thumb Code    46  stm32f1xx_hal_rtc.o(i.RTC_WriteTimeCounter)
    i.SVC_Handler                            0x08003230   Section        0  stm32f1xx_it.o(i.SVC_Handler)
    i.SysTick_Handler                        0x08003232   Section        0  stm32f1xx_it.o(i.SysTick_Handler)
    i.SystemClock_Config                     0x0800323a   Section        0  main.o(i.SystemClock_Config)
    i.SystemInit                             0x080032c0   Section        0  system_stm32f1xx.o(i.SystemInit)
    i.TIM_Base_SetConfig                     0x080032c4   Section        0  stm32f1xx_hal_tim.o(i.TIM_Base_SetConfig)
    i.TIM_ETR_SetConfig                      0x0800339c   Section        0  stm32f1xx_hal_tim.o(i.TIM_ETR_SetConfig)
    i.TIM_ITRx_SetConfig                     0x080033b2   Section        0  stm32f1xx_hal_tim.o(i.TIM_ITRx_SetConfig)
    TIM_ITRx_SetConfig                       0x080033b3   Thumb Code    18  stm32f1xx_hal_tim.o(i.TIM_ITRx_SetConfig)
    i.TIM_TI1_ConfigInputStage               0x080033c4   Section        0  stm32f1xx_hal_tim.o(i.TIM_TI1_ConfigInputStage)
    TIM_TI1_ConfigInputStage                 0x080033c5   Thumb Code    38  stm32f1xx_hal_tim.o(i.TIM_TI1_ConfigInputStage)
    i.TIM_TI2_ConfigInputStage               0x080033ea   Section        0  stm32f1xx_hal_tim.o(i.TIM_TI2_ConfigInputStage)
    TIM_TI2_ConfigInputStage                 0x080033eb   Thumb Code    40  stm32f1xx_hal_tim.o(i.TIM_TI2_ConfigInputStage)
    i.UsageFault_Handler                     0x08003412   Section        0  stm32f1xx_it.o(i.UsageFault_Handler)
    i.WH2004_cmd_clear_display               0x08003416   Section        0  indicator_20_4.o(i.WH2004_cmd_clear_display)
    i.WH2004_cmd_entry_mode                  0x08003428   Section        0  indicator_20_4.o(i.WH2004_cmd_entry_mode)
    i.WH2004_cmd_function_set                0x08003442   Section        0  indicator_20_4.o(i.WH2004_cmd_function_set)
    i.WH2004_cmd_on_off                      0x08003460   Section        0  indicator_20_4.o(i.WH2004_cmd_on_off)
    i.WH2004_cmd_set_ddram                   0x0800347e   Section        0  indicator_20_4.o(i.WH2004_cmd_set_ddram)
    i.WH2004_init                            0x08003498   Section        0  indicator_20_4.o(i.WH2004_init)
    i.WH2004_print_fl_2_1                    0x080034e4   Section        0  indicator_20_4.o(i.WH2004_print_fl_2_1)
    i.WH2004_print_fl_2_2                    0x080035f0   Section        0  indicator_20_4.o(i.WH2004_print_fl_2_2)
    i.WH2004_print_fl_3_1                    0x08003720   Section        0  indicator_20_4.o(i.WH2004_print_fl_3_1)
    i.WH2004_print_sl_2                      0x0800384c   Section        0  indicator_20_4.o(i.WH2004_print_sl_2)
    i.WH2004_print_sl_5                      0x0800388c   Section        0  indicator_20_4.o(i.WH2004_print_sl_5)
    i.WH2004_set_cursor                      0x080039a4   Section        0  indicator_20_4.o(i.WH2004_set_cursor)
    i.WH2004_write                           0x080039f4   Section        0  indicator_20_4.o(i.WH2004_write)
    i.WH2004_write_str                       0x08003a08   Section        0  indicator_20_4.o(i.WH2004_write_str)
    i.__NVIC_GetPriorityGrouping             0x08003a68   Section        0  stm32f1xx_hal_cortex.o(i.__NVIC_GetPriorityGrouping)
    __NVIC_GetPriorityGrouping               0x08003a69   Thumb Code    10  stm32f1xx_hal_cortex.o(i.__NVIC_GetPriorityGrouping)
    i.__NVIC_SetPriority                     0x08003a78   Section        0  stm32f1xx_hal_cortex.o(i.__NVIC_SetPriority)
    __NVIC_SetPriority                       0x08003a79   Thumb Code    32  stm32f1xx_hal_cortex.o(i.__NVIC_SetPriority)
    i.main                                   0x08003aa0   Section        0  main.o(i.main)
    i.send_command                           0x08003be0   Section        0  indicator_20_4.o(i.send_command)
    send_command                             0x08003be1   Thumb Code    54  indicator_20_4.o(i.send_command)
    i.send_data                              0x08003c24   Section        0  indicator_20_4.o(i.send_data)
    send_data                                0x08003c25   Thumb Code    54  indicator_20_4.o(i.send_data)
    i.usDelay                                0x08003c68   Section        0  main.o(i.usDelay)
    x$fpl$d2f                                0x08003c9c   Section       98  d2f.o(x$fpl$d2f)
    x$fpl$dadd                               0x08003d00   Section      336  daddsub_clz.o(x$fpl$dadd)
    _dadd1                                   0x08003d11   Thumb Code     0  daddsub_clz.o(x$fpl$dadd)
    x$fpl$dcmpinf                            0x08003e50   Section       24  dcmpi.o(x$fpl$dcmpinf)
    x$fpl$ddiv                               0x08003e68   Section      688  ddiv.o(x$fpl$ddiv)
    ddiv_entry                               0x08003e6f   Thumb Code     0  ddiv.o(x$fpl$ddiv)
    x$fpl$dfix                               0x08004118   Section       94  dfix.o(x$fpl$dfix)
    x$fpl$dleqf                              0x08004178   Section      120  dleqf.o(x$fpl$dleqf)
    x$fpl$dmul                               0x080041f0   Section      340  dmul.o(x$fpl$dmul)
    x$fpl$dnaninf                            0x08004344   Section      156  dnaninf.o(x$fpl$dnaninf)
    x$fpl$dretinf                            0x080043e0   Section       12  dretinf.o(x$fpl$dretinf)
    x$fpl$drleqf                             0x080043ec   Section      108  drleqf.o(x$fpl$drleqf)
    x$fpl$dsub                               0x08004458   Section      468  daddsub_clz.o(x$fpl$dsub)
    _dsub1                                   0x08004469   Thumb Code     0  daddsub_clz.o(x$fpl$dsub)
    x$fpl$f2d                                0x0800462c   Section       86  f2d.o(x$fpl$f2d)
    x$fpl$fadd                               0x08004684   Section      196  faddsub_clz.o(x$fpl$fadd)
    _fadd1                                   0x08004693   Thumb Code     0  faddsub_clz.o(x$fpl$fadd)
    x$fpl$fcmpinf                            0x08004748   Section       24  fcmpi.o(x$fpl$fcmpinf)
    x$fpl$fdiv                               0x08004760   Section      388  fdiv.o(x$fpl$fdiv)
    _fdiv1                                   0x08004761   Thumb Code     0  fdiv.o(x$fpl$fdiv)
    x$fpl$ffix                               0x080048e4   Section       54  ffix.o(x$fpl$ffix)
    x$fpl$ffltu                              0x0800491c   Section       38  fflt_clz.o(x$fpl$ffltu)
    x$fpl$fleqf                              0x08004944   Section      104  fleqf.o(x$fpl$fleqf)
    x$fpl$fmul                               0x080049ac   Section      258  fmul.o(x$fpl$fmul)
    x$fpl$fnaninf                            0x08004aae   Section      140  fnaninf.o(x$fpl$fnaninf)
    x$fpl$fretinf                            0x08004b3a   Section       10  fretinf.o(x$fpl$fretinf)
    x$fpl$frleqf                             0x08004b44   Section       98  frleqf.o(x$fpl$frleqf)
    x$fpl$fsub                               0x08004ba8   Section      234  faddsub_clz.o(x$fpl$fsub)
    _fsub1                                   0x08004bb7   Thumb Code     0  faddsub_clz.o(x$fpl$fsub)
    .constdata                               0x08004c92   Section        1  events.o(.constdata)
    x$fpl$usenofp                            0x08004c92   Section        0  usenofp.o(x$fpl$usenofp)
    .constdata                               0x08004c94   Section       41  parametrs.o(.constdata)
    .constdata                               0x08004cbd   Section       18  stm32f1xx_hal_rcc.o(.constdata)
    aPLLMULFactorTable                       0x08004cbd   Data          16  stm32f1xx_hal_rcc.o(.constdata)
    aPredivFactorTable                       0x08004ccd   Data           2  stm32f1xx_hal_rcc.o(.constdata)
    .constdata                               0x08004ccf   Section       18  stm32f1xx_hal_rcc_ex.o(.constdata)
    aPLLMULFactorTable                       0x08004ccf   Data          16  stm32f1xx_hal_rcc_ex.o(.constdata)
    aPredivFactorTable                       0x08004cdf   Data           2  stm32f1xx_hal_rcc_ex.o(.constdata)
    .constdata                               0x08004ce1   Section       24  system_stm32f1xx.o(.constdata)
    .conststring                             0x08004cfc   Section      112  events.o(.conststring)
    .conststring                             0x08004d6c   Section      196  parametrs.o(.conststring)
    .data                                    0x20000000   Section       12  main.o(.data)
    .data                                    0x2000000c   Section      257  indicator_20_4.o(.data)
    .data                                    0x20000110   Section       33  events.o(.data)
    .data                                    0x20000134   Section       12  display_menu.o(.data)
    .data                                    0x20000140   Section      360  parametrs.o(.data)
    .data                                    0x200002a8   Section        8  buttons.o(.data)
    wait_up_but                              0x200002ad   Data           1  buttons.o(.data)
    wait_down_but                            0x200002ae   Data           1  buttons.o(.data)
    wait_ok_but                              0x200002af   Data           1  buttons.o(.data)
    .data                                    0x200002b0   Section        9  stm32f1xx_hal.o(.data)
    .data                                    0x200002bc   Section        4  system_stm32f1xx.o(.data)
    .bss                                     0x200002c0   Section       92  main.o(.bss)
    .bss                                     0x2000031c   Section       11  indicator_20_4.o(.bss)
    .bss                                     0x20000328   Section      200  events.o(.bss)
    .bss                                     0x200003f0   Section       96  libspace.o(.bss)
    HEAP                                     0x20000450   Section      512  startup_stm32f103xg.o(HEAP)
    Heap_Mem                                 0x20000450   Data         512  startup_stm32f103xg.o(HEAP)
    STACK                                    0x20000650   Section     1024  startup_stm32f103xg.o(STACK)
    Stack_Mem                                0x20000650   Data        1024  startup_stm32f103xg.o(STACK)
    __initial_sp                             0x20000a50   Data           0  startup_stm32f103xg.o(STACK)

    Global Symbols

    Symbol Name                              Value     Ov Type        Size  Object(Section)

    BuildAttributes$$THM_ISAv4$P$D$K$B$S$PE$A:L22UL41UL21$X:L11$S22US41US21$IEEE1$IW$USESV6$~STKCKD$USESV7$~SHL$OSPACE$ROPI$EBA8$UX$STANDARDLIB$REQ8$PRES8$EABIv2 0x00000000   Number         0  anon$$obj.o ABSOLUTE
    __ARM_use_no_argv                        0x00000000   Number         0  main.o ABSOLUTE
    __ARM_exceptions_init                     - Undefined Weak Reference
    __alloca_initialize                       - Undefined Weak Reference
    __arm_preinit_                            - Undefined Weak Reference
    __cpp_initialize__aeabi_                  - Undefined Weak Reference
    __cxa_finalize                            - Undefined Weak Reference
    __rt_locale                               - Undefined Weak Reference
    __sigvec_lookup                           - Undefined Weak Reference
    _atexit_init                              - Undefined Weak Reference
    _call_atexit_fns                          - Undefined Weak Reference
    _clock_init                               - Undefined Weak Reference
    _fp_trap_init                             - Undefined Weak Reference
    _fp_trap_shutdown                         - Undefined Weak Reference
    _get_lc_collate                           - Undefined Weak Reference
    _get_lc_ctype                             - Undefined Weak Reference
    _get_lc_monetary                          - Undefined Weak Reference
    _get_lc_numeric                           - Undefined Weak Reference
    _get_lc_time                              - Undefined Weak Reference
    _getenv_init                              - Undefined Weak Reference
    _handle_redirection                       - Undefined Weak Reference
    _init_alloc                               - Undefined Weak Reference
    _init_user_alloc                          - Undefined Weak Reference
    _initio                                   - Undefined Weak Reference
    _rand_init                                - Undefined Weak Reference
    _signal_finish                            - Undefined Weak Reference
    _signal_init                              - Undefined Weak Reference
    _terminate_alloc                          - Undefined Weak Reference
    _terminate_user_alloc                     - Undefined Weak Reference
    _terminateio                              - Undefined Weak Reference
    __Vectors_Size                           0x00000130   Number         0  startup_stm32f103xg.o ABSOLUTE
    __Vectors                                0x08000000   Data           4  startup_stm32f103xg.o(RESET)
    __Vectors_End                            0x08000130   Data           0  startup_stm32f103xg.o(RESET)
    __main                                   0x08000131   Thumb Code     8  __main.o(!!!main)
    __scatterload                            0x08000139   Thumb Code     0  __scatter.o(!!!scatter)
    __scatterload_rt2                        0x08000139   Thumb Code    44  __scatter.o(!!!scatter)
    __scatterload_rt2_thumb_only             0x08000139   Thumb Code     0  __scatter.o(!!!scatter)
    __scatterload_null                       0x08000147   Thumb Code     0  __scatter.o(!!!scatter)
    __decompress                             0x0800016d   Thumb Code    90  __dczerorl2.o(!!dczerorl2)
    __decompress1                            0x0800016d   Thumb Code     0  __dczerorl2.o(!!dczerorl2)
    __scatterload_zeroinit                   0x080001c9   Thumb Code    28  __scatter_zi.o(!!handler_zi)
    __rt_lib_init                            0x080001e5   Thumb Code     0  libinit.o(.ARM.Collect$$libinit$$00000000)
    __rt_lib_init_alloca_1                   0x080001e7   Thumb Code     0  libinit2.o(.ARM.Collect$$libinit$$0000002E)
    __rt_lib_init_argv_1                     0x080001e7   Thumb Code     0  libinit2.o(.ARM.Collect$$libinit$$0000002C)
    __rt_lib_init_atexit_1                   0x080001e7   Thumb Code     0  libinit2.o(.ARM.Collect$$libinit$$0000001B)
    __rt_lib_init_clock_1                    0x080001e7   Thumb Code     0  libinit2.o(.ARM.Collect$$libinit$$00000021)
    __rt_lib_init_cpp_1                      0x080001e7   Thumb Code     0  libinit2.o(.ARM.Collect$$libinit$$00000032)
    __rt_lib_init_exceptions_1               0x080001e7   Thumb Code     0  libinit2.o(.ARM.Collect$$libinit$$00000030)
    __rt_lib_init_fp_1                       0x080001e7   Thumb Code     0  libinit2.o(.ARM.Collect$$libinit$$00000002)
    __rt_lib_init_fp_trap_1                  0x080001e7   Thumb Code     0  libinit2.o(.ARM.Collect$$libinit$$0000001F)
    __rt_lib_init_getenv_1                   0x080001e7   Thumb Code     0  libinit2.o(.ARM.Collect$$libinit$$00000023)
    __rt_lib_init_heap_1                     0x080001e7   Thumb Code     0  libinit2.o(.ARM.Collect$$libinit$$0000000A)
    __rt_lib_init_lc_collate_1               0x080001e7   Thumb Code     0  libinit2.o(.ARM.Collect$$libinit$$00000011)
    __rt_lib_init_lc_ctype_1                 0x080001e7   Thumb Code     0  libinit2.o(.ARM.Collect$$libinit$$00000013)
    __rt_lib_init_lc_monetary_1              0x080001e7   Thumb Code     0  libinit2.o(.ARM.Collect$$libinit$$00000015)
    __rt_lib_init_lc_numeric_1               0x080001e7   Thumb Code     0  libinit2.o(.ARM.Collect$$libinit$$00000017)
    __rt_lib_init_lc_time_1                  0x080001e7   Thumb Code     0  libinit2.o(.ARM.Collect$$libinit$$00000019)
    __rt_lib_init_preinit_1                  0x080001e7   Thumb Code     0  libinit2.o(.ARM.Collect$$libinit$$00000004)
    __rt_lib_init_rand_1                     0x080001e7   Thumb Code     0  libinit2.o(.ARM.Collect$$libinit$$0000000E)
    __rt_lib_init_return                     0x080001e7   Thumb Code     0  libinit2.o(.ARM.Collect$$libinit$$00000033)
    __rt_lib_init_signal_1                   0x080001e7   Thumb Code     0  libinit2.o(.ARM.Collect$$libinit$$0000001D)
    __rt_lib_init_stdio_1                    0x080001e7   Thumb Code     0  libinit2.o(.ARM.Collect$$libinit$$00000025)
    __rt_lib_init_user_alloc_1               0x080001e7   Thumb Code     0  libinit2.o(.ARM.Collect$$libinit$$0000000C)
    __rt_lib_shutdown                        0x080001e9   Thumb Code     0  libshutdown.o(.ARM.Collect$$libshutdown$$00000000)
    __rt_lib_shutdown_cpp_1                  0x080001eb   Thumb Code     0  libshutdown2.o(.ARM.Collect$$libshutdown$$00000002)
    __rt_lib_shutdown_fp_trap_1              0x080001eb   Thumb Code     0  libshutdown2.o(.ARM.Collect$$libshutdown$$00000007)
    __rt_lib_shutdown_heap_1                 0x080001eb   Thumb Code     0  libshutdown2.o(.ARM.Collect$$libshutdown$$0000000F)
    __rt_lib_shutdown_return                 0x080001eb   Thumb Code     0  libshutdown2.o(.ARM.Collect$$libshutdown$$00000010)
    __rt_lib_shutdown_signal_1               0x080001eb   Thumb Code     0  libshutdown2.o(.ARM.Collect$$libshutdown$$0000000A)
    __rt_lib_shutdown_stdio_1                0x080001eb   Thumb Code     0  libshutdown2.o(.ARM.Collect$$libshutdown$$00000004)
    __rt_lib_shutdown_user_alloc_1           0x080001eb   Thumb Code     0  libshutdown2.o(.ARM.Collect$$libshutdown$$0000000C)
    __rt_entry                               0x080001ed   Thumb Code     0  __rtentry.o(.ARM.Collect$$rtentry$$00000000)
    __rt_entry_presh_1                       0x080001ed   Thumb Code     0  __rtentry2.o(.ARM.Collect$$rtentry$$00000002)
    __rt_entry_sh                            0x080001ed   Thumb Code     0  __rtentry4.o(.ARM.Collect$$rtentry$$00000004)
    __rt_entry_li                            0x080001f3   Thumb Code     0  __rtentry2.o(.ARM.Collect$$rtentry$$0000000A)
    __rt_entry_postsh_1                      0x080001f3   Thumb Code     0  __rtentry2.o(.ARM.Collect$$rtentry$$00000009)
    __rt_entry_main                          0x080001f7   Thumb Code     0  __rtentry2.o(.ARM.Collect$$rtentry$$0000000D)
    __rt_entry_postli_1                      0x080001f7   Thumb Code     0  __rtentry2.o(.ARM.Collect$$rtentry$$0000000C)
    __rt_exit                                0x080001ff   Thumb Code     0  rtexit.o(.ARM.Collect$$rtexit$$00000000)
    __rt_exit_ls                             0x08000201   Thumb Code     0  rtexit2.o(.ARM.Collect$$rtexit$$00000003)
    __rt_exit_prels_1                        0x08000201   Thumb Code     0  rtexit2.o(.ARM.Collect$$rtexit$$00000002)
    __rt_exit_exit                           0x08000205   Thumb Code     0  rtexit2.o(.ARM.Collect$$rtexit$$00000004)
    Reset_Handler                            0x0800020d   Thumb Code     8  startup_stm32f103xg.o(.text)
    ADC1_2_IRQHandler                        0x08000227   Thumb Code     0  startup_stm32f103xg.o(.text)
    ADC3_IRQHandler                          0x08000227   Thumb Code     0  startup_stm32f103xg.o(.text)
    CAN1_RX1_IRQHandler                      0x08000227   Thumb Code     0  startup_stm32f103xg.o(.text)
    CAN1_SCE_IRQHandler                      0x08000227   Thumb Code     0  startup_stm32f103xg.o(.text)
    DMA1_Channel1_IRQHandler                 0x08000227   Thumb Code     0  startup_stm32f103xg.o(.text)
    DMA1_Channel2_IRQHandler                 0x08000227   Thumb Code     0  startup_stm32f103xg.o(.text)
    DMA1_Channel3_IRQHandler                 0x08000227   Thumb Code     0  startup_stm32f103xg.o(.text)
    DMA1_Channel4_IRQHandler                 0x08000227   Thumb Code     0  startup_stm32f103xg.o(.text)
    DMA1_Channel5_IRQHandler                 0x08000227   Thumb Code     0  startup_stm32f103xg.o(.text)
    DMA1_Channel6_IRQHandler                 0x08000227   Thumb Code     0  startup_stm32f103xg.o(.text)
    DMA1_Channel7_IRQHandler                 0x08000227   Thumb Code     0  startup_stm32f103xg.o(.text)
    DMA2_Channel1_IRQHandler                 0x08000227   Thumb Code     0  startup_stm32f103xg.o(.text)
    DMA2_Channel2_IRQHandler                 0x08000227   Thumb Code     0  startup_stm32f103xg.o(.text)
    DMA2_Channel3_IRQHandler                 0x08000227   Thumb Code     0  startup_stm32f103xg.o(.text)
    DMA2_Channel4_5_IRQHandler               0x08000227   Thumb Code     0  startup_stm32f103xg.o(.text)
    EXTI0_IRQHandler                         0x08000227   Thumb Code     0  startup_stm32f103xg.o(.text)
    EXTI15_10_IRQHandler                     0x08000227   Thumb Code     0  startup_stm32f103xg.o(.text)
    EXTI1_IRQHandler                         0x08000227   Thumb Code     0  startup_stm32f103xg.o(.text)
    EXTI2_IRQHandler                         0x08000227   Thumb Code     0  startup_stm32f103xg.o(.text)
    EXTI3_IRQHandler                         0x08000227   Thumb Code     0  startup_stm32f103xg.o(.text)
    EXTI4_IRQHandler                         0x08000227   Thumb Code     0  startup_stm32f103xg.o(.text)
    EXTI9_5_IRQHandler                       0x08000227   Thumb Code     0  startup_stm32f103xg.o(.text)
    FLASH_IRQHandler                         0x08000227   Thumb Code     0  startup_stm32f103xg.o(.text)
    FSMC_IRQHandler                          0x08000227   Thumb Code     0  startup_stm32f103xg.o(.text)
    I2C1_ER_IRQHandler                       0x08000227   Thumb Code     0  startup_stm32f103xg.o(.text)
    I2C1_EV_IRQHandler                       0x08000227   Thumb Code     0  startup_stm32f103xg.o(.text)
    I2C2_ER_IRQHandler                       0x08000227   Thumb Code     0  startup_stm32f103xg.o(.text)
    I2C2_EV_IRQHandler                       0x08000227   Thumb Code     0  startup_stm32f103xg.o(.text)
    PVD_IRQHandler                           0x08000227   Thumb Code     0  startup_stm32f103xg.o(.text)
    RCC_IRQHandler                           0x08000227   Thumb Code     0  startup_stm32f103xg.o(.text)
    RTC_Alarm_IRQHandler                     0x08000227   Thumb Code     0  startup_stm32f103xg.o(.text)
    RTC_IRQHandler                           0x08000227   Thumb Code     0  startup_stm32f103xg.o(.text)
    SDIO_IRQHandler                          0x08000227   Thumb Code     0  startup_stm32f103xg.o(.text)
    SPI1_IRQHandler                          0x08000227   Thumb Code     0  startup_stm32f103xg.o(.text)
    SPI2_IRQHandler                          0x08000227   Thumb Code     0  startup_stm32f103xg.o(.text)
    SPI3_IRQHandler                          0x08000227   Thumb Code     0  startup_stm32f103xg.o(.text)
    TAMPER_IRQHandler                        0x08000227   Thumb Code     0  startup_stm32f103xg.o(.text)
    TIM1_BRK_TIM9_IRQHandler                 0x08000227   Thumb Code     0  startup_stm32f103xg.o(.text)
    TIM1_CC_IRQHandler                       0x08000227   Thumb Code     0  startup_stm32f103xg.o(.text)
    TIM1_TRG_COM_TIM11_IRQHandler            0x08000227   Thumb Code     0  startup_stm32f103xg.o(.text)
    TIM1_UP_TIM10_IRQHandler                 0x08000227   Thumb Code     0  startup_stm32f103xg.o(.text)
    TIM2_IRQHandler                          0x08000227   Thumb Code     0  startup_stm32f103xg.o(.text)
    TIM3_IRQHandler                          0x08000227   Thumb Code     0  startup_stm32f103xg.o(.text)
    TIM4_IRQHandler                          0x08000227   Thumb Code     0  startup_stm32f103xg.o(.text)
    TIM5_IRQHandler                          0x08000227   Thumb Code     0  startup_stm32f103xg.o(.text)
    TIM6_IRQHandler                          0x08000227   Thumb Code     0  startup_stm32f103xg.o(.text)
    TIM7_IRQHandler                          0x08000227   Thumb Code     0  startup_stm32f103xg.o(.text)
    TIM8_BRK_TIM12_IRQHandler                0x08000227   Thumb Code     0  startup_stm32f103xg.o(.text)
    TIM8_CC_IRQHandler                       0x08000227   Thumb Code     0  startup_stm32f103xg.o(.text)
    TIM8_TRG_COM_TIM14_IRQHandler            0x08000227   Thumb Code     0  startup_stm32f103xg.o(.text)
    TIM8_UP_TIM13_IRQHandler                 0x08000227   Thumb Code     0  startup_stm32f103xg.o(.text)
    UART4_IRQHandler                         0x08000227   Thumb Code     0  startup_stm32f103xg.o(.text)
    UART5_IRQHandler                         0x08000227   Thumb Code     0  startup_stm32f103xg.o(.text)
    USART1_IRQHandler                        0x08000227   Thumb Code     0  startup_stm32f103xg.o(.text)
    USART2_IRQHandler                        0x08000227   Thumb Code     0  startup_stm32f103xg.o(.text)
    USART3_IRQHandler                        0x08000227   Thumb Code     0  startup_stm32f103xg.o(.text)
    USBWakeUp_IRQHandler                     0x08000227   Thumb Code     0  startup_stm32f103xg.o(.text)
    USB_HP_CAN1_TX_IRQHandler                0x08000227   Thumb Code     0  startup_stm32f103xg.o(.text)
    USB_LP_CAN1_RX0_IRQHandler               0x08000227   Thumb Code     0  startup_stm32f103xg.o(.text)
    WWDG_IRQHandler                          0x08000227   Thumb Code     0  startup_stm32f103xg.o(.text)
    __user_initial_stackheap                 0x08000229   Thumb Code     0  startup_stm32f103xg.o(.text)
    __aeabi_memclr4                          0x0800024d   Thumb Code     0  rt_memclr_w.o(.text)
    __aeabi_memclr8                          0x0800024d   Thumb Code     0  rt_memclr_w.o(.text)
    __rt_memclr_w                            0x0800024d   Thumb Code    78  rt_memclr_w.o(.text)
    _memset_w                                0x08000251   Thumb Code     0  rt_memclr_w.o(.text)
    __use_two_region_memory                  0x0800029b   Thumb Code     2  heapauxi.o(.text)
    __rt_heap_escrow$2region                 0x0800029d   Thumb Code     2  heapauxi.o(.text)
    __rt_heap_expand$2region                 0x0800029f   Thumb Code     2  heapauxi.o(.text)
    __user_setup_stackheap                   0x080002a1   Thumb Code    74  sys_stackheap_outer.o(.text)
    exit                                     0x080002eb   Thumb Code    18  exit.o(.text)
    __user_libspace                          0x080002fd   Thumb Code     8  libspace.o(.text)
    __user_perproc_libspace                  0x080002fd   Thumb Code     0  libspace.o(.text)
    __user_perthread_libspace                0x080002fd   Thumb Code     0  libspace.o(.text)
    _sys_exit                                0x08000305   Thumb Code     8  sys_exit.o(.text)
    __I$use$semihosting                      0x08000311   Thumb Code     0  use_no_semi.o(.text)
    __use_no_semihosting_swi                 0x08000311   Thumb Code     2  use_no_semi.o(.text)
    __semihosting_library_function           0x08000313   Thumb Code     0  indicate_semi.o(.text)
    Add_event                                0x08000315   Thumb Code   136  events.o(i.Add_event)
    BusFault_Handler                         0x080003b1   Thumb Code     4  stm32f1xx_it.o(i.BusFault_Handler)
    Buttons_control                          0x080003b5   Thumb Code   228  buttons.o(i.Buttons_control)
    DebugMon_Handler                         0x080004bd   Thumb Code     2  stm32f1xx_it.o(i.DebugMon_Handler)
    Error_Handler                            0x080004bf   Thumb Code     6  main.o(i.Error_Handler)
    Events_init                              0x080004c5   Thumb Code   130  events.o(i.Events_init)
    HAL_Delay                                0x08000559   Thumb Code    36  stm32f1xx_hal.o(i.HAL_Delay)
    HAL_GPIO_Init                            0x08000581   Thumb Code   792  stm32f1xx_hal_gpio.o(i.HAL_GPIO_Init)
    HAL_GPIO_ReadPin                         0x080008c1   Thumb Code    16  stm32f1xx_hal_gpio.o(i.HAL_GPIO_ReadPin)
    HAL_GPIO_TogglePin                       0x080008d1   Thumb Code    20  stm32f1xx_hal_gpio.o(i.HAL_GPIO_TogglePin)
    HAL_GPIO_WritePin                        0x080008e5   Thumb Code    12  stm32f1xx_hal_gpio.o(i.HAL_GPIO_WritePin)
    HAL_GetTick                              0x080008f1   Thumb Code     6  stm32f1xx_hal.o(i.HAL_GetTick)
    HAL_IncTick                              0x080008fd   Thumb Code    16  stm32f1xx_hal.o(i.HAL_IncTick)
    HAL_Init                                 0x08000915   Thumb Code    34  stm32f1xx_hal.o(i.HAL_Init)
    HAL_InitTick                             0x0800093d   Thumb Code    64  stm32f1xx_hal.o(i.HAL_InitTick)
    HAL_MspInit                              0x08000989   Thumb Code    74  stm32f1xx_hal_msp.o(i.HAL_MspInit)
    HAL_NVIC_SetPriority                     0x080009dd   Thumb Code   124  stm32f1xx_hal_cortex.o(i.HAL_NVIC_SetPriority)
    HAL_NVIC_SetPriorityGrouping             0x08000a59   Thumb Code    32  stm32f1xx_hal_cortex.o(i.HAL_NVIC_SetPriorityGrouping)
    HAL_PWR_EnableBkUpAccess                 0x08000a81   Thumb Code     8  stm32f1xx_hal_pwr.o(i.HAL_PWR_EnableBkUpAccess)
    HAL_RCCEx_GetPeriphCLKFreq               0x08000a8d   Thumb Code   260  stm32f1xx_hal_rcc_ex.o(i.HAL_RCCEx_GetPeriphCLKFreq)
    HAL_RCCEx_PeriphCLKConfig                0x08000ba9   Thumb Code   290  stm32f1xx_hal_rcc_ex.o(i.HAL_RCCEx_PeriphCLKConfig)
    HAL_RCC_ClockConfig                      0x08000cd9   Thumb Code   376  stm32f1xx_hal_rcc.o(i.HAL_RCC_ClockConfig)
    HAL_RCC_GetHCLKFreq                      0x08000e65   Thumb Code     6  stm32f1xx_hal_rcc.o(i.HAL_RCC_GetHCLKFreq)
    HAL_RCC_GetPCLK2Freq                     0x08000e71   Thumb Code    22  stm32f1xx_hal_rcc.o(i.HAL_RCC_GetPCLK2Freq)
    HAL_RCC_GetSysClockFreq                  0x08000e91   Thumb Code    92  stm32f1xx_hal_rcc.o(i.HAL_RCC_GetSysClockFreq)
    HAL_RCC_OscConfig                        0x08000f05   Thumb Code  1114  stm32f1xx_hal_rcc.o(i.HAL_RCC_OscConfig)
    HAL_RTC_GetDate                          0x08001369   Thumb Code    82  stm32f1xx_hal_rtc.o(i.HAL_RTC_GetDate)
    HAL_RTC_GetTime                          0x080013bb   Thumb Code   260  stm32f1xx_hal_rtc.o(i.HAL_RTC_GetTime)
    HAL_RTC_Init                             0x080014c1   Thumb Code   188  stm32f1xx_hal_rtc.o(i.HAL_RTC_Init)
    HAL_RTC_MspInit                          0x08001581   Thumb Code    52  stm32f1xx_hal_msp.o(i.HAL_RTC_MspInit)
    HAL_RTC_SetDate                          0x080015c1   Thumb Code   242  stm32f1xx_hal_rtc.o(i.HAL_RTC_SetDate)
    HAL_RTC_SetTime                          0x080016b9   Thumb Code   214  stm32f1xx_hal_rtc.o(i.HAL_RTC_SetTime)
    HAL_RTC_WaitForSynchro                   0x08001795   Thumb Code    64  stm32f1xx_hal_rtc.o(i.HAL_RTC_WaitForSynchro)
    HAL_SYSTICK_Config                       0x080017d5   Thumb Code    52  stm32f1xx_hal_cortex.o(i.HAL_SYSTICK_Config)
    HAL_TIMEx_MasterConfigSynchronization    0x08001809   Thumb Code   150  stm32f1xx_hal_tim_ex.o(i.HAL_TIMEx_MasterConfigSynchronization)
    HAL_TIM_Base_Init                        0x080018bd   Thumb Code   102  stm32f1xx_hal_tim.o(i.HAL_TIM_Base_Init)
    HAL_TIM_Base_MspInit                     0x08001925   Thumb Code    40  stm32f1xx_hal_msp.o(i.HAL_TIM_Base_MspInit)
    HAL_TIM_Base_Start                       0x08001955   Thumb Code   126  stm32f1xx_hal_tim.o(i.HAL_TIM_Base_Start)
    HAL_TIM_ConfigClockSource                0x080019f1   Thumb Code   268  stm32f1xx_hal_tim.o(i.HAL_TIM_ConfigClockSource)
    HardFault_Handler                        0x08001afd   Thumb Code     4  stm32f1xx_it.o(i.HardFault_Handler)
    LED1_ON                                  0x08001b01   Thumb Code    14  main.o(i.LED1_ON)
    LED1_Toggle                              0x08001b15   Thumb Code    12  main.o(i.LED1_Toggle)
    LED2_Toggle                              0x08001b25   Thumb Code    12  main.o(i.LED2_Toggle)
    MemManage_Handler                        0x08001d59   Thumb Code     4  stm32f1xx_it.o(i.MemManage_Handler)
    NMI_Handler                              0x08001d5d   Thumb Code     4  stm32f1xx_it.o(i.NMI_Handler)
    PendSV_Handler                           0x08001d61   Thumb Code     2  stm32f1xx_it.o(i.PendSV_Handler)
    Print_page_1                             0x08001d65   Thumb Code   114  display_menu.o(i.Print_page_1)
    Print_page_2                             0x08001e49   Thumb Code  1280  display_menu.o(i.Print_page_2)
    Print_page_2_1                           0x08002359   Thumb Code   362  display_menu.o(i.Print_page_2_1)
    Print_page_3                             0x08002515   Thumb Code   282  display_menu.o(i.Print_page_3)
    Print_page_3_1                           0x080026b1   Thumb Code   380  display_menu.o(i.Print_page_3_1)
    Print_page_4                             0x080028b9   Thumb Code  1346  display_menu.o(i.Print_page_4)
    Print_page_4_1                           0x08002e1d   Thumb Code   254  display_menu.o(i.Print_page_4_1)
    SVC_Handler                              0x08003231   Thumb Code     2  stm32f1xx_it.o(i.SVC_Handler)
    SysTick_Handler                          0x08003233   Thumb Code     8  stm32f1xx_it.o(i.SysTick_Handler)
    SystemClock_Config                       0x0800323b   Thumb Code   134  main.o(i.SystemClock_Config)
    SystemInit                               0x080032c1   Thumb Code     2  system_stm32f1xx.o(i.SystemInit)
    TIM_Base_SetConfig                       0x080032c5   Thumb Code   170  stm32f1xx_hal_tim.o(i.TIM_Base_SetConfig)
    TIM_ETR_SetConfig                        0x0800339d   Thumb Code    22  stm32f1xx_hal_tim.o(i.TIM_ETR_SetConfig)
    UsageFault_Handler                       0x08003413   Thumb Code     4  stm32f1xx_it.o(i.UsageFault_Handler)
    WH2004_cmd_clear_display                 0x08003417   Thumb Code    18  indicator_20_4.o(i.WH2004_cmd_clear_display)
    WH2004_cmd_entry_mode                    0x08003429   Thumb Code    26  indicator_20_4.o(i.WH2004_cmd_entry_mode)
    WH2004_cmd_function_set                  0x08003443   Thumb Code    30  indicator_20_4.o(i.WH2004_cmd_function_set)
    WH2004_cmd_on_off                        0x08003461   Thumb Code    30  indicator_20_4.o(i.WH2004_cmd_on_off)
    WH2004_cmd_set_ddram                     0x0800347f   Thumb Code    24  indicator_20_4.o(i.WH2004_cmd_set_ddram)
    WH2004_init                              0x08003499   Thumb Code    72  indicator_20_4.o(i.WH2004_init)
    WH2004_print_fl_2_1                      0x080034e5   Thumb Code   234  indicator_20_4.o(i.WH2004_print_fl_2_1)
    WH2004_print_fl_2_2                      0x080035f1   Thumb Code   270  indicator_20_4.o(i.WH2004_print_fl_2_2)
    WH2004_print_fl_3_1                      0x08003721   Thumb Code   272  indicator_20_4.o(i.WH2004_print_fl_3_1)
    WH2004_print_sl_2                        0x0800384d   Thumb Code    58  indicator_20_4.o(i.WH2004_print_sl_2)
    WH2004_print_sl_5                        0x0800388d   Thumb Code   266  indicator_20_4.o(i.WH2004_print_sl_5)
    WH2004_set_cursor                        0x080039a5   Thumb Code    74  indicator_20_4.o(i.WH2004_set_cursor)
    WH2004_write                             0x080039f5   Thumb Code    18  indicator_20_4.o(i.WH2004_write)
    WH2004_write_str                         0x08003a09   Thumb Code    86  indicator_20_4.o(i.WH2004_write_str)
    main                                     0x08003aa1   Thumb Code   280  main.o(i.main)
    usDelay                                  0x08003c69   Thumb Code    46  main.o(i.usDelay)
    __aeabi_d2f                              0x08003c9d   Thumb Code     0  d2f.o(x$fpl$d2f)
    _d2f                                     0x08003c9d   Thumb Code    98  d2f.o(x$fpl$d2f)
    __aeabi_dadd                             0x08003d01   Thumb Code     0  daddsub_clz.o(x$fpl$dadd)
    _dadd                                    0x08003d01   Thumb Code   332  daddsub_clz.o(x$fpl$dadd)
    __fpl_dcmp_Inf                           0x08003e51   Thumb Code    24  dcmpi.o(x$fpl$dcmpinf)
    __aeabi_ddiv                             0x08003e69   Thumb Code     0  ddiv.o(x$fpl$ddiv)
    _ddiv                                    0x08003e69   Thumb Code   552  ddiv.o(x$fpl$ddiv)
    __aeabi_d2iz                             0x08004119   Thumb Code     0  dfix.o(x$fpl$dfix)
    _dfix                                    0x08004119   Thumb Code    94  dfix.o(x$fpl$dfix)
    __aeabi_cdcmple                          0x08004179   Thumb Code     0  dleqf.o(x$fpl$dleqf)
    _dcmple                                  0x08004179   Thumb Code   120  dleqf.o(x$fpl$dleqf)
    __fpl_dcmple_InfNaN                      0x080041db   Thumb Code     0  dleqf.o(x$fpl$dleqf)
    __aeabi_dmul                             0x080041f1   Thumb Code     0  dmul.o(x$fpl$dmul)
    _dmul                                    0x080041f1   Thumb Code   332  dmul.o(x$fpl$dmul)
    __fpl_dnaninf                            0x08004345   Thumb Code   156  dnaninf.o(x$fpl$dnaninf)
    __fpl_dretinf                            0x080043e1   Thumb Code    12  dretinf.o(x$fpl$dretinf)
    __aeabi_cdrcmple                         0x080043ed   Thumb Code     0  drleqf.o(x$fpl$drleqf)
    _drcmple                                 0x080043ed   Thumb Code   108  drleqf.o(x$fpl$drleqf)
    __aeabi_dsub                             0x08004459   Thumb Code     0  daddsub_clz.o(x$fpl$dsub)
    _dsub                                    0x08004459   Thumb Code   464  daddsub_clz.o(x$fpl$dsub)
    __aeabi_f2d                              0x0800462d   Thumb Code     0  f2d.o(x$fpl$f2d)
    _f2d                                     0x0800462d   Thumb Code    86  f2d.o(x$fpl$f2d)
    __aeabi_fadd                             0x08004685   Thumb Code     0  faddsub_clz.o(x$fpl$fadd)
    _fadd                                    0x08004685   Thumb Code   196  faddsub_clz.o(x$fpl$fadd)
    __fpl_fcmp_Inf                           0x08004749   Thumb Code    24  fcmpi.o(x$fpl$fcmpinf)
    __aeabi_fdiv                             0x08004761   Thumb Code     0  fdiv.o(x$fpl$fdiv)
    _fdiv                                    0x08004761   Thumb Code   384  fdiv.o(x$fpl$fdiv)
    __aeabi_f2iz                             0x080048e5   Thumb Code     0  ffix.o(x$fpl$ffix)
    _ffix                                    0x080048e5   Thumb Code    54  ffix.o(x$fpl$ffix)
    __aeabi_ui2f                             0x0800491d   Thumb Code     0  fflt_clz.o(x$fpl$ffltu)
    _ffltu                                   0x0800491d   Thumb Code    38  fflt_clz.o(x$fpl$ffltu)
    __aeabi_cfcmple                          0x08004945   Thumb Code     0  fleqf.o(x$fpl$fleqf)
    _fcmple                                  0x08004945   Thumb Code   104  fleqf.o(x$fpl$fleqf)
    __fpl_fcmple_InfNaN                      0x08004997   Thumb Code     0  fleqf.o(x$fpl$fleqf)
    __aeabi_fmul                             0x080049ad   Thumb Code     0  fmul.o(x$fpl$fmul)
    _fmul                                    0x080049ad   Thumb Code   258  fmul.o(x$fpl$fmul)
    __fpl_fnaninf                            0x08004aaf   Thumb Code   140  fnaninf.o(x$fpl$fnaninf)
    __fpl_fretinf                            0x08004b3b   Thumb Code    10  fretinf.o(x$fpl$fretinf)
    __aeabi_cfrcmple                         0x08004b45   Thumb Code     0  frleqf.o(x$fpl$frleqf)
    _frcmple                                 0x08004b45   Thumb Code    98  frleqf.o(x$fpl$frleqf)
    __aeabi_fsub                             0x08004ba9   Thumb Code     0  faddsub_clz.o(x$fpl$fsub)
    _fsub                                    0x08004ba9   Thumb Code   234  faddsub_clz.o(x$fpl$fsub)
    __I$use$fp                               0x08004c92   Number         0  usenofp.o(x$fpl$usenofp)
    size_events_array                        0x08004c92   Data           1  events.o(.constdata)
    param_array                              0x08004c94   Data          40  parametrs.o(.constdata)
    size_param_array                         0x08004cbc   Data           1  parametrs.o(.constdata)
    AHBPrescTable                            0x08004ce1   Data          16  system_stm32f1xx.o(.constdata)
    APBPrescTable                            0x08004cf1   Data           8  system_stm32f1xx.o(.constdata)
    Region$$Table$$Base                      0x08004e30   Number         0  anon$$obj.o(Region$$Table)
    Region$$Table$$Limit                     0x08004e50   Number         0  anon$$obj.o(Region$$Table)
    count                                    0x20000000   Data           4  main.o(.data)
    symbol                                   0x20000004   Data           1  main.o(.data)
    sTime                                    0x20000005   Data           3  main.o(.data)
    DateToUpdate                             0x20000008   Data           4  main.o(.data)
    n_tek_kursor                             0x2000000c   Data           1  indicator_20_4.o(.data)
    kiril_char                               0x2000000d   Data         256  indicator_20_4.o(.data)
    EventName                                0x20000110   Data          16  events.o(.data)
    EventFullName                            0x20000120   Data          16  events.o(.data)
    num_ev                                   0x20000130   Data           1  events.o(.data)
    num_param                                0x20000134   Data           1  display_menu.o(.data)
    num_stroki                               0x20000135   Data           1  display_menu.o(.data)
    fl_scroll                                0x20000136   Data           1  display_menu.o(.data)
    num_event                                0x20000137   Data           1  display_menu.o(.data)
    num_stroki_ev                            0x20000138   Data           1  display_menu.o(.data)
    fl_scroll_ev                             0x20000139   Data           1  display_menu.o(.data)
    fl_update_page                           0x2000013a   Data           1  display_menu.o(.data)
    num_page                                 0x2000013b   Data           1  display_menu.o(.data)
    current_parametr                         0x2000013c   Data           4  display_menu.o(.data)
    param1                                   0x20000140   Data          36  parametrs.o(.data)
    param2                                   0x20000164   Data          36  parametrs.o(.data)
    param3                                   0x20000188   Data          36  parametrs.o(.data)
    param4                                   0x200001ac   Data          36  parametrs.o(.data)
    param5                                   0x200001d0   Data          36  parametrs.o(.data)
    param6                                   0x200001f4   Data          36  parametrs.o(.data)
    param7                                   0x20000218   Data          36  parametrs.o(.data)
    param8                                   0x2000023c   Data          36  parametrs.o(.data)
    param9                                   0x20000260   Data          36  parametrs.o(.data)
    param10                                  0x20000284   Data          36  parametrs.o(.data)
    fl_but_Up                                0x200002a8   Data           1  buttons.o(.data)
    fl_but_Down                              0x200002a9   Data           1  buttons.o(.data)
    fl_but_Ok                                0x200002aa   Data           1  buttons.o(.data)
    fl_but_Ok_temp                           0x200002ab   Data           1  buttons.o(.data)
    fl_but_Ok_long                           0x200002ac   Data           1  buttons.o(.data)
    uwTick                                   0x200002b0   Data           4  stm32f1xx_hal.o(.data)
    uwTickPrio                               0x200002b4   Data           4  stm32f1xx_hal.o(.data)
    uwTickFreq                               0x200002b8   Data           1  stm32f1xx_hal.o(.data)
    SystemCoreClock                          0x200002bc   Data           4  system_stm32f1xx.o(.data)
    htim4                                    0x200002c0   Data          72  main.o(.bss)
    hrtc                                     0x20000308   Data          20  main.o(.bss)
    m_ind_znak                               0x2000031c   Data          11  indicator_20_4.o(.bss)
    events_array                             0x20000328   Data         200  events.o(.bss)
    __libspace_start                         0x200003f0   Data          96  libspace.o(.bss)
    __temporary_stack_top$libspace           0x20000450   Data           0  libspace.o(.bss)



==============================================================================

Memory Map of the image

  Image Entry point : 0x08000131

  Load Region LR_IROM1 (Base: 0x08000000, Size: 0x00005110, Max: 0x00100000, ABSOLUTE, COMPRESSED[0x00005024])

    Execution Region ER_IROM1 (Exec base: 0x08000000, Load base: 0x08000000, Size: 0x00004e50, Max: 0x00100000, ABSOLUTE)

    Exec Addr    Load Addr    Size         Type   Attr      Idx    E Section Name        Object

    0x08000000   0x08000000   0x00000130   Data   RO            3    RESET               startup_stm32f103xg.o
    0x08000130   0x08000130   0x00000008   Code   RO         2999  * !!!main             c_w.l(__main.o)
    0x08000138   0x08000138   0x00000034   Code   RO         3221    !!!scatter          c_w.l(__scatter.o)
    0x0800016c   0x0800016c   0x0000005a   Code   RO         3219    !!dczerorl2         c_w.l(__dczerorl2.o)
    0x080001c6   0x080001c6   0x00000002   PAD
    0x080001c8   0x080001c8   0x0000001c   Code   RO         3223    !!handler_zi        c_w.l(__scatter_zi.o)
    0x080001e4   0x080001e4   0x00000002   Code   RO         3089    .ARM.Collect$$libinit$$00000000  c_w.l(libinit.o)
    0x080001e6   0x080001e6   0x00000000   Code   RO         3096    .ARM.Collect$$libinit$$00000002  c_w.l(libinit2.o)
    0x080001e6   0x080001e6   0x00000000   Code   RO         3098    .ARM.Collect$$libinit$$00000004  c_w.l(libinit2.o)
    0x080001e6   0x080001e6   0x00000000   Code   RO         3101    .ARM.Collect$$libinit$$0000000A  c_w.l(libinit2.o)
    0x080001e6   0x080001e6   0x00000000   Code   RO         3103    .ARM.Collect$$libinit$$0000000C  c_w.l(libinit2.o)
    0x080001e6   0x080001e6   0x00000000   Code   RO         3105    .ARM.Collect$$libinit$$0000000E  c_w.l(libinit2.o)
    0x080001e6   0x080001e6   0x00000000   Code   RO         3108    .ARM.Collect$$libinit$$00000011  c_w.l(libinit2.o)
    0x080001e6   0x080001e6   0x00000000   Code   RO         3110    .ARM.Collect$$libinit$$00000013  c_w.l(libinit2.o)
    0x080001e6   0x080001e6   0x00000000   Code   RO         3112    .ARM.Collect$$libinit$$00000015  c_w.l(libinit2.o)
    0x080001e6   0x080001e6   0x00000000   Code   RO         3114    .ARM.Collect$$libinit$$00000017  c_w.l(libinit2.o)
    0x080001e6   0x080001e6   0x00000000   Code   RO         3116    .ARM.Collect$$libinit$$00000019  c_w.l(libinit2.o)
    0x080001e6   0x080001e6   0x00000000   Code   RO         3118    .ARM.Collect$$libinit$$0000001B  c_w.l(libinit2.o)
    0x080001e6   0x080001e6   0x00000000   Code   RO         3120    .ARM.Collect$$libinit$$0000001D  c_w.l(libinit2.o)
    0x080001e6   0x080001e6   0x00000000   Code   RO         3122    .ARM.Collect$$libinit$$0000001F  c_w.l(libinit2.o)
    0x080001e6   0x080001e6   0x00000000   Code   RO         3124    .ARM.Collect$$libinit$$00000021  c_w.l(libinit2.o)
    0x080001e6   0x080001e6   0x00000000   Code   RO         3126    .ARM.Collect$$libinit$$00000023  c_w.l(libinit2.o)
    0x080001e6   0x080001e6   0x00000000   Code   RO         3128    .ARM.Collect$$libinit$$00000025  c_w.l(libinit2.o)
    0x080001e6   0x080001e6   0x00000000   Code   RO         3132    .ARM.Collect$$libinit$$0000002C  c_w.l(libinit2.o)
    0x080001e6   0x080001e6   0x00000000   Code   RO         3134    .ARM.Collect$$libinit$$0000002E  c_w.l(libinit2.o)
    0x080001e6   0x080001e6   0x00000000   Code   RO         3136    .ARM.Collect$$libinit$$00000030  c_w.l(libinit2.o)
    0x080001e6   0x080001e6   0x00000000   Code   RO         3138    .ARM.Collect$$libinit$$00000032  c_w.l(libinit2.o)
    0x080001e6   0x080001e6   0x00000002   Code   RO         3139    .ARM.Collect$$libinit$$00000033  c_w.l(libinit2.o)
    0x080001e8   0x080001e8   0x00000002   Code   RO         3159    .ARM.Collect$$libshutdown$$00000000  c_w.l(libshutdown.o)
    0x080001ea   0x080001ea   0x00000000   Code   RO         3172    .ARM.Collect$$libshutdown$$00000002  c_w.l(libshutdown2.o)
    0x080001ea   0x080001ea   0x00000000   Code   RO         3174    .ARM.Collect$$libshutdown$$00000004  c_w.l(libshutdown2.o)
    0x080001ea   0x080001ea   0x00000000   Code   RO         3177    .ARM.Collect$$libshutdown$$00000007  c_w.l(libshutdown2.o)
    0x080001ea   0x080001ea   0x00000000   Code   RO         3180    .ARM.Collect$$libshutdown$$0000000A  c_w.l(libshutdown2.o)
    0x080001ea   0x080001ea   0x00000000   Code   RO         3182    .ARM.Collect$$libshutdown$$0000000C  c_w.l(libshutdown2.o)
    0x080001ea   0x080001ea   0x00000000   Code   RO         3185    .ARM.Collect$$libshutdown$$0000000F  c_w.l(libshutdown2.o)
    0x080001ea   0x080001ea   0x00000002   Code   RO         3186    .ARM.Collect$$libshutdown$$00000010  c_w.l(libshutdown2.o)
    0x080001ec   0x080001ec   0x00000000   Code   RO         3051    .ARM.Collect$$rtentry$$00000000  c_w.l(__rtentry.o)
    0x080001ec   0x080001ec   0x00000000   Code   RO         3066    .ARM.Collect$$rtentry$$00000002  c_w.l(__rtentry2.o)
    0x080001ec   0x080001ec   0x00000006   Code   RO         3078    .ARM.Collect$$rtentry$$00000004  c_w.l(__rtentry4.o)
    0x080001f2   0x080001f2   0x00000000   Code   RO         3068    .ARM.Collect$$rtentry$$00000009  c_w.l(__rtentry2.o)
    0x080001f2   0x080001f2   0x00000004   Code   RO         3069    .ARM.Collect$$rtentry$$0000000A  c_w.l(__rtentry2.o)
    0x080001f6   0x080001f6   0x00000000   Code   RO         3071    .ARM.Collect$$rtentry$$0000000C  c_w.l(__rtentry2.o)
    0x080001f6   0x080001f6   0x00000008   Code   RO         3072    .ARM.Collect$$rtentry$$0000000D  c_w.l(__rtentry2.o)
    0x080001fe   0x080001fe   0x00000002   Code   RO         3093    .ARM.Collect$$rtexit$$00000000  c_w.l(rtexit.o)
    0x08000200   0x08000200   0x00000000   Code   RO         3141    .ARM.Collect$$rtexit$$00000002  c_w.l(rtexit2.o)
    0x08000200   0x08000200   0x00000004   Code   RO         3142    .ARM.Collect$$rtexit$$00000003  c_w.l(rtexit2.o)
    0x08000204   0x08000204   0x00000006   Code   RO         3143    .ARM.Collect$$rtexit$$00000004  c_w.l(rtexit2.o)
    0x0800020a   0x0800020a   0x00000002   PAD
    0x0800020c   0x0800020c   0x00000040   Code   RO            4    .text               startup_stm32f103xg.o
    0x0800024c   0x0800024c   0x0000004e   Code   RO         2995    .text               c_w.l(rt_memclr_w.o)
    0x0800029a   0x0800029a   0x00000006   Code   RO         2997    .text               c_w.l(heapauxi.o)
    0x080002a0   0x080002a0   0x0000004a   Code   RO         3080    .text               c_w.l(sys_stackheap_outer.o)
    0x080002ea   0x080002ea   0x00000012   Code   RO         3082    .text               c_w.l(exit.o)
    0x080002fc   0x080002fc   0x00000008   Code   RO         3090    .text               c_w.l(libspace.o)
    0x08000304   0x08000304   0x0000000c   Code   RO         3151    .text               c_w.l(sys_exit.o)
    0x08000310   0x08000310   0x00000002   Code   RO         3162    .text               c_w.l(use_no_semi.o)
    0x08000312   0x08000312   0x00000000   Code   RO         3164    .text               c_w.l(indicate_semi.o)
    0x08000312   0x08000312   0x00000002   PAD
    0x08000314   0x08000314   0x0000009c   Code   RO          477    i.Add_event         events.o
    0x080003b0   0x080003b0   0x00000004   Code   RO          220    i.BusFault_Handler  stm32f1xx_it.o
    0x080003b4   0x080003b4   0x00000108   Code   RO          601    i.Buttons_control   buttons.o
    0x080004bc   0x080004bc   0x00000002   Code   RO          221    i.DebugMon_Handler  stm32f1xx_it.o
    0x080004be   0x080004be   0x00000006   Code   RO           13    i.Error_Handler     main.o
    0x080004c4   0x080004c4   0x00000094   Code   RO          478    i.Events_init       events.o
    0x08000558   0x08000558   0x00000028   Code   RO         1655    i.HAL_Delay         stm32f1xx_hal.o
    0x08000580   0x08000580   0x00000340   Code   RO         1970    i.HAL_GPIO_Init     stm32f1xx_hal_gpio.o
    0x080008c0   0x080008c0   0x00000010   Code   RO         1972    i.HAL_GPIO_ReadPin  stm32f1xx_hal_gpio.o
    0x080008d0   0x080008d0   0x00000014   Code   RO         1973    i.HAL_GPIO_TogglePin  stm32f1xx_hal_gpio.o
    0x080008e4   0x080008e4   0x0000000c   Code   RO         1974    i.HAL_GPIO_WritePin  stm32f1xx_hal_gpio.o
    0x080008f0   0x080008f0   0x0000000c   Code   RO         1659    i.HAL_GetTick       stm32f1xx_hal.o
    0x080008fc   0x080008fc   0x00000018   Code   RO         1665    i.HAL_IncTick       stm32f1xx_hal.o
    0x08000914   0x08000914   0x00000028   Code   RO         1666    i.HAL_Init          stm32f1xx_hal.o
    0x0800093c   0x0800093c   0x0000004c   Code   RO         1667    i.HAL_InitTick      stm32f1xx_hal.o
    0x08000988   0x08000988   0x00000054   Code   RO          295    i.HAL_MspInit       stm32f1xx_hal_msp.o
    0x080009dc   0x080009dc   0x0000007c   Code   RO         2139    i.HAL_NVIC_SetPriority  stm32f1xx_hal_cortex.o
    0x08000a58   0x08000a58   0x00000028   Code   RO         2140    i.HAL_NVIC_SetPriorityGrouping  stm32f1xx_hal_cortex.o
    0x08000a80   0x08000a80   0x0000000c   Code   RO         2275    i.HAL_PWR_EnableBkUpAccess  stm32f1xx_hal_pwr.o
    0x08000a8c   0x08000a8c   0x0000011c   Code   RO         1931    i.HAL_RCCEx_GetPeriphCLKFreq  stm32f1xx_hal_rcc_ex.o
    0x08000ba8   0x08000ba8   0x00000130   Code   RO         1932    i.HAL_RCCEx_PeriphCLKConfig  stm32f1xx_hal_rcc_ex.o
    0x08000cd8   0x08000cd8   0x0000018c   Code   RO         1823    i.HAL_RCC_ClockConfig  stm32f1xx_hal_rcc.o
    0x08000e64   0x08000e64   0x0000000c   Code   RO         1828    i.HAL_RCC_GetHCLKFreq  stm32f1xx_hal_rcc.o
    0x08000e70   0x08000e70   0x00000020   Code   RO         1831    i.HAL_RCC_GetPCLK2Freq  stm32f1xx_hal_rcc.o
    0x08000e90   0x08000e90   0x00000074   Code   RO         1832    i.HAL_RCC_GetSysClockFreq  stm32f1xx_hal_rcc.o
    0x08000f04   0x08000f04   0x00000464   Code   RO         1835    i.HAL_RCC_OscConfig  stm32f1xx_hal_rcc.o
    0x08001368   0x08001368   0x00000052   Code   RO         2685    i.HAL_RTC_GetDate   stm32f1xx_hal_rtc.o
    0x080013ba   0x080013ba   0x00000104   Code   RO         2687    i.HAL_RTC_GetTime   stm32f1xx_hal_rtc.o
    0x080014be   0x080014be   0x00000002   PAD
    0x080014c0   0x080014c0   0x000000c0   Code   RO         2688    i.HAL_RTC_Init      stm32f1xx_hal_rtc.o
    0x08001580   0x08001580   0x00000040   Code   RO          297    i.HAL_RTC_MspInit   stm32f1xx_hal_msp.o
    0x080015c0   0x080015c0   0x000000f8   Code   RO         2694    i.HAL_RTC_SetDate   stm32f1xx_hal_rtc.o
    0x080016b8   0x080016b8   0x000000dc   Code   RO         2695    i.HAL_RTC_SetTime   stm32f1xx_hal_rtc.o
    0x08001794   0x08001794   0x00000040   Code   RO         2696    i.HAL_RTC_WaitForSynchro  stm32f1xx_hal_rtc.o
    0x080017d4   0x080017d4   0x00000034   Code   RO         2144    i.HAL_SYSTICK_Config  stm32f1xx_hal_cortex.o
    0x08001808   0x08001808   0x000000b4   Code   RO         1400    i.HAL_TIMEx_MasterConfigSynchronization  stm32f1xx_hal_tim_ex.o
    0x080018bc   0x080018bc   0x00000066   Code   RO          666    i.HAL_TIM_Base_Init  stm32f1xx_hal_tim.o
    0x08001922   0x08001922   0x00000002   PAD
    0x08001924   0x08001924   0x00000030   Code   RO          299    i.HAL_TIM_Base_MspInit  stm32f1xx_hal_msp.o
    0x08001954   0x08001954   0x0000009c   Code   RO          669    i.HAL_TIM_Base_Start  stm32f1xx_hal_tim.o
    0x080019f0   0x080019f0   0x0000010c   Code   RO          675    i.HAL_TIM_ConfigClockSource  stm32f1xx_hal_tim.o
    0x08001afc   0x08001afc   0x00000004   Code   RO          222    i.HardFault_Handler  stm32f1xx_it.o
    0x08001b00   0x08001b00   0x00000014   Code   RO           15    i.LED1_ON           main.o
    0x08001b14   0x08001b14   0x00000010   Code   RO           16    i.LED1_Toggle       main.o
    0x08001b24   0x08001b24   0x00000010   Code   RO           19    i.LED2_Toggle       main.o
    0x08001b34   0x08001b34   0x00000140   Code   RO           20    i.MX_GPIO_Init      main.o
    0x08001c74   0x08001c74   0x00000078   Code   RO           21    i.MX_RTC_Init       main.o
    0x08001cec   0x08001cec   0x0000006c   Code   RO           22    i.MX_TIM4_Init      main.o
    0x08001d58   0x08001d58   0x00000004   Code   RO          223    i.MemManage_Handler  stm32f1xx_it.o
    0x08001d5c   0x08001d5c   0x00000004   Code   RO          224    i.NMI_Handler       stm32f1xx_it.o
    0x08001d60   0x08001d60   0x00000002   Code   RO          225    i.PendSV_Handler    stm32f1xx_it.o
    0x08001d62   0x08001d62   0x00000002   PAD
    0x08001d64   0x08001d64   0x000000e4   Code   RO          514    i.Print_page_1      display_menu.o
    0x08001e48   0x08001e48   0x00000510   Code   RO          515    i.Print_page_2      display_menu.o
    0x08002358   0x08002358   0x000001bc   Code   RO          516    i.Print_page_2_1    display_menu.o
    0x08002514   0x08002514   0x0000019c   Code   RO          517    i.Print_page_3      display_menu.o
    0x080026b0   0x080026b0   0x00000208   Code   RO          518    i.Print_page_3_1    display_menu.o
    0x080028b8   0x080028b8   0x00000564   Code   RO          519    i.Print_page_4      display_menu.o
    0x08002e1c   0x08002e1c   0x00000134   Code   RO          520    i.Print_page_4_1    display_menu.o
    0x08002f50   0x08002f50   0x00000028   Code   RO         1836    i.RCC_Delay         stm32f1xx_hal_rcc.o
    0x08002f78   0x08002f78   0x00000016   Code   RO         2697    i.RTC_Bcd2ToByte    stm32f1xx_hal_rtc.o
    0x08002f8e   0x08002f8e   0x0000001a   Code   RO         2698    i.RTC_ByteToBcd2    stm32f1xx_hal_rtc.o
    0x08002fa8   0x08002fa8   0x000000b6   Code   RO         2699    i.RTC_DateUpdate    stm32f1xx_hal_rtc.o
    0x0800305e   0x0800305e   0x0000003a   Code   RO         2700    i.RTC_EnterInitMode  stm32f1xx_hal_rtc.o
    0x08003098   0x08003098   0x0000003a   Code   RO         2701    i.RTC_ExitInitMode  stm32f1xx_hal_rtc.o
    0x080030d2   0x080030d2   0x00000032   Code   RO         2702    i.RTC_IsLeapYear    stm32f1xx_hal_rtc.o
    0x08003104   0x08003104   0x00000018   Code   RO         2703    i.RTC_ReadAlarmCounter  stm32f1xx_hal_rtc.o
    0x0800311c   0x0800311c   0x00000034   Code   RO         2704    i.RTC_ReadTimeCounter  stm32f1xx_hal_rtc.o
    0x08003150   0x08003150   0x00000084   Code   RO         2705    i.RTC_WeekDayNum    stm32f1xx_hal_rtc.o
    0x080031d4   0x080031d4   0x0000002e   Code   RO         2706    i.RTC_WriteAlarmCounter  stm32f1xx_hal_rtc.o
    0x08003202   0x08003202   0x0000002e   Code   RO         2707    i.RTC_WriteTimeCounter  stm32f1xx_hal_rtc.o
    0x08003230   0x08003230   0x00000002   Code   RO          226    i.SVC_Handler       stm32f1xx_it.o
    0x08003232   0x08003232   0x00000008   Code   RO          227    i.SysTick_Handler   stm32f1xx_it.o
    0x0800323a   0x0800323a   0x00000086   Code   RO           23    i.SystemClock_Config  main.o
    0x080032c0   0x080032c0   0x00000002   Code   RO         2958    i.SystemInit        system_stm32f1xx.o
    0x080032c2   0x080032c2   0x00000002   PAD
    0x080032c4   0x080032c4   0x000000d8   Code   RO          759    i.TIM_Base_SetConfig  stm32f1xx_hal_tim.o
    0x0800339c   0x0800339c   0x00000016   Code   RO          770    i.TIM_ETR_SetConfig  stm32f1xx_hal_tim.o
    0x080033b2   0x080033b2   0x00000012   Code   RO          771    i.TIM_ITRx_SetConfig  stm32f1xx_hal_tim.o
    0x080033c4   0x080033c4   0x00000026   Code   RO          777    i.TIM_TI1_ConfigInputStage  stm32f1xx_hal_tim.o
    0x080033ea   0x080033ea   0x00000028   Code   RO          779    i.TIM_TI2_ConfigInputStage  stm32f1xx_hal_tim.o
    0x08003412   0x08003412   0x00000004   Code   RO          228    i.UsageFault_Handler  stm32f1xx_it.o
    0x08003416   0x08003416   0x00000012   Code   RO          343    i.WH2004_cmd_clear_display  indicator_20_4.o
    0x08003428   0x08003428   0x0000001a   Code   RO          344    i.WH2004_cmd_entry_mode  indicator_20_4.o
    0x08003442   0x08003442   0x0000001e   Code   RO          345    i.WH2004_cmd_function_set  indicator_20_4.o
    0x08003460   0x08003460   0x0000001e   Code   RO          346    i.WH2004_cmd_on_off  indicator_20_4.o
    0x0800347e   0x0800347e   0x00000018   Code   RO          349    i.WH2004_cmd_set_ddram  indicator_20_4.o
    0x08003496   0x08003496   0x00000002   PAD
    0x08003498   0x08003498   0x0000004c   Code   RO          351    i.WH2004_init       indicator_20_4.o
    0x080034e4   0x080034e4   0x0000010c   Code   RO          352    i.WH2004_print_fl_2_1  indicator_20_4.o
    0x080035f0   0x080035f0   0x00000130   Code   RO          353    i.WH2004_print_fl_2_2  indicator_20_4.o
    0x08003720   0x08003720   0x0000012c   Code   RO          354    i.WH2004_print_fl_3_1  indicator_20_4.o
    0x0800384c   0x0800384c   0x00000040   Code   RO          355    i.WH2004_print_sl_2  indicator_20_4.o
    0x0800388c   0x0800388c   0x00000118   Code   RO          356    i.WH2004_print_sl_5  indicator_20_4.o
    0x080039a4   0x080039a4   0x00000050   Code   RO          357    i.WH2004_set_cursor  indicator_20_4.o
    0x080039f4   0x080039f4   0x00000012   Code   RO          358    i.WH2004_write      indicator_20_4.o
    0x08003a06   0x08003a06   0x00000002   PAD
    0x08003a08   0x08003a08   0x00000060   Code   RO          359    i.WH2004_write_str  indicator_20_4.o
    0x08003a68   0x08003a68   0x00000010   Code   RO         2146    i.__NVIC_GetPriorityGrouping  stm32f1xx_hal_cortex.o
    0x08003a78   0x08003a78   0x00000028   Code   RO         2147    i.__NVIC_SetPriority  stm32f1xx_hal_cortex.o
    0x08003aa0   0x08003aa0   0x00000140   Code   RO           24    i.main              main.o
    0x08003be0   0x08003be0   0x00000044   Code   RO          360    i.send_command      indicator_20_4.o
    0x08003c24   0x08003c24   0x00000044   Code   RO          361    i.send_data         indicator_20_4.o
    0x08003c68   0x08003c68   0x00000034   Code   RO           25    i.usDelay           main.o
    0x08003c9c   0x08003c9c   0x00000062   Code   RO         3001    x$fpl$d2f           fz_ws.l(d2f.o)
    0x08003cfe   0x08003cfe   0x00000002   PAD
    0x08003d00   0x08003d00   0x00000150   Code   RO         3003    x$fpl$dadd          fz_ws.l(daddsub_clz.o)
    0x08003e50   0x08003e50   0x00000018   Code   RO         3052    x$fpl$dcmpinf       fz_ws.l(dcmpi.o)
    0x08003e68   0x08003e68   0x000002b0   Code   RO         3010    x$fpl$ddiv          fz_ws.l(ddiv.o)
    0x08004118   0x08004118   0x0000005e   Code   RO         3013    x$fpl$dfix          fz_ws.l(dfix.o)
    0x08004176   0x08004176   0x00000002   PAD
    0x08004178   0x08004178   0x00000078   Code   RO         3017    x$fpl$dleqf         fz_ws.l(dleqf.o)
    0x080041f0   0x080041f0   0x00000154   Code   RO         3019    x$fpl$dmul          fz_ws.l(dmul.o)
    0x08004344   0x08004344   0x0000009c   Code   RO         3054    x$fpl$dnaninf       fz_ws.l(dnaninf.o)
    0x080043e0   0x080043e0   0x0000000c   Code   RO         3056    x$fpl$dretinf       fz_ws.l(dretinf.o)
    0x080043ec   0x080043ec   0x0000006c   Code   RO         3021    x$fpl$drleqf        fz_ws.l(drleqf.o)
    0x08004458   0x08004458   0x000001d4   Code   RO         3005    x$fpl$dsub          fz_ws.l(daddsub_clz.o)
    0x0800462c   0x0800462c   0x00000056   Code   RO         3023    x$fpl$f2d           fz_ws.l(f2d.o)
    0x08004682   0x08004682   0x00000002   PAD
    0x08004684   0x08004684   0x000000c4   Code   RO         3025    x$fpl$fadd          fz_ws.l(faddsub_clz.o)
    0x08004748   0x08004748   0x00000018   Code   RO         3058    x$fpl$fcmpinf       fz_ws.l(fcmpi.o)
    0x08004760   0x08004760   0x00000184   Code   RO         3032    x$fpl$fdiv          fz_ws.l(fdiv.o)
    0x080048e4   0x080048e4   0x00000036   Code   RO         3035    x$fpl$ffix          fz_ws.l(ffix.o)
    0x0800491a   0x0800491a   0x00000002   PAD
    0x0800491c   0x0800491c   0x00000026   Code   RO         3039    x$fpl$ffltu         fz_ws.l(fflt_clz.o)
    0x08004942   0x08004942   0x00000002   PAD
    0x08004944   0x08004944   0x00000068   Code   RO         3045    x$fpl$fleqf         fz_ws.l(fleqf.o)
    0x080049ac   0x080049ac   0x00000102   Code   RO         3047    x$fpl$fmul          fz_ws.l(fmul.o)
    0x08004aae   0x08004aae   0x0000008c   Code   RO         3060    x$fpl$fnaninf       fz_ws.l(fnaninf.o)
    0x08004b3a   0x08004b3a   0x0000000a   Code   RO         3062    x$fpl$fretinf       fz_ws.l(fretinf.o)
    0x08004b44   0x08004b44   0x00000062   Code   RO         3049    x$fpl$frleqf        fz_ws.l(frleqf.o)
    0x08004ba6   0x08004ba6   0x00000002   PAD
    0x08004ba8   0x08004ba8   0x000000ea   Code   RO         3027    x$fpl$fsub          fz_ws.l(faddsub_clz.o)
    0x08004c92   0x08004c92   0x00000000   Code   RO         3064    x$fpl$usenofp       fz_ws.l(usenofp.o)
    0x08004c92   0x08004c92   0x00000001   Data   RO          480    .constdata          events.o
    0x08004c93   0x08004c93   0x00000001   PAD
    0x08004c94   0x08004c94   0x00000029   Data   RO          578    .constdata          parametrs.o
    0x08004cbd   0x08004cbd   0x00000012   Data   RO         1837    .constdata          stm32f1xx_hal_rcc.o
    0x08004ccf   0x08004ccf   0x00000012   Data   RO         1933    .constdata          stm32f1xx_hal_rcc_ex.o
    0x08004ce1   0x08004ce1   0x00000018   Data   RO         2959    .constdata          system_stm32f1xx.o
    0x08004cf9   0x08004cf9   0x00000003   PAD
    0x08004cfc   0x08004cfc   0x00000070   Data   RO          481    .conststring        events.o
    0x08004d6c   0x08004d6c   0x000000c4   Data   RO          579    .conststring        parametrs.o
    0x08004e30   0x08004e30   0x00000020   Data   RO         3217    Region$$Table       anon$$obj.o


    Execution Region RW_IRAM1 (Exec base: 0x20000000, Load base: 0x08004e50, Size: 0x00000a50, Max: 0x00018000, ABSOLUTE, COMPRESSED[0x000001d4])

    Exec Addr    Load Addr    Size         Type   Attr      Idx    E Section Name        Object

    0x20000000   COMPRESSED   0x0000000c   Data   RW           27    .data               main.o
    0x2000000c   COMPRESSED   0x00000101   Data   RW          363    .data               indicator_20_4.o
    0x2000010d   COMPRESSED   0x00000003   PAD
    0x20000110   COMPRESSED   0x00000021   Data   RW          482    .data               events.o
    0x20000131   COMPRESSED   0x00000003   PAD
    0x20000134   COMPRESSED   0x0000000c   Data   RW          521    .data               display_menu.o
    0x20000140   COMPRESSED   0x00000168   Data   RW          580    .data               parametrs.o
    0x200002a8   COMPRESSED   0x00000008   Data   RW          602    .data               buttons.o
    0x200002b0   COMPRESSED   0x00000009   Data   RW         1673    .data               stm32f1xx_hal.o
    0x200002b9   COMPRESSED   0x00000003   PAD
    0x200002bc   COMPRESSED   0x00000004   Data   RW         2960    .data               system_stm32f1xx.o
    0x200002c0        -       0x0000005c   Zero   RW           26    .bss                main.o
    0x2000031c        -       0x0000000b   Zero   RW          362    .bss                indicator_20_4.o
    0x20000327   COMPRESSED   0x00000001   PAD
    0x20000328        -       0x000000c8   Zero   RW          479    .bss                events.o
    0x200003f0        -       0x00000060   Zero   RW         3091    .bss                c_w.l(libspace.o)
    0x20000450        -       0x00000200   Zero   RW            2    HEAP                startup_stm32f103xg.o
    0x20000650        -       0x00000400   Zero   RW            1    STACK               startup_stm32f103xg.o


==============================================================================

Image component sizes


      Code (inc. data)   RO Data    RW Data    ZI Data      Debug   Object Name

       264         36          0          8          0       1078   buttons.o
      4588        674          0         12          0       7066   display_menu.o
       304         38        113         33        200       1985   events.o
      1750        164          0        257         11      10459   indicator_20_4.o
      1112        106          0         12         92     500556   main.o
         0          0        237        360          0        930   parametrs.o
        64         26        304          0       1536        816   startup_stm32f103xg.o
       192         36          0          9          0       7477   stm32f1xx_hal.o
       272         22          0          0          0      30578   stm32f1xx_hal_cortex.o
       880         40          0          0          0       3972   stm32f1xx_hal_gpio.o
       196         30          0          0          0       2051   stm32f1xx_hal_msp.o
        12          4          0          0          0        519   stm32f1xx_hal_pwr.o
      1720         92         18          0          0       5453   stm32f1xx_hal_rcc.o
       588         38         18          0          0       2409   stm32f1xx_hal_rcc_ex.o
      1762         16          0          0          0      12984   stm32f1xx_hal_rtc.o
       860         76          0          0          0       6294   stm32f1xx_hal_tim.o
       180         30          0          0          0       1360   stm32f1xx_hal_tim_ex.o
        34          0          0          0          0       3962   stm32f1xx_it.o
         2          0         24          4          0       1131   system_stm32f1xx.o

    ----------------------------------------------------------------------
     14792       1428        750        704       1840     601080   Object Totals
         0          0         32          0          0          0   (incl. Generated)
        12          0          4          9          1          0   (incl. Padding)

    ----------------------------------------------------------------------

      Code (inc. data)   RO Data    RW Data    ZI Data      Debug   Library Member Name

        90          0          0          0          0          0   __dczerorl2.o
         8          0          0          0          0         68   __main.o
         0          0          0          0          0          0   __rtentry.o
        12          0          0          0          0          0   __rtentry2.o
         6          0          0          0          0          0   __rtentry4.o
        52          8          0          0          0          0   __scatter.o
        28          0          0          0          0          0   __scatter_zi.o
        18          0          0          0          0         80   exit.o
         6          0          0          0          0        152   heapauxi.o
         0          0          0          0          0          0   indicate_semi.o
         2          0          0          0          0          0   libinit.o
         2          0          0          0          0          0   libinit2.o
         2          0          0          0          0          0   libshutdown.o
         2          0          0          0          0          0   libshutdown2.o
         8          4          0          0         96         68   libspace.o
        78          0          0          0          0         80   rt_memclr_w.o
         2          0          0          0          0          0   rtexit.o
        10          0          0          0          0          0   rtexit2.o
        12          4          0          0          0         68   sys_exit.o
        74          0          0          0          0         80   sys_stackheap_outer.o
         2          0          0          0          0         68   use_no_semi.o
        98          4          0          0          0         92   d2f.o
       804         16          0          0          0        272   daddsub_clz.o
        24          0          0          0          0         68   dcmpi.o
       688        140          0          0          0        208   ddiv.o
        94          4          0          0          0         92   dfix.o
       120          4          0          0          0         92   dleqf.o
       340         12          0          0          0        104   dmul.o
       156          4          0          0          0         92   dnaninf.o
        12          0          0          0          0         68   dretinf.o
       108          0          0          0          0         80   drleqf.o
        86          4          0          0          0         84   f2d.o
       430          8          0          0          0        168   faddsub_clz.o
        24          0          0          0          0         68   fcmpi.o
       388         76          0          0          0         96   fdiv.o
        54          4          0          0          0         84   ffix.o
        38          0          0          0          0         68   fflt_clz.o
       104          4          0          0          0         84   fleqf.o
       258          4          0          0          0         84   fmul.o
       140          4          0          0          0         84   fnaninf.o
        10          0          0          0          0         68   fretinf.o
        98          0          0          0          0         68   frleqf.o
         0          0          0          0          0          0   usenofp.o

    ----------------------------------------------------------------------
      4506        304          0          0         96       2788   Library Totals
        18          0          0          0          0          0   (incl. Padding)

    ----------------------------------------------------------------------

      Code (inc. data)   RO Data    RW Data    ZI Data      Debug   Library Name

       414         16          0          0         96        664   c_w.l
      4074        288          0          0          0       2124   fz_ws.l

    ----------------------------------------------------------------------
      4506        304          0          0         96       2788   Library Totals

    ----------------------------------------------------------------------

==============================================================================


      Code (inc. data)   RO Data    RW Data    ZI Data      Debug   

     19298       1732        750        704       1936     597676   Grand Totals
     19298       1732        750        468       1936     597676   ELF Image Totals (compressed)
     19298       1732        750        468          0          0   ROM Totals

==============================================================================

    Total RO  Size (Code + RO Data)                20048 (  19.58kB)
    Total RW  Size (RW Data + ZI Data)              2640 (   2.58kB)
    Total ROM Size (Code + RO Data + RW Data)      20516 (  20.04kB)

==============================================================================

